******************************************************************************
             TMS320C2000 Linker PC v22.6.1                     
******************************************************************************
>> Linked Fri Jul 19 13:57:29 2024

OUTPUT FILE NAME:   <5_CAN_Transmit_Receive_CPU1_RAM.out>
ENTRY POINT SYMBOL: "_c_int00"  address: 000084d5


MEMORY CONFIGURATION

         name            origin    length      used     unused   attr    fill
----------------------  --------  ---------  --------  --------  ----  --------
PAGE 0:
  BEGIN                 00000000   00000002  00000002  00000000  RWIX
  RAMM0                 00000123   000002dd  00000022  000002bb  RWIX
  RAMLS0                00008000   00000800  000006cf  00000131  RWIX
  RAMLS1                00008800   00000800  00000000  00000800  RWIX
  RAMLS2                00009000   00000800  00000000  00000800  RWIX
  RAMLS3                00009800   00000800  00000000  00000800  RWIX
  RAMLS4                0000a000   00000800  00000000  00000800  RWIX
  RAMD0                 0000b000   00000800  00000800  00000000  RWIX
  RESET                 003fffc0   00000002  00000000  00000002  RWIX

PAGE 1:
  BOOT_RSVD             00000002   00000121  00000000  00000121  RWIX
  RAMM1                 00000400   000003f8  000003f8  00000000  RWIX
  ADCARESULT            00000b00   00000018  00000000  00000018  RWIX
  ADCBRESULT            00000b20   00000018  00000000  00000018  RWIX
  ADCCRESULT            00000b40   00000018  00000000  00000018  RWIX
  ADCDRESULT            00000b60   00000018  00000000  00000018  RWIX
  CPUTIMER0             00000c00   00000008  00000000  00000008  RWIX
  CPUTIMER1             00000c08   00000008  00000000  00000008  RWIX
  CPUTIMER2             00000c10   00000008  00000000  00000008  RWIX
  PIECTRL               00000ce0   0000001a  00000000  0000001a  RWIX
  PIEVECTTABLE          00000d00   00000200  00000000  00000200  RWIX
  DMA                   00001000   00000200  00000000  00000200  RWIX
  CLA1                  00001400   00000080  00000000  00000080  RWIX
  CLB1LOGICCFG          00003000   00000052  00000000  00000052  RWIX
  CLB1LOGICCTRL         00003100   00000040  00000000  00000040  RWIX
  CLB1DATAEXCH          00003200   00000200  00000000  00000200  RWIX
  CLB2LOGICCFG          00003400   00000052  00000000  00000052  RWIX
  CLB2LOGICCTRL         00003500   00000040  00000000  00000040  RWIX
  CLB2DATAEXCH          00003600   00000200  00000000  00000200  RWIX
  CLB3LOGICCFG          00003800   00000052  00000000  00000052  RWIX
  CLB3LOGICCTRL         00003900   00000040  00000000  00000040  RWIX
  CLB3DATAEXCH          00003a00   00000200  00000000  00000200  RWIX
  CLB4LOGICCFG          00003c00   00000052  00000000  00000052  RWIX
  CLB4LOGICCTRL         00003d00   00000040  00000000  00000040  RWIX
  CLB4DATAEXCH          00003e00   00000200  00000000  00000200  RWIX
  EPWM1                 00004000   00000100  00000000  00000100  RWIX
  EPWM2                 00004100   00000100  00000000  00000100  RWIX
  EPWM3                 00004200   00000100  00000000  00000100  RWIX
  EPWM4                 00004300   00000100  00000000  00000100  RWIX
  EPWM5                 00004400   00000100  00000000  00000100  RWIX
  EPWM6                 00004500   00000100  00000000  00000100  RWIX
  EPWM7                 00004600   00000100  00000000  00000100  RWIX
  EPWM8                 00004700   00000100  00000000  00000100  RWIX
  EPWM9                 00004800   00000100  00000000  00000100  RWIX
  EPWM10                00004900   00000100  00000000  00000100  RWIX
  EPWM11                00004a00   00000100  00000000  00000100  RWIX
  EPWM12                00004b00   00000100  00000000  00000100  RWIX
  ECAP1                 00005000   00000020  00000000  00000020  RWIX
  ECAP2                 00005020   00000020  00000000  00000020  RWIX
  ECAP3                 00005040   00000020  00000000  00000020  RWIX
  ECAP4                 00005060   00000020  00000000  00000020  RWIX
  ECAP5                 00005080   00000020  00000000  00000020  RWIX
  ECAP6                 000050a0   00000020  00000000  00000020  RWIX
  EQEP1                 00005100   00000022  00000000  00000022  RWIX
  EQEP2                 00005140   00000022  00000000  00000022  RWIX
  EQEP3                 00005180   00000022  00000000  00000022  RWIX
  DACA                  00005c00   00000008  00000000  00000008  RWIX
  DACB                  00005c10   00000008  00000000  00000008  RWIX
  DACC                  00005c20   00000008  00000000  00000008  RWIX
  CMPSS1                00005c80   00000020  00000000  00000020  RWIX
  CMPSS2                00005ca0   00000020  00000000  00000020  RWIX
  CMPSS3                00005cc0   00000020  00000000  00000020  RWIX
  CMPSS4                00005ce0   00000020  00000000  00000020  RWIX
  CMPSS5                00005d00   00000020  00000000  00000020  RWIX
  CMPSS6                00005d20   00000020  00000000  00000020  RWIX
  CMPSS7                00005d40   00000020  00000000  00000020  RWIX
  CMPSS8                00005d60   00000020  00000000  00000020  RWIX
  SDFM1                 00005e00   00000080  00000000  00000080  RWIX
  SDFM2                 00005e80   00000080  00000000  00000080  RWIX
  MCBSPA                00006000   00000024  00000000  00000024  RWIX
  MCBSPB                00006040   00000024  00000000  00000024  RWIX
  SPIA                  00006100   00000010  00000000  00000010  RWIX
  SPIB                  00006110   00000010  00000000  00000010  RWIX
  SPIC                  00006120   00000010  00000000  00000010  RWIX
  UPP                   00006200   00000048  00000000  00000048  RWIX
  WD                    00007000   0000002b  00000000  0000002b  RWIX
  NMIINTRUPT            00007060   00000007  00000000  00000007  RWIX
  XINT                  00007070   0000000b  00000000  0000000b  RWIX
  SCIA                  00007200   00000010  00000000  00000010  RWIX
  SCIB                  00007210   00000010  00000000  00000010  RWIX
  SCIC                  00007220   00000010  00000000  00000010  RWIX
  SCID                  00007230   00000010  00000000  00000010  RWIX
  I2CA                  00007300   00000022  00000000  00000022  RWIX
  I2CB                  00007340   00000022  00000000  00000022  RWIX
  ADCA                  00007400   00000080  00000000  00000080  RWIX
  ADCB                  00007480   00000080  00000000  00000080  RWIX
  ADCC                  00007500   00000080  00000000  00000080  RWIX
  ADCD                  00007580   00000080  00000000  00000080  RWIX
  INPUTXBAR             00007900   00000020  00000000  00000020  RWIX
  XBAR                  00007920   00000020  00000000  00000020  RWIX
  SYNCSOC               00007940   00000006  00000000  00000006  RWIX
  DMACLASRCSEL          00007980   0000001a  00000000  0000001a  RWIX
  EPWMXBAR              00007a00   00000040  00000000  00000040  RWIX
  CLBXBAR               00007a40   00000040  00000000  00000040  RWIX
  OUTPUTXBAR            00007a80   00000040  00000000  00000040  RWIX
  GPIOCTRL              00007c00   00000180  00000180  00000000  RWIX
  GPIODATA              00007f00   00000030  00000030  00000000  RWIX
  RAMLS5                0000a800   00000800  00000399  00000467  RWIX
  RAMD1                 0000b800   00000800  00000000  00000800  RWIX
  RAMGS0                0000c000   00001000  00000000  00001000  RWIX
  RAMGS1                0000d000   00001000  00000000  00001000  RWIX
  RAMGS2                0000e000   00001000  00000000  00001000  RWIX
  RAMGS3                0000f000   00001000  00000000  00001000  RWIX
  RAMGS4                00010000   00001000  00000000  00001000  RWIX
  RAMGS5                00011000   00001000  00000000  00001000  RWIX
  RAMGS6                00012000   00001000  00000000  00001000  RWIX
  RAMGS7                00013000   00001000  00000000  00001000  RWIX
  RAMGS8                00014000   00001000  00000000  00001000  RWIX
  RAMGS9                00015000   00001000  00000000  00001000  RWIX
  RAMGS10               00016000   00001000  00000024  00000fdc  RWIX
  RAMGS11               00017000   00000ff8  00000000  00000ff8  RWIX
  RAMGS12               00018000   00001000  00000000  00001000  RWIX
  RAMGS13               00019000   00001000  00000000  00001000  RWIX
  RAMGS14               0001a000   00001000  00000000  00001000  RWIX
  RAMGS15               0001b000   00000ff8  00000000  00000ff8  RWIX
  CPU2TOCPU1RAM         0003f800   00000400  00000000  00000400  RWIX
  CPU1TOCPU2RAM         0003fc00   00000400  00000000  00000400  RWIX
  EMIF1                 00047000   00000070  00000000  00000070  RWIX
  EMIF2                 00047800   00000070  00000000  00000070  RWIX
  CANA                  00048000   00000200  00000000  00000200  RWIX
  CANA_MSG_RAM          00049000   00000800  00000000  00000800  RWIX
  CANB                  0004a000   00000200  00000000  00000200  RWIX
  CANB_MSG_RAM          0004b000   00000800  00000000  00000800  RWIX
  IPC                   00050000   00000024  00000000  00000024  RWIX
  FLASHPUMPSEMAPHORE    00050024   00000002  00000000  00000002  RWIX
  DEVCFG                0005d000   0000012e  00000000  0000012e  RWIX
  ANALOGSUBSYS          0005d180   00000048  00000000  00000048  RWIX
  CLKCFG                0005d200   00000032  00000000  00000032  RWIX
  CPUSYS                0005d300   00000082  00000000  00000082  RWIX
  ROMPREFETCH           0005e608   00000002  00000000  00000002  RWIX
  DCSMZ1                0005f000   00000024  00000000  00000024  RWIX
  DCSMZ2                0005f040   00000024  00000000  00000024  RWIX
  DCSMCOMMON            0005f070   00000008  00000000  00000008  RWIX
  MEMCFG                0005f400   00000080  00000000  00000080  RWIX
  EMIF1CONFIG           0005f480   00000020  00000000  00000020  RWIX
  EMIF2CONFIG           0005f4a0   00000020  00000000  00000020  RWIX
  ACCESSPROTECTION      0005f4c0   00000040  00000000  00000040  RWIX
  MEMORYERROR           0005f500   00000040  00000000  00000040  RWIX
  ROMWAITSTATE          0005f540   00000002  00000000  00000002  RWIX
  FLASH0CTRL            0005f800   00000182  00000000  00000182  RWIX
  FLASH0ECC             0005fb00   00000028  00000000  00000028  RWIX
  UID                   000703c0   00000010  00000000  00000010  RWIX


SECTION ALLOCATION MAP

 output                                  attributes/
section   page    origin      length       input sections
--------  ----  ----------  ----------   ----------------
codestart 
*          0    00000000    00000002     
                  00000000    00000002     F2837xD_CodeStartBranch.obj (codestart)

.cinit     0    00000128    0000001e     
                  00000128    0000000c     (.cinit..data.load) [load image, compression = lzss]
                  00000134    00000006     (__TI_handler_table)
                  0000013a    00000004     (.cinit..bss.load) [load image, compression = zero_init]
                  0000013e    00000008     (__TI_cinit_table)

.reset     0    003fffc0    00000000     DSECT

.stack     1    00000400    000003f8     UNINITIALIZED
                  00000400    000003f8     --HOLE--

.bss       1    0001601a    0000000a     UNINITIALIZED
                  0001601a    00000008     5_CAN_Transmit_Receive.obj (.bss:txMsgData)
                  00016022    00000002     5_CAN_Transmit_Receive.obj (.bss)

.init_array 
*          0    00000123    00000000     UNINITIALIZED

.const     1    0000a800    00000399     
                  0000a800    000001c0     F2837xD_PieVect_Modified.obj (.const:PieVectTableInit)
                  0000a9c0    000000c2     driverlib_eabi.lib : sysctl.obj (.const:.string)
                  0000aa82    000000bb                        : can.obj (.const:.string)
                  0000ab3d    00000001     --HOLE-- [fill = 0]
                  0000ab3e    00000048     5_CAN_Transmit_Receive.obj (.const:.string)
                  0000ab86    00000013     device.obj (.const:.string)

.data      1    00016000    0000001a     UNINITIALIZED
                  00016000    0000000a     5_CAN_Transmit_Receive.obj (.data)
                  0001600a    00000006     device.obj (.data)
                  00016010    00000006     rts2800_fpu32_eabi.lib : exit.c.obj (.data)
                  00016016    00000002                            : _lock.c.obj (.data:_lock)
                  00016018    00000002                            : _lock.c.obj (.data:_unlock)

.TI.ramfunc 
*          0    00000123    00000004     
                  00000123    00000004     driverlib_eabi.lib : sysctl.obj (.TI.ramfunc)

GETBUFFER 
*          0    0003f800    00000000     DSECT

GETWRITEIDX 
*          0    0003f800    00000000     DSECT

PUTREADIDX 
*          0    0003f800    00000000     DSECT

GpioCtrlRegsFile 
*          1    00007c00    00000180     UNINITIALIZED
                  00007c00    00000180     F2837xD_GlobalVariableDefs.obj (GpioCtrlRegsFile)

GpioDataRegsFile 
*          1    00007f00    00000030     UNINITIALIZED
                  00007f00    00000030     F2837xD_GlobalVariableDefs.obj (GpioDataRegsFile)

.text.1    0    00008000    000006cf     
                  00008000    00000061     driverlib_eabi.lib : can.obj (.text:CAN_setBitRate)
                  00008061    00000056     5_CAN_Transmit_Receive.obj (.text:InitLedGpioPorts)
                  000080b7    00000048     driverlib_eabi.lib : sysctl.obj (.text:SysCtl_selectOscSource)
                  000080ff    00000046                        : can.obj (.text:CAN_clearInterruptStatus)
                  00008145    00000042     device.obj (.text:Device_init)
                  00008187    0000003d     driverlib_eabi.lib : interrupt.obj (.text:Interrupt_initModule)
                  000081c4    00000037                        : gpio.obj (.text:GPIO_setPinConfig)
                  000081fb    00000037                        : interrupt.obj (.text:Interrupt_enable)
                  00008232    00000031     device.obj (.text:Device_configureTMXAnalogTrim)
                  00008263    00000030     rts2800_fpu32_eabi.lib : copy_decompress_lzss.c.obj (.text:decompress:lzss)
                  00008293    0000002b                            : autoinit.c.obj (.text:__TI_auto_init_nobinit_nopinit)
                  000082be    00000029                            : exit.c.obj (.text)
                  000082e7    00000028     driverlib_eabi.lib : sysctl.obj (.text:CPUTimer_selectClockSource)
                  0000830f    00000022     5_CAN_Transmit_Receive.obj (.text:CAN_enableInterrupt)
                  00008331    00000022     driverlib_eabi.lib : can.obj (.text:CAN_writeDataReg)
                  00008353    00000021     device.obj (.text:Device_initGPIO)
                  00008374    0000001f     driverlib_eabi.lib : sysctl.obj (.text:CPUTimer_getTimerOverflowStatus)
                  00008393    0000001e                        : interrupt.obj (.text:Interrupt_initVectorTable)
                  000083b1    0000001d     5_CAN_Transmit_Receive.obj (.text:CAN_clearGlobalInterruptStatus)
                  000083ce    0000001d     5_CAN_Transmit_Receive.obj (.text:CAN_enableGlobalInterrupt)
                  000083eb    0000001d     device.obj (.text:Device_enableUnbondedGPIOPullupsFor100Pin)
                  00008408    0000001d     rts2800_fpu32_eabi.lib : memcpy.c.obj (.text)
                  00008425    0000001c     driverlib_eabi.lib : can.obj (.text:CAN_initModule)
                  00008441    0000001a                        : can.obj (.text:CAN_initRAM)
                  0000845b    0000001a                        : sysctl.obj (.text:CPUTimer_startTimer)
                  00008475    0000001a                        : sysctl.obj (.text:SysCtl_getLowSpeedClock)
                  0000848f    00000018     device.obj (.text:SysCtl_disablePeripheral)
                  000084a7    00000017     driverlib_eabi.lib : sysctl.obj (.text:CPUTimer_isBaseValid)
                  000084be    00000017     device.obj (.text:SysCtl_enablePeripheral)
                  000084d5    00000017     rts2800_fpu32_eabi.lib : boot28.asm.obj (.text)
                  000084ec    00000016     device.obj (.text:Device_enableUnbondedGPIOPullups)
                  00008502    00000016     driverlib_eabi.lib : interrupt.obj (.text:Interrupt_defaultHandler)
                  00008518    00000015     5_CAN_Transmit_Receive.obj (.text:CAN_isBaseValid)
                  0000852d    00000015     driverlib_eabi.lib : can.obj (.text:CAN_isBaseValid)
                  00008542    00000015     device.obj (.text:GPIO_unlockPortConfig)
                  00008557    00000014     driverlib_eabi.lib : sysctl.obj (.text:CPUTimer_stopTimer)
                  0000856b    00000014     device.obj (.text:SysCtl_deviceCal)
                  0000857f    00000013     device.obj (.text:Device_enableUnbondedGPIOPullupsFor176Pin)
                  00008592    00000012     5_CAN_Transmit_Receive.obj (.text:CAN_getInterruptCause)
                  000085a4    00000012     driverlib_eabi.lib : sysctl.obj (.text:CPUTimer_clearOverflowFlag)
                  000085b6    00000012                        : sysctl.obj (.text:CPUTimer_disableInterrupt)
                  000085c8    00000011     5_CAN_Transmit_Receive.obj (.text:CAN_startModule)
                  000085d9    00000011     driverlib_eabi.lib : sysctl.obj (.text:CPUTimer_setPeriod)
                  000085ea    00000010     5_CAN_Transmit_Receive.obj (.text:CAN_getStatus)
                  000085fa    00000010     5_CAN_Transmit_Receive.obj (.text:Interrupt_register)
                  0000860a    0000000f     driverlib_eabi.lib : sysctl.obj (.text:SysCtl_pollCpuTimer)
                  00008619    0000000d                        : interrupt.obj (.text:Interrupt_disableGlobal)
                  00008626    0000000d                        : interrupt.obj (.text:Interrupt_enableGlobal)
                  00008633    0000000d     device.obj (.text:SysCtl_setLowSpeedClock)
                  00008640    0000000d     rts2800_fpu32_eabi.lib : copy_zero_init.c.obj (.text:decompress:ZI:__TI_zero_init_nomemset)
                  0000864d    0000000c                            : args_main.c.obj (.text)
                  00008659    0000000b     device.obj (.text:SysCtl_disableWatchdog)
                  00008664    0000000b     driverlib_eabi.lib : sysctl.obj (.text:SysCtl_isMCDClockFailureDetected)
                  0000866f    0000000a                        : interrupt.obj (.text:Interrupt_illegalOperationHandler)
                  00008679    0000000a                        : interrupt.obj (.text:Interrupt_nmiHandler)
                  00008683    0000000a     F2837xD_DefaultISR_Modified.obj (.text:NOTUSED_ISR)
                  0000868d    0000000a     F2837xD_DefaultISR_Modified.obj (.text:PIE_RESERVED_ISR)
                  00008697    00000009     driverlib_eabi.lib : sysctl.obj (.text:SysCtl_serviceWatchdog)
                  000086a0    00000009     rts2800_fpu32_eabi.lib : _lock.c.obj (.text)
                  000086a9    00000008     F2837xD_CodeStartBranch.obj (.text)
                  000086b1    00000008     rts2800_fpu32_eabi.lib : copy_decompress_none.c.obj (.text:decompress:none)
                  000086b9    00000007     driverlib_eabi.lib : sysctl.obj (.text:SysCtl_resetMCD)
                  000086c0    00000007     device.obj (.text:__error__)
                  000086c7    00000006     5_CAN_Transmit_Receive.obj (.text:Interrupt_clearACKGroup)
                  000086cd    00000002     rts2800_fpu32_eabi.lib : pre_init.c.obj (.text)

.text.2    0    0000b000    00000800     
                  0000b000    00000209     driverlib_eabi.lib : sysctl.obj (.text:SysCtl_setClock)
                  0000b209    00000106     5_CAN_Transmit_Receive.obj (.text:main)
                  0000b30f    000000eb     device.obj (.text:Device_enableAllPeripherals)
                  0000b3fa    000000db     driverlib_eabi.lib : can.obj (.text:CAN_setupMessageObject)
                  0000b4d5    00000090                        : sysctl.obj (.text:SysCtl_selectXTAL)
                  0000b565    00000088     rts2800_fpu32_eabi.lib : fs_div28.asm.obj (.text)
                  0000b5ed    00000083     5_CAN_Transmit_Receive.obj (.text:CanaISR)
                  0000b670    00000072     driverlib_eabi.lib : can.obj (.text:CAN_sendMessage)
                  0000b6e2    00000068                        : sysctl.obj (.text:SysCtl_getDeviceParametric)
                  0000b74a    00000064                        : can.obj (.text:CAN_setBitTiming)
                  0000b7ae    00000051                        : sysctl.obj (.text:SysCtl_getClock)
                  0000b7ff    00000001     rts2800_fpu32_eabi.lib : startup.c.obj (.text)

MODULE SUMMARY

       Module                            code   ro data   rw data
       ------                            ----   -------   -------
    .\
       5_CAN_Transmit_Receive.obj        665    72        20     
       F2837xD_PieVect_Modified.obj      0      448       0      
       F2837xD_GlobalVariableDefs.obj    0      0         432    
       F2837xD_DefaultISR_Modified.obj   20     0         0      
       F2837xD_CodeStartBranch.obj       10     0         0      
    +--+---------------------------------+------+---------+---------+
       Total:                            695    520       452    
                                                                 
    .\device\
       device.obj                        572    19        6      
    +--+---------------------------------+------+---------+---------+
       Total:                            572    19        6      
                                                                 
    ..\driverlib_eabi.lib
       sysctl.obj                        1187   194       0      
       can.obj                           709    187       0      
       interrupt.obj                     214    0         0      
       gpio.obj                          55     0         0      
    +--+---------------------------------+------+---------+---------+
       Total:                            2165   381       0      
                                                                 
    C:\ti\ccs1270\ccs\tools\compiler\ti-cgt-c2000_22.6.1.LTS\lib\rts2800_fpu32_eabi.lib
       fs_div28.asm.obj                  136    0         0      
       copy_decompress_lzss.c.obj        48     0         0      
       exit.c.obj                        41     0         6      
       autoinit.c.obj                    43     0         0      
       memcpy.c.obj                      29     0         0      
       boot28.asm.obj                    23     0         0      
       _lock.c.obj                       9      0         4      
       copy_zero_init.c.obj              13     0         0      
       args_main.c.obj                   12     0         0      
       copy_decompress_none.c.obj        8      0         0      
       pre_init.c.obj                    2      0         0      
       startup.c.obj                     1      0         0      
    +--+---------------------------------+------+---------+---------+
       Total:                            365    0         10     
                                                                 
       Stack:                            0      0         1016   
       Linker Generated:                 0      30        0      
    +--+---------------------------------+------+---------+---------+
       Grand Total:                      3797   950       1484   


LINKER GENERATED COPY TABLES

__TI_cinit_table @ 0000013e records: 2, size/record: 4, table size: 8
	.data: load addr=00000128, load size=0000000c bytes, run addr=00016000, run size=0000001a bytes, compression=lzss
	.bss: load addr=0000013a, load size=00000004 bytes, run addr=0001601a, run size=0000000a bytes, compression=zero_init


LINKER GENERATED HANDLER TABLE

__TI_handler_table @ 00000134 records: 3, size/record: 2, table size: 6
	index: 0, handler: __TI_zero_init
	index: 1, handler: __TI_decompress_lzss
	index: 2, handler: __TI_decompress_none


GLOBAL DATA SYMBOLS: SORTED BY DATA PAGE

address     data page           name
--------    ----------------    ----
00000400      10 (00000400)     __stack

00007c00     1f0 (00007c00)     GpioCtrlRegs

00007f00     1fc (00007f00)     GpioDataRegs

0000a800     2a0 (0000a800)     PieVectTableInit

00016000     580 (00016000)     txMsgCount
00016002     580 (00016000)     txMsgSuccessful
00016004     580 (00016000)     errorFlag
00016006     580 (00016000)     errorCounter
00016008     580 (00016000)     LedIndicator
0001600a     580 (00016000)     Example_Result
0001600c     580 (00016000)     Example_PassCount
0001600e     580 (00016000)     Example_Fail
00016010     580 (00016000)     __TI_enable_exit_profile_output
00016012     580 (00016000)     __TI_cleanup_ptr
00016014     580 (00016000)     __TI_dtors_ptr
00016016     580 (00016000)     _lock
00016018     580 (00016000)     _unlock
0001601a     580 (00016000)     txMsgData
00016022     580 (00016000)     i


GLOBAL SYMBOLS: SORTED ALPHABETICALLY BY Name 

page  address   name                                     
----  -------   ----                                     
0     000082be  C$$EXIT                                  
0     000080ff  CAN_clearInterruptStatus                 
0     00008425  CAN_initModule                           
0     0000b670  CAN_sendMessage                          
0     00008000  CAN_setBitRate                           
0     0000b74a  CAN_setBitTiming                         
0     0000b3fa  CAN_setupMessageObject                   
0     0000b5ed  CanaISR                                  
0     00008232  Device_configureTMXAnalogTrim            
0     0000b30f  Device_enableAllPeripherals              
0     000084ec  Device_enableUnbondedGPIOPullups         
0     000083eb  Device_enableUnbondedGPIOPullupsFor100Pin
0     0000857f  Device_enableUnbondedGPIOPullupsFor176Pin
0     00008145  Device_init                              
0     00008353  Device_initGPIO                          
1     0001600e  Example_Fail                             
1     0001600c  Example_PassCount                        
1     0001600a  Example_Result                           
0     000081c4  GPIO_setPinConfig                        
1     00007c00  GpioCtrlRegs                             
1     00007f00  GpioDataRegs                             
0     00008061  InitLedGpioPorts                         
0     00008502  Interrupt_defaultHandler                 
0     000081fb  Interrupt_enable                         
0     0000866f  Interrupt_illegalOperationHandler        
0     00008187  Interrupt_initModule                     
0     00008393  Interrupt_initVectorTable                
0     00008679  Interrupt_nmiHandler                     
1     00016008  LedIndicator                             
0     00008683  NOTUSED_ISR                              
0     0000868d  PIE_RESERVED_ISR                         
1     0000a800  PieVectTableInit                         
0     00000123  SysCtl_delay                             
0     0000b7ae  SysCtl_getClock                          
0     0000b6e2  SysCtl_getDeviceParametric               
0     00008475  SysCtl_getLowSpeedClock                  
0     000080b7  SysCtl_selectOscSource                   
0     0000b4d5  SysCtl_selectXTAL                        
0     0000b000  SysCtl_setClock                          
0     0000013e  __TI_CINIT_Base                          
0     00000146  __TI_CINIT_Limit                         
0     00000146  __TI_CINIT_Warm                          
0     00000134  __TI_Handler_Table_Base                  
0     0000013a  __TI_Handler_Table_Limit                 
1     000007f8  __TI_STACK_END                           
abs   000003f8  __TI_STACK_SIZE                          
0     00008293  __TI_auto_init_nobinit_nopinit           
1     00016012  __TI_cleanup_ptr                         
0     00008263  __TI_decompress_lzss                     
0     000086b1  __TI_decompress_none                     
1     00016014  __TI_dtors_ptr                           
1     00016010  __TI_enable_exit_profile_output          
abs   ffffffff  __TI_pprof_out_hndl                      
abs   ffffffff  __TI_prof_data_size                      
abs   ffffffff  __TI_prof_data_start                     
0     00008640  __TI_zero_init_nomemset                  
0     0000b565  __c28xabi_divf                           
n/a   UNDEFED   __c_args__                               
0     000086c0  __error__                                
1     00000400  __stack                                  
0     0000864d  _args_main                               
0     000084d5  _c_int00                                 
1     00016016  _lock                                    
0     000086a8  _nop                                     
0     000086a4  _register_lock                           
0     000086a0  _register_unlock                         
0     0000b7ff  _system_post_cinit                       
0     000086cd  _system_pre_init                         
1     00016018  _unlock                                  
0     000082be  abort                                    
0     00000000  code_start                               
1     00016006  errorCounter                             
1     00016004  errorFlag                                
0     000082c0  exit                                     
1     00016022  i                                        
0     0000b209  main                                     
0     00008408  memcpy                                   
1     00016000  txMsgCount                               
1     0001601a  txMsgData                                
1     00016002  txMsgSuccessful                          


GLOBAL SYMBOLS: SORTED BY Symbol Address 

page  address   name                                     
----  -------   ----                                     
0     00000000  code_start                               
0     00000123  SysCtl_delay                             
0     00000134  __TI_Handler_Table_Base                  
0     0000013a  __TI_Handler_Table_Limit                 
0     0000013e  __TI_CINIT_Base                          
0     00000146  __TI_CINIT_Limit                         
0     00000146  __TI_CINIT_Warm                          
0     00008000  CAN_setBitRate                           
0     00008061  InitLedGpioPorts                         
0     000080b7  SysCtl_selectOscSource                   
0     000080ff  CAN_clearInterruptStatus                 
0     00008145  Device_init                              
0     00008187  Interrupt_initModule                     
0     000081c4  GPIO_setPinConfig                        
0     000081fb  Interrupt_enable                         
0     00008232  Device_configureTMXAnalogTrim            
0     00008263  __TI_decompress_lzss                     
0     00008293  __TI_auto_init_nobinit_nopinit           
0     000082be  C$$EXIT                                  
0     000082be  abort                                    
0     000082c0  exit                                     
0     00008353  Device_initGPIO                          
0     00008393  Interrupt_initVectorTable                
0     000083eb  Device_enableUnbondedGPIOPullupsFor100Pin
0     00008408  memcpy                                   
0     00008425  CAN_initModule                           
0     00008475  SysCtl_getLowSpeedClock                  
0     000084d5  _c_int00                                 
0     000084ec  Device_enableUnbondedGPIOPullups         
0     00008502  Interrupt_defaultHandler                 
0     0000857f  Device_enableUnbondedGPIOPullupsFor176Pin
0     00008640  __TI_zero_init_nomemset                  
0     0000864d  _args_main                               
0     0000866f  Interrupt_illegalOperationHandler        
0     00008679  Interrupt_nmiHandler                     
0     00008683  NOTUSED_ISR                              
0     0000868d  PIE_RESERVED_ISR                         
0     000086a0  _register_unlock                         
0     000086a4  _register_lock                           
0     000086a8  _nop                                     
0     000086b1  __TI_decompress_none                     
0     000086c0  __error__                                
0     000086cd  _system_pre_init                         
0     0000b000  SysCtl_setClock                          
0     0000b209  main                                     
0     0000b30f  Device_enableAllPeripherals              
0     0000b3fa  CAN_setupMessageObject                   
0     0000b4d5  SysCtl_selectXTAL                        
0     0000b565  __c28xabi_divf                           
0     0000b5ed  CanaISR                                  
0     0000b670  CAN_sendMessage                          
0     0000b6e2  SysCtl_getDeviceParametric               
0     0000b74a  CAN_setBitTiming                         
0     0000b7ae  SysCtl_getClock                          
0     0000b7ff  _system_post_cinit                       
1     00000400  __stack                                  
1     000007f8  __TI_STACK_END                           
1     00007c00  GpioCtrlRegs                             
1     00007f00  GpioDataRegs                             
1     0000a800  PieVectTableInit                         
1     00016000  txMsgCount                               
1     00016002  txMsgSuccessful                          
1     00016004  errorFlag                                
1     00016006  errorCounter                             
1     00016008  LedIndicator                             
1     0001600a  Example_Result                           
1     0001600c  Example_PassCount                        
1     0001600e  Example_Fail                             
1     00016010  __TI_enable_exit_profile_output          
1     00016012  __TI_cleanup_ptr                         
1     00016014  __TI_dtors_ptr                           
1     00016016  _lock                                    
1     00016018  _unlock                                  
1     0001601a  txMsgData                                
1     00016022  i                                        
abs   000003f8  __TI_STACK_SIZE                          
abs   ffffffff  __TI_pprof_out_hndl                      
abs   ffffffff  __TI_prof_data_size                      
abs   ffffffff  __TI_prof_data_start                     
n/a   UNDEFED   __c_args__                               

[80 symbols]
