<?xml version="1.0" encoding="ISO-8859-1" ?>
<link_info>
   <banner>TMS320C2000 Linker PC v22.6.1.LTS</banner>
   <copyright>Copyright (c) 1996-2018 Texas Instruments Incorporated</copyright>
   <link_time>0x6699f3e9</link_time>
   <link_errors>0x0</link_errors>
   <output_file>5_CAN_Transmit_Receive_CPU1_FLASH_SECTIONCOPY.out</output_file>
   <entry_point>
      <name>_c_int00</name>
      <address>0xa0129</address>
   </entry_point>
   <input_file_list>
      <input_file id="fl-2">
         <path>.\</path>
         <kind>object</kind>
         <file>5_CAN_Transmit_Receive.obj</file>
         <name>5_CAN_Transmit_Receive.obj</name>
      </input_file>
      <input_file id="fl-3">
         <path>.\</path>
         <kind>object</kind>
         <file>DSP28xxx_CodeStartBranch(Beta).obj</file>
         <name>DSP28xxx_CodeStartBranch(Beta).obj</name>
      </input_file>
      <input_file id="fl-4">
         <path>.\</path>
         <kind>object</kind>
         <file>DSP28xxx_SectionCopy_nonBIOS(Beta).obj</file>
         <name>DSP28xxx_SectionCopy_nonBIOS(Beta).obj</name>
      </input_file>
      <input_file id="fl-5">
         <path>.\</path>
         <kind>object</kind>
         <file>F2837xD_DefaultISR_Modified.obj</file>
         <name>F2837xD_DefaultISR_Modified.obj</name>
      </input_file>
      <input_file id="fl-6">
         <path>.\</path>
         <kind>object</kind>
         <file>F2837xD_GlobalVariableDefs.obj</file>
         <name>F2837xD_GlobalVariableDefs.obj</name>
      </input_file>
      <input_file id="fl-7">
         <path>.\</path>
         <kind>object</kind>
         <file>F2837xD_Gpio.obj</file>
         <name>F2837xD_Gpio.obj</name>
      </input_file>
      <input_file id="fl-8">
         <path>.\</path>
         <kind>object</kind>
         <file>F2837xD_PieCtrl.obj</file>
         <name>F2837xD_PieCtrl.obj</name>
      </input_file>
      <input_file id="fl-9">
         <path>.\</path>
         <kind>object</kind>
         <file>F2837xD_PieVect_Modified.obj</file>
         <name>F2837xD_PieVect_Modified.obj</name>
      </input_file>
      <input_file id="fl-a">
         <path>.\</path>
         <kind>object</kind>
         <file>F2837xD_SysCtrl.obj</file>
         <name>F2837xD_SysCtrl.obj</name>
      </input_file>
      <input_file id="fl-b">
         <path>.\</path>
         <kind>object</kind>
         <file>F2837xD_usDelay.obj</file>
         <name>F2837xD_usDelay.obj</name>
      </input_file>
      <input_file id="fl-c">
         <path>.\device\</path>
         <kind>object</kind>
         <file>device.obj</file>
         <name>device.obj</name>
      </input_file>
      <input_file id="fl-14">
         <kind>object</kind>
         <file>&lt;internal&gt;</file>
         <name>&lt;internal&gt;</name>
      </input_file>
      <input_file id="fl-15">
         <path>C:\ti\ccs1270\ccs\tools\compiler\ti-cgt-c2000_22.6.1.LTS\lib\</path>
         <kind>archive</kind>
         <file>rts2800_fpu32_eabi.lib</file>
         <name>boot28.asm.obj</name>
      </input_file>
      <input_file id="fl-16">
         <path>C:\ti\ccs1270\ccs\tools\compiler\ti-cgt-c2000_22.6.1.LTS\lib\</path>
         <kind>archive</kind>
         <file>rts2800_fpu32_eabi.lib</file>
         <name>pre_init.c.obj</name>
      </input_file>
      <input_file id="fl-17">
         <path>C:\ti\ccs1270\ccs\tools\compiler\ti-cgt-c2000_22.6.1.LTS\lib\</path>
         <kind>archive</kind>
         <file>rts2800_fpu32_eabi.lib</file>
         <name>autoinit.c.obj</name>
      </input_file>
      <input_file id="fl-18">
         <path>C:\ti\ccs1270\ccs\tools\compiler\ti-cgt-c2000_22.6.1.LTS\lib\</path>
         <kind>archive</kind>
         <file>rts2800_fpu32_eabi.lib</file>
         <name>copy_zero_init.c.obj</name>
      </input_file>
      <input_file id="fl-19">
         <path>C:\ti\ccs1270\ccs\tools\compiler\ti-cgt-c2000_22.6.1.LTS\lib\</path>
         <kind>archive</kind>
         <file>rts2800_fpu32_eabi.lib</file>
         <name>copy_decompress_none.c.obj</name>
      </input_file>
      <input_file id="fl-1a">
         <path>C:\ti\ccs1270\ccs\tools\compiler\ti-cgt-c2000_22.6.1.LTS\lib\</path>
         <kind>archive</kind>
         <file>rts2800_fpu32_eabi.lib</file>
         <name>copy_decompress_lzss.c.obj</name>
      </input_file>
      <input_file id="fl-1b">
         <path>C:\ti\ccs1270\ccs\tools\compiler\ti-cgt-c2000_22.6.1.LTS\lib\</path>
         <kind>archive</kind>
         <file>rts2800_fpu32_eabi.lib</file>
         <name>exit.c.obj</name>
      </input_file>
      <input_file id="fl-1c">
         <path>C:\ti\ccs1270\ccs\tools\compiler\ti-cgt-c2000_22.6.1.LTS\lib\</path>
         <kind>archive</kind>
         <file>rts2800_fpu32_eabi.lib</file>
         <name>_lock.c.obj</name>
      </input_file>
      <input_file id="fl-1d">
         <path>C:\ti\ccs1270\ccs\tools\compiler\ti-cgt-c2000_22.6.1.LTS\lib\</path>
         <kind>archive</kind>
         <file>rts2800_fpu32_eabi.lib</file>
         <name>args_main.c.obj</name>
      </input_file>
      <input_file id="fl-1e">
         <path>C:\ti\ccs1270\ccs\tools\compiler\ti-cgt-c2000_22.6.1.LTS\lib\</path>
         <kind>archive</kind>
         <file>rts2800_fpu32_eabi.lib</file>
         <name>memset.c.obj</name>
      </input_file>
      <input_file id="fl-1f">
         <path>C:\ti\ccs1270\ccs\tools\compiler\ti-cgt-c2000_22.6.1.LTS\lib\</path>
         <kind>archive</kind>
         <file>rts2800_fpu32_eabi.lib</file>
         <name>cpy_tbl.c.obj</name>
      </input_file>
      <input_file id="fl-20">
         <path>C:\ti\ccs1270\ccs\tools\compiler\ti-cgt-c2000_22.6.1.LTS\lib\</path>
         <kind>archive</kind>
         <file>rts2800_fpu32_eabi.lib</file>
         <name>memcpy.c.obj</name>
      </input_file>
      <input_file id="fl-21">
         <path>C:\ti\ccs1270\ccs\tools\compiler\ti-cgt-c2000_22.6.1.LTS\lib\</path>
         <kind>archive</kind>
         <file>rts2800_fpu32_eabi.lib</file>
         <name>startup.c.obj</name>
      </input_file>
      <input_file id="fl-25">
         <path>..\</path>
         <kind>archive</kind>
         <file>driverlib_eabi.lib</file>
         <name>can.obj</name>
      </input_file>
      <input_file id="fl-26">
         <path>..\</path>
         <kind>archive</kind>
         <file>driverlib_eabi.lib</file>
         <name>gpio.obj</name>
      </input_file>
      <input_file id="fl-27">
         <path>..\</path>
         <kind>archive</kind>
         <file>driverlib_eabi.lib</file>
         <name>interrupt.obj</name>
      </input_file>
      <input_file id="fl-28">
         <path>..\</path>
         <kind>archive</kind>
         <file>driverlib_eabi.lib</file>
         <name>sysctl.obj</name>
      </input_file>
      <input_file id="fl-34">
         <path>C:\ti\ccs1270\ccs\tools\compiler\ti-cgt-c2000_22.6.1.LTS\lib\</path>
         <kind>archive</kind>
         <file>rts2800_fpu32_eabi.lib</file>
         <name>fs_div28.asm.obj</name>
      </input_file>
   </input_file_list>
   <object_component_list>
      <object_component id="oc-cb">
         <name>codestart</name>
         <load_address>0x80000</load_address>
         <run_address>0x80000</run_address>
         <size>0x2</size>
         <input_file_ref idref="fl-3"/>
      </object_component>
      <object_component id="oc-d0">
         <name>wddisable</name>
         <load_address>0x88040</load_address>
         <run_address>0x88040</run_address>
         <size>0x8</size>
         <input_file_ref idref="fl-3"/>
      </object_component>
      <object_component id="oc-d5">
         <name>copysections</name>
         <load_address>0x88000</load_address>
         <run_address>0x88000</run_address>
         <size>0x3d</size>
         <input_file_ref idref="fl-4"/>
      </object_component>
      <object_component id="oc-30c">
         <name>.text</name>
         <load_address>0xa0000</load_address>
         <run_address>0xa0000</run_address>
         <size>0x88</size>
         <input_file_ref idref="fl-34"/>
      </object_component>
      <object_component id="oc-9b">
         <name>.text:decompress:lzss</name>
         <load_address>0xa0088</load_address>
         <run_address>0xa0088</run_address>
         <size>0x30</size>
         <input_file_ref idref="fl-1a"/>
      </object_component>
      <object_component id="oc-1cf">
         <name>.text:__TI_auto_init_nobinit_nopinit</name>
         <load_address>0xa00b8</load_address>
         <run_address>0xa00b8</run_address>
         <size>0x2b</size>
         <input_file_ref idref="fl-17"/>
      </object_component>
      <object_component id="oc-125">
         <name>.text</name>
         <load_address>0xa00e3</load_address>
         <run_address>0xa00e3</run_address>
         <size>0x29</size>
         <input_file_ref idref="fl-1b"/>
      </object_component>
      <object_component id="oc-104">
         <name>.text</name>
         <load_address>0xa010c</load_address>
         <run_address>0xa010c</run_address>
         <size>0x1d</size>
         <input_file_ref idref="fl-20"/>
      </object_component>
      <object_component id="oc-a8">
         <name>.text</name>
         <load_address>0xa0129</load_address>
         <run_address>0xa0129</run_address>
         <size>0x17</size>
         <input_file_ref idref="fl-15"/>
      </object_component>
      <object_component id="oc-10c">
         <name>.text:decompress:ZI:__TI_zero_init_nomemset</name>
         <load_address>0xa0140</load_address>
         <run_address>0xa0140</run_address>
         <size>0xd</size>
         <input_file_ref idref="fl-18"/>
      </object_component>
      <object_component id="oc-11f">
         <name>.text</name>
         <load_address>0xa014d</load_address>
         <run_address>0xa014d</run_address>
         <size>0xc</size>
         <input_file_ref idref="fl-1d"/>
      </object_component>
      <object_component id="oc-2d4">
         <name>.text</name>
         <load_address>0xa0159</load_address>
         <run_address>0xa0159</run_address>
         <size>0x9</size>
         <input_file_ref idref="fl-1c"/>
      </object_component>
      <object_component id="oc-a1">
         <name>.text:decompress:none</name>
         <load_address>0xa0162</load_address>
         <run_address>0xa0162</run_address>
         <size>0x8</size>
         <input_file_ref idref="fl-19"/>
      </object_component>
      <object_component id="oc-118">
         <name>.text</name>
         <load_address>0xa016a</load_address>
         <run_address>0xa016a</run_address>
         <size>0x2</size>
         <input_file_ref idref="fl-16"/>
      </object_component>
      <object_component id="oc-2ba">
         <name>.text</name>
         <load_address>0xa016c</load_address>
         <run_address>0xa016c</run_address>
         <size>0x1</size>
         <input_file_ref idref="fl-21"/>
      </object_component>
      <object_component id="oc-451">
         <name>.cinit..data.load</name>
         <load_address>0x88048</load_address>
         <run_address>0xb008</run_address>
         <size>0xd</size>
      </object_component>
      <object_component id="oc-44e">
         <name>__TI_handler_table</name>
         <load_address>0x88056</load_address>
         <run_address>0xb016</run_address>
         <size>0x6</size>
      </object_component>
      <object_component id="oc-450">
         <name>.cinit..bss.load</name>
         <load_address>0x8805c</load_address>
         <run_address>0xb01c</run_address>
         <size>0x4</size>
      </object_component>
      <object_component id="oc-44f">
         <name>__TI_cinit_table</name>
         <load_address>0x88060</load_address>
         <run_address>0xb020</run_address>
         <size>0x8</size>
      </object_component>
      <object_component id="oc-23d">
         <name>.text:SysCtl_setClock</name>
         <load_address>0x82000</load_address>
         <run_address>0x12000</run_address>
         <size>0x209</size>
         <input_file_ref idref="fl-28"/>
      </object_component>
      <object_component id="oc-c3">
         <name>.text:main</name>
         <load_address>0x82209</load_address>
         <run_address>0x12209</run_address>
         <size>0x106</size>
         <input_file_ref idref="fl-2"/>
      </object_component>
      <object_component id="oc-25c">
         <name>.text:Device_enableAllPeripherals</name>
         <load_address>0x8230f</load_address>
         <run_address>0x1230f</run_address>
         <size>0xeb</size>
         <input_file_ref idref="fl-c"/>
      </object_component>
      <object_component id="oc-194">
         <name>.text:CAN_setupMessageObject</name>
         <load_address>0x823fa</load_address>
         <run_address>0x123fa</run_address>
         <size>0xdb</size>
         <input_file_ref idref="fl-25"/>
      </object_component>
      <object_component id="oc-34b">
         <name>.text:SysCtl_selectXTAL</name>
         <load_address>0x824d5</load_address>
         <run_address>0x124d5</run_address>
         <size>0x90</size>
         <input_file_ref idref="fl-28"/>
      </object_component>
      <object_component id="oc-bf">
         <name>.text:CanaISR</name>
         <load_address>0x82565</load_address>
         <run_address>0x12565</run_address>
         <size>0x83</size>
         <input_file_ref idref="fl-2"/>
      </object_component>
      <object_component id="oc-1a3">
         <name>.text:CAN_sendMessage</name>
         <load_address>0x825e8</load_address>
         <run_address>0x125e8</run_address>
         <size>0x72</size>
         <input_file_ref idref="fl-25"/>
      </object_component>
      <object_component id="oc-231">
         <name>.text:SysCtl_getDeviceParametric</name>
         <load_address>0x8265a</load_address>
         <run_address>0x1265a</run_address>
         <size>0x68</size>
         <input_file_ref idref="fl-28"/>
      </object_component>
      <object_component id="oc-281">
         <name>.text:CAN_setBitTiming</name>
         <load_address>0x826c2</load_address>
         <run_address>0x126c2</run_address>
         <size>0x64</size>
         <input_file_ref idref="fl-25"/>
      </object_component>
      <object_component id="oc-170">
         <name>.text:CAN_setBitRate</name>
         <load_address>0x82726</load_address>
         <run_address>0x12726</run_address>
         <size>0x61</size>
         <input_file_ref idref="fl-25"/>
      </object_component>
      <object_component id="oc-164">
         <name>.text:InitLedGpioPorts</name>
         <load_address>0x82787</load_address>
         <run_address>0x12787</run_address>
         <size>0x56</size>
         <input_file_ref idref="fl-2"/>
      </object_component>
      <object_component id="oc-249">
         <name>.text:SysCtl_getClock</name>
         <load_address>0x827dd</load_address>
         <run_address>0x127dd</run_address>
         <size>0x51</size>
         <input_file_ref idref="fl-28"/>
      </object_component>
      <object_component id="oc-300">
         <name>.text:SysCtl_selectOscSource</name>
         <load_address>0x8282e</load_address>
         <run_address>0x1282e</run_address>
         <size>0x48</size>
         <input_file_ref idref="fl-28"/>
      </object_component>
      <object_component id="oc-138">
         <name>.text:CAN_clearInterruptStatus</name>
         <load_address>0x82876</load_address>
         <run_address>0x12876</run_address>
         <size>0x46</size>
         <input_file_ref idref="fl-25"/>
      </object_component>
      <object_component id="oc-152">
         <name>.text:Device_init</name>
         <load_address>0x828bc</load_address>
         <run_address>0x128bc</run_address>
         <size>0x42</size>
         <input_file_ref idref="fl-c"/>
      </object_component>
      <object_component id="oc-17c">
         <name>.text:Interrupt_initModule</name>
         <load_address>0x828fe</load_address>
         <run_address>0x128fe</run_address>
         <size>0x3d</size>
         <input_file_ref idref="fl-27"/>
      </object_component>
      <object_component id="oc-15e">
         <name>.text:GPIO_setPinConfig</name>
         <load_address>0x8293b</load_address>
         <run_address>0x1293b</run_address>
         <size>0x37</size>
         <input_file_ref idref="fl-26"/>
      </object_component>
      <object_component id="oc-188">
         <name>.text:Interrupt_enable</name>
         <load_address>0x82972</load_address>
         <run_address>0x12972</run_address>
         <size>0x37</size>
         <input_file_ref idref="fl-27"/>
      </object_component>
      <object_component id="oc-237">
         <name>.text:Device_configureTMXAnalogTrim</name>
         <load_address>0x829a9</load_address>
         <run_address>0x129a9</run_address>
         <size>0x31</size>
         <input_file_ref idref="fl-c"/>
      </object_component>
      <object_component id="oc-370">
         <name>.text:CPUTimer_selectClockSource</name>
         <load_address>0x829da</load_address>
         <run_address>0x129da</run_address>
         <size>0x28</size>
         <input_file_ref idref="fl-28"/>
      </object_component>
      <object_component id="oc-176">
         <name>.text:CAN_enableInterrupt</name>
         <load_address>0x82a02</load_address>
         <run_address>0x12a02</run_address>
         <size>0x22</size>
         <input_file_ref idref="fl-2"/>
      </object_component>
      <object_component id="oc-29d">
         <name>.text:CAN_writeDataReg</name>
         <load_address>0x82a24</load_address>
         <run_address>0x12a24</run_address>
         <size>0x22</size>
         <input_file_ref idref="fl-25"/>
      </object_component>
      <object_component id="oc-158">
         <name>.text:Device_initGPIO</name>
         <load_address>0x82a46</load_address>
         <run_address>0x12a46</run_address>
         <size>0x21</size>
         <input_file_ref idref="fl-c"/>
      </object_component>
      <object_component id="oc-39b">
         <name>.text:CPUTimer_getTimerOverflowStatus</name>
         <load_address>0x82a67</load_address>
         <run_address>0x12a67</run_address>
         <size>0x1f</size>
         <input_file_ref idref="fl-28"/>
      </object_component>
      <object_component id="oc-eb">
         <name>.text:Interrupt_initVectorTable</name>
         <load_address>0x82a86</load_address>
         <run_address>0x12a86</run_address>
         <size>0x1e</size>
         <input_file_ref idref="fl-27"/>
      </object_component>
      <object_component id="oc-13e">
         <name>.text:CAN_clearGlobalInterruptStatus</name>
         <load_address>0x82aa4</load_address>
         <run_address>0x12aa4</run_address>
         <size>0x1d</size>
         <input_file_ref idref="fl-2"/>
      </object_component>
      <object_component id="oc-18e">
         <name>.text:CAN_enableGlobalInterrupt</name>
         <load_address>0x82ac1</load_address>
         <run_address>0x12ac1</run_address>
         <size>0x1d</size>
         <input_file_ref idref="fl-2"/>
      </object_component>
      <object_component id="oc-31d">
         <name>.text:Device_enableUnbondedGPIOPullupsFor100Pin</name>
         <load_address>0x82ade</load_address>
         <run_address>0x12ade</run_address>
         <size>0x1d</size>
         <input_file_ref idref="fl-c"/>
      </object_component>
      <object_component id="oc-16a">
         <name>.text:CAN_initModule</name>
         <load_address>0x82afb</load_address>
         <run_address>0x12afb</run_address>
         <size>0x1c</size>
         <input_file_ref idref="fl-25"/>
      </object_component>
      <object_component id="oc-27a">
         <name>.text:CAN_initRAM</name>
         <load_address>0x82b17</load_address>
         <run_address>0x12b17</run_address>
         <size>0x1a</size>
         <input_file_ref idref="fl-25"/>
      </object_component>
      <object_component id="oc-37c">
         <name>.text:CPUTimer_startTimer</name>
         <load_address>0x82b31</load_address>
         <run_address>0x12b31</run_address>
         <size>0x1a</size>
         <input_file_ref idref="fl-28"/>
      </object_component>
      <object_component id="oc-250">
         <name>.text:SysCtl_getLowSpeedClock</name>
         <load_address>0x82b4b</load_address>
         <run_address>0x12b4b</run_address>
         <size>0x1a</size>
         <input_file_ref idref="fl-28"/>
      </object_component>
      <object_component id="oc-2f2">
         <name>.text:SysCtl_disablePeripheral</name>
         <load_address>0x82b65</load_address>
         <run_address>0x12b65</run_address>
         <size>0x18</size>
         <input_file_ref idref="fl-c"/>
      </object_component>
      <object_component id="oc-38f">
         <name>.text:CPUTimer_isBaseValid</name>
         <load_address>0x82b7d</load_address>
         <run_address>0x12b7d</run_address>
         <size>0x17</size>
         <input_file_ref idref="fl-28"/>
      </object_component>
      <object_component id="oc-2ec">
         <name>.text:SysCtl_enablePeripheral</name>
         <load_address>0x82b94</load_address>
         <run_address>0x12b94</run_address>
         <size>0x17</size>
         <input_file_ref idref="fl-c"/>
      </object_component>
      <object_component id="oc-26d">
         <name>.text:Device_enableUnbondedGPIOPullups</name>
         <load_address>0x82bab</load_address>
         <run_address>0x12bab</run_address>
         <size>0x16</size>
         <input_file_ref idref="fl-c"/>
      </object_component>
      <object_component id="oc-ea">
         <name>.text:Interrupt_defaultHandler</name>
         <load_address>0x82bc1</load_address>
         <run_address>0x12bc1</run_address>
         <size>0x16</size>
         <input_file_ref idref="fl-27"/>
      </object_component>
      <object_component id="oc-209">
         <name>.text:CAN_isBaseValid</name>
         <load_address>0x82bd7</load_address>
         <run_address>0x12bd7</run_address>
         <size>0x15</size>
         <input_file_ref idref="fl-2"/>
      </object_component>
      <object_component id="oc-218">
         <name>.text:CAN_isBaseValid</name>
         <load_address>0x82bec</load_address>
         <run_address>0x12bec</run_address>
         <size>0x15</size>
         <input_file_ref idref="fl-25"/>
      </object_component>
      <object_component id="oc-267">
         <name>.text:GPIO_unlockPortConfig</name>
         <load_address>0x82c01</load_address>
         <run_address>0x12c01</run_address>
         <size>0x15</size>
         <input_file_ref idref="fl-c"/>
      </object_component>
      <object_component id="oc-364">
         <name>.text:CPUTimer_stopTimer</name>
         <load_address>0x82c16</load_address>
         <run_address>0x12c16</run_address>
         <size>0x14</size>
         <input_file_ref idref="fl-28"/>
      </object_component>
      <object_component id="oc-256">
         <name>.text:SysCtl_deviceCal</name>
         <load_address>0x82c2a</load_address>
         <run_address>0x12c2a</run_address>
         <size>0x14</size>
         <input_file_ref idref="fl-c"/>
      </object_component>
      <object_component id="oc-323">
         <name>.text:Device_enableUnbondedGPIOPullupsFor176Pin</name>
         <load_address>0x82c3e</load_address>
         <run_address>0x12c3e</run_address>
         <size>0x13</size>
         <input_file_ref idref="fl-c"/>
      </object_component>
      <object_component id="oc-12c">
         <name>.text:CAN_getInterruptCause</name>
         <load_address>0x82c51</load_address>
         <run_address>0x12c51</run_address>
         <size>0x12</size>
         <input_file_ref idref="fl-2"/>
      </object_component>
      <object_component id="oc-376">
         <name>.text:CPUTimer_clearOverflowFlag</name>
         <load_address>0x82c63</load_address>
         <run_address>0x12c63</run_address>
         <size>0x12</size>
         <input_file_ref idref="fl-28"/>
      </object_component>
      <object_component id="oc-35e">
         <name>.text:CPUTimer_disableInterrupt</name>
         <load_address>0x82c75</load_address>
         <run_address>0x12c75</run_address>
         <size>0x12</size>
         <input_file_ref idref="fl-28"/>
      </object_component>
      <object_component id="oc-19a">
         <name>.text:CAN_startModule</name>
         <load_address>0x82c87</load_address>
         <run_address>0x12c87</run_address>
         <size>0x11</size>
         <input_file_ref idref="fl-2"/>
      </object_component>
      <object_component id="oc-36a">
         <name>.text:CPUTimer_setPeriod</name>
         <load_address>0x82c98</load_address>
         <run_address>0x12c98</run_address>
         <size>0x11</size>
         <input_file_ref idref="fl-28"/>
      </object_component>
      <object_component id="oc-132">
         <name>.text:CAN_getStatus</name>
         <load_address>0x82ca9</load_address>
         <run_address>0x12ca9</run_address>
         <size>0x10</size>
         <input_file_ref idref="fl-2"/>
      </object_component>
      <object_component id="oc-182">
         <name>.text:Interrupt_register</name>
         <load_address>0x82cb9</load_address>
         <run_address>0x12cb9</run_address>
         <size>0x10</size>
         <input_file_ref idref="fl-2"/>
      </object_component>
      <object_component id="oc-382">
         <name>.text:SysCtl_pollCpuTimer</name>
         <load_address>0x82cc9</load_address>
         <run_address>0x12cc9</run_address>
         <size>0xf</size>
         <input_file_ref idref="fl-28"/>
      </object_component>
      <object_component id="oc-289">
         <name>.text:Interrupt_disableGlobal</name>
         <load_address>0x82cd8</load_address>
         <run_address>0x12cd8</run_address>
         <size>0xd</size>
         <input_file_ref idref="fl-27"/>
      </object_component>
      <object_component id="oc-291">
         <name>.text:Interrupt_enableGlobal</name>
         <load_address>0x82ce5</load_address>
         <run_address>0x12ce5</run_address>
         <size>0xd</size>
         <input_file_ref idref="fl-27"/>
      </object_component>
      <object_component id="oc-243">
         <name>.text:SysCtl_setLowSpeedClock</name>
         <load_address>0x82cf2</load_address>
         <run_address>0x12cf2</run_address>
         <size>0xd</size>
         <input_file_ref idref="fl-c"/>
      </object_component>
      <object_component id="oc-22b">
         <name>.text:SysCtl_disableWatchdog</name>
         <load_address>0x82cff</load_address>
         <run_address>0x12cff</run_address>
         <size>0xb</size>
         <input_file_ref idref="fl-c"/>
      </object_component>
      <object_component id="oc-2fa">
         <name>.text:SysCtl_isMCDClockFailureDetected</name>
         <load_address>0x82d0a</load_address>
         <run_address>0x12d0a</run_address>
         <size>0xb</size>
         <input_file_ref idref="fl-28"/>
      </object_component>
      <object_component id="oc-f6">
         <name>.text:Interrupt_illegalOperationHandler</name>
         <load_address>0x82d15</load_address>
         <run_address>0x12d15</run_address>
         <size>0xa</size>
         <input_file_ref idref="fl-27"/>
      </object_component>
      <object_component id="oc-fc">
         <name>.text:Interrupt_nmiHandler</name>
         <load_address>0x82d1f</load_address>
         <run_address>0x12d1f</run_address>
         <size>0xa</size>
         <input_file_ref idref="fl-27"/>
      </object_component>
      <object_component id="oc-e3">
         <name>.text:NOTUSED_ISR</name>
         <load_address>0x82d29</load_address>
         <run_address>0x12d29</run_address>
         <size>0xa</size>
         <input_file_ref idref="fl-5"/>
      </object_component>
      <object_component id="oc-da">
         <name>.text:PIE_RESERVED_ISR</name>
         <load_address>0x82d33</load_address>
         <run_address>0x12d33</run_address>
         <size>0xa</size>
         <input_file_ref idref="fl-5"/>
      </object_component>
      <object_component id="oc-306">
         <name>.text:SysCtl_serviceWatchdog</name>
         <load_address>0x82d3d</load_address>
         <run_address>0x12d3d</run_address>
         <size>0x9</size>
         <input_file_ref idref="fl-28"/>
      </object_component>
      <object_component id="oc-388">
         <name>.text:SysCtl_resetMCD</name>
         <load_address>0x82d46</load_address>
         <run_address>0x12d46</run_address>
         <size>0x7</size>
         <input_file_ref idref="fl-28"/>
      </object_component>
      <object_component id="oc-210">
         <name>.text:__error__</name>
         <load_address>0x82d4d</load_address>
         <run_address>0x12d4d</run_address>
         <size>0x7</size>
         <input_file_ref idref="fl-c"/>
      </object_component>
      <object_component id="oc-144">
         <name>.text:Interrupt_clearACKGroup</name>
         <load_address>0x82d54</load_address>
         <run_address>0x12d54</run_address>
         <size>0x6</size>
         <input_file_ref idref="fl-2"/>
      </object_component>
      <object_component id="oc-e9">
         <name>.stack</name>
         <uninitialized>true</uninitialized>
         <run_address>0x400</run_address>
         <size>0x0</size>
         <input_file_ref idref="fl-15"/>
      </object_component>
      <object_component id="oc-452">
         <name>.stack</name>
         <uninitialized>true</uninitialized>
         <run_address>0x400</run_address>
         <size>0x0</size>
      </object_component>
      <object_component id="oc-1aa">
         <name>.bss</name>
         <uninitialized>true</uninitialized>
         <run_address>0xc3bc</run_address>
         <size>0x2</size>
         <input_file_ref idref="fl-2"/>
      </object_component>
      <object_component id="oc-1a0">
         <name>.bss:txMsgData</name>
         <uninitialized>true</uninitialized>
         <run_address>0xc3b4</run_address>
         <size>0x8</size>
         <input_file_ref idref="fl-2"/>
      </object_component>
      <object_component id="oc-14a">
         <name>.data</name>
         <load_address>0xc39a</load_address>
         <run_address>0xc39a</run_address>
         <size>0xa</size>
         <input_file_ref idref="fl-2"/>
      </object_component>
      <object_component id="oc-262">
         <name>.data</name>
         <load_address>0xc3a4</load_address>
         <run_address>0xc3a4</run_address>
         <size>0x6</size>
         <input_file_ref idref="fl-c"/>
      </object_component>
      <object_component id="oc-201">
         <name>.data</name>
         <load_address>0xc3aa</load_address>
         <run_address>0xc3aa</run_address>
         <size>0x6</size>
         <input_file_ref idref="fl-1b"/>
      </object_component>
      <object_component id="oc-204">
         <name>.data:_lock</name>
         <load_address>0xc3b0</load_address>
         <run_address>0xc3b0</run_address>
         <size>0x2</size>
         <input_file_ref idref="fl-1c"/>
      </object_component>
      <object_component id="oc-33e">
         <name>.data:_unlock</name>
         <load_address>0xc3b2</load_address>
         <run_address>0xc3b2</run_address>
         <size>0x2</size>
         <input_file_ref idref="fl-1c"/>
      </object_component>
      <object_component id="oc-e0">
         <name>.const:PieVectTableInit</name>
         <load_address>0x90000</load_address>
         <run_address>0xc000</run_address>
         <size>0x1c0</size>
         <input_file_ref idref="fl-9"/>
      </object_component>
      <object_component id="oc-2f9">
         <name>.const:.string</name>
         <load_address>0x901c0</load_address>
         <run_address>0xc1c0</run_address>
         <size>0xc2</size>
         <input_file_ref idref="fl-28"/>
      </object_component>
      <object_component id="oc-21e">
         <name>.const:.string</name>
         <load_address>0x90282</load_address>
         <run_address>0xc282</run_address>
         <size>0xbb</size>
         <input_file_ref idref="fl-25"/>
      </object_component>
      <object_component id="oc-20f">
         <name>.const:.string</name>
         <load_address>0x9033e</load_address>
         <run_address>0xc33e</run_address>
         <size>0x48</size>
         <input_file_ref idref="fl-2"/>
      </object_component>
      <object_component id="oc-24f">
         <name>.const:.string</name>
         <load_address>0x90386</load_address>
         <run_address>0xc386</run_address>
         <size>0x13</size>
         <input_file_ref idref="fl-c"/>
      </object_component>
      <object_component id="oc-1a9">
         <name>.TI.ramfunc</name>
         <load_address>0x98000</load_address>
         <run_address>0xb000</run_address>
         <size>0x4</size>
         <input_file_ref idref="fl-28"/>
      </object_component>
      <object_component id="oc-276">
         <name>GpioCtrlRegsFile</name>
         <uninitialized>true</uninitialized>
         <run_address>0x7c00</run_address>
         <size>0x180</size>
         <input_file_ref idref="fl-6"/>
      </object_component>
      <object_component id="oc-14d">
         <name>GpioDataRegsFile</name>
         <uninitialized>true</uninitialized>
         <run_address>0x7f00</run_address>
         <size>0x30</size>
         <input_file_ref idref="fl-6"/>
      </object_component>
      <object_component id="oc-151">
         <name>.debug_types</name>
         <load_address>0x0</load_address>
         <run_address>0x0</run_address>
         <size>0x16177</size>
         <input_file_ref idref="fl-2"/>
      </object_component>
      <object_component id="oc-1b2">
         <name>.debug_types</name>
         <load_address>0x0</load_address>
         <run_address>0x0</run_address>
         <size>0x0</size>
         <input_file_ref idref="fl-5"/>
      </object_component>
      <object_component id="oc-227">
         <name>.debug_types</name>
         <load_address>0x16177</load_address>
         <run_address>0x16177</run_address>
         <size>0x4a141</size>
         <input_file_ref idref="fl-6"/>
      </object_component>
      <object_component id="oc-1b5">
         <name>.debug_types</name>
         <load_address>0x602b8</load_address>
         <run_address>0x602b8</run_address>
         <size>0x5a</size>
         <input_file_ref idref="fl-9"/>
      </object_component>
      <object_component id="oc-266">
         <name>.debug_types</name>
         <load_address>0x60312</load_address>
         <run_address>0x60312</run_address>
         <size>0x100e</size>
         <input_file_ref idref="fl-c"/>
      </object_component>
      <object_component id="oc-1ce">
         <name>.debug_types</name>
         <load_address>0x0</load_address>
         <run_address>0x0</run_address>
         <size>0x0</size>
         <input_file_ref idref="fl-16"/>
      </object_component>
      <object_component id="oc-2c1">
         <name>.debug_types</name>
         <load_address>0x61320</load_address>
         <run_address>0x61320</run_address>
         <size>0x49b</size>
         <input_file_ref idref="fl-17"/>
      </object_component>
      <object_component id="oc-1c5">
         <name>.debug_types</name>
         <load_address>0x617bb</load_address>
         <run_address>0x617bb</run_address>
         <size>0x1f3</size>
         <input_file_ref idref="fl-18"/>
      </object_component>
      <object_component id="oc-10b">
         <name>.debug_types</name>
         <load_address>0x0</load_address>
         <run_address>0x0</run_address>
         <size>0x0</size>
         <input_file_ref idref="fl-19"/>
      </object_component>
      <object_component id="oc-103">
         <name>.debug_types</name>
         <load_address>0x619ae</load_address>
         <run_address>0x619ae</run_address>
         <size>0x191</size>
         <input_file_ref idref="fl-1a"/>
      </object_component>
      <object_component id="oc-208">
         <name>.debug_types</name>
         <load_address>0x61b3f</load_address>
         <run_address>0x61b3f</run_address>
         <size>0xbf</size>
         <input_file_ref idref="fl-1b"/>
      </object_component>
      <object_component id="oc-2dc">
         <name>.debug_types</name>
         <load_address>0x61bfe</load_address>
         <run_address>0x61bfe</run_address>
         <size>0x2f</size>
         <input_file_ref idref="fl-1c"/>
      </object_component>
      <object_component id="oc-200">
         <name>.debug_types</name>
         <load_address>0x61c2d</load_address>
         <run_address>0x61c2d</run_address>
         <size>0xe1</size>
         <input_file_ref idref="fl-1d"/>
      </object_component>
      <object_component id="oc-1c0">
         <name>.debug_types</name>
         <load_address>0x61d0e</load_address>
         <run_address>0x61d0e</run_address>
         <size>0xb8</size>
         <input_file_ref idref="fl-20"/>
      </object_component>
      <object_component id="oc-338">
         <name>.debug_types</name>
         <load_address>0x0</load_address>
         <run_address>0x0</run_address>
         <size>0x0</size>
         <input_file_ref idref="fl-21"/>
      </object_component>
      <object_component id="oc-220">
         <name>.debug_types</name>
         <load_address>0x61dc6</load_address>
         <run_address>0x61dc6</run_address>
         <size>0x1a5</size>
         <input_file_ref idref="fl-25"/>
      </object_component>
      <object_component id="oc-275">
         <name>.debug_types</name>
         <load_address>0x61f6b</load_address>
         <run_address>0x61f6b</run_address>
         <size>0x2c4</size>
         <input_file_ref idref="fl-26"/>
      </object_component>
      <object_component id="oc-1b8">
         <name>.debug_types</name>
         <load_address>0x0</load_address>
         <run_address>0x0</run_address>
         <size>0x0</size>
         <input_file_ref idref="fl-27"/>
      </object_component>
      <object_component id="oc-2eb">
         <name>.debug_types</name>
         <load_address>0x6222f</load_address>
         <run_address>0x6222f</run_address>
         <size>0x254</size>
         <input_file_ref idref="fl-28"/>
      </object_component>
      <object_component id="oc-14b">
         <name>.debug_info</name>
         <load_address>0x0</load_address>
         <run_address>0x0</run_address>
         <size>0x1b5</size>
         <input_file_ref idref="fl-2"/>
      </object_component>
      <object_component id="oc-1ab">
         <name>.debug_info</name>
         <load_address>0x1b5</load_address>
         <run_address>0x1b5</run_address>
         <size>0xf3</size>
         <input_file_ref idref="fl-2"/>
      </object_component>
      <object_component id="oc-1a1">
         <name>.debug_info</name>
         <load_address>0x2a8</load_address>
         <run_address>0x2a8</run_address>
         <size>0x103</size>
         <input_file_ref idref="fl-2"/>
      </object_component>
      <object_component id="oc-183">
         <name>.debug_info</name>
         <load_address>0x3ab</load_address>
         <run_address>0x3ab</run_address>
         <size>0x1e5</size>
         <input_file_ref idref="fl-2"/>
      </object_component>
      <object_component id="oc-146">
         <name>.debug_info</name>
         <load_address>0x590</load_address>
         <run_address>0x590</run_address>
         <size>0x1a1</size>
         <input_file_ref idref="fl-2"/>
      </object_component>
      <object_component id="oc-20a">
         <name>.debug_info</name>
         <load_address>0x731</load_address>
         <run_address>0x731</run_address>
         <size>0x191</size>
         <input_file_ref idref="fl-2"/>
      </object_component>
      <object_component id="oc-19c">
         <name>.debug_info</name>
         <load_address>0x8c2</load_address>
         <run_address>0x8c2</run_address>
         <size>0x1ad</size>
         <input_file_ref idref="fl-2"/>
      </object_component>
      <object_component id="oc-178">
         <name>.debug_info</name>
         <load_address>0xa6f</load_address>
         <run_address>0xa6f</run_address>
         <size>0x1d9</size>
         <input_file_ref idref="fl-2"/>
      </object_component>
      <object_component id="oc-133">
         <name>.debug_info</name>
         <load_address>0xc48</load_address>
         <run_address>0xc48</run_address>
         <size>0x1b1</size>
         <input_file_ref idref="fl-2"/>
      </object_component>
      <object_component id="oc-12d">
         <name>.debug_info</name>
         <load_address>0xdf9</load_address>
         <run_address>0xdf9</run_address>
         <size>0x1c1</size>
         <input_file_ref idref="fl-2"/>
      </object_component>
      <object_component id="oc-18f">
         <name>.debug_info</name>
         <load_address>0xfba</load_address>
         <run_address>0xfba</run_address>
         <size>0x1f9</size>
         <input_file_ref idref="fl-2"/>
      </object_component>
      <object_component id="oc-13f">
         <name>.debug_info</name>
         <load_address>0x11b3</load_address>
         <run_address>0x11b3</run_address>
         <size>0x203</size>
         <input_file_ref idref="fl-2"/>
      </object_component>
      <object_component id="oc-c4">
         <name>.debug_info</name>
         <load_address>0x13b6</load_address>
         <run_address>0x13b6</run_address>
         <size>0x2a8</size>
         <input_file_ref idref="fl-2"/>
      </object_component>
      <object_component id="oc-c0">
         <name>.debug_info</name>
         <load_address>0x165e</load_address>
         <run_address>0x165e</run_address>
         <size>0x1cb</size>
         <input_file_ref idref="fl-2"/>
      </object_component>
      <object_component id="oc-165">
         <name>.debug_info</name>
         <load_address>0x1829</load_address>
         <run_address>0x1829</run_address>
         <size>0x13e</size>
         <input_file_ref idref="fl-2"/>
      </object_component>
      <object_component id="oc-cd">
         <name>.debug_info</name>
         <load_address>0x1967</load_address>
         <run_address>0x1967</run_address>
         <size>0x11b</size>
         <input_file_ref idref="fl-3"/>
      </object_component>
      <object_component id="oc-d1">
         <name>.debug_info</name>
         <load_address>0x1a82</load_address>
         <run_address>0x1a82</run_address>
         <size>0x11b</size>
         <input_file_ref idref="fl-3"/>
      </object_component>
      <object_component id="oc-d6">
         <name>.debug_info</name>
         <load_address>0x1b9d</load_address>
         <run_address>0x1b9d</run_address>
         <size>0x16a</size>
         <input_file_ref idref="fl-4"/>
      </object_component>
      <object_component id="oc-de">
         <name>.debug_info</name>
         <load_address>0x1d07</load_address>
         <run_address>0x1d07</run_address>
         <size>0x13c</size>
         <input_file_ref idref="fl-5"/>
      </object_component>
      <object_component id="oc-e5">
         <name>.debug_info</name>
         <load_address>0x1e43</load_address>
         <run_address>0x1e43</run_address>
         <size>0x132</size>
         <input_file_ref idref="fl-5"/>
      </object_component>
      <object_component id="oc-14e">
         <name>.debug_info</name>
         <load_address>0x1f75</load_address>
         <run_address>0x1f75</run_address>
         <size>0x10d</size>
         <input_file_ref idref="fl-6"/>
      </object_component>
      <object_component id="oc-277">
         <name>.debug_info</name>
         <load_address>0x2082</load_address>
         <run_address>0x2082</run_address>
         <size>0x10d</size>
         <input_file_ref idref="fl-6"/>
      </object_component>
      <object_component id="oc-e1">
         <name>.debug_info</name>
         <load_address>0x218f</load_address>
         <run_address>0x218f</run_address>
         <size>0x113</size>
         <input_file_ref idref="fl-9"/>
      </object_component>
      <object_component id="oc-263">
         <name>.debug_info</name>
         <load_address>0x22a2</load_address>
         <run_address>0x22a2</run_address>
         <size>0x166</size>
         <input_file_ref idref="fl-c"/>
      </object_component>
      <object_component id="oc-258">
         <name>.debug_info</name>
         <load_address>0x2408</load_address>
         <run_address>0x2408</run_address>
         <size>0x169</size>
         <input_file_ref idref="fl-c"/>
      </object_component>
      <object_component id="oc-2ed">
         <name>.debug_info</name>
         <load_address>0x2571</load_address>
         <run_address>0x2571</run_address>
         <size>0x1c9</size>
         <input_file_ref idref="fl-c"/>
      </object_component>
      <object_component id="oc-2f4">
         <name>.debug_info</name>
         <load_address>0x273a</load_address>
         <run_address>0x273a</run_address>
         <size>0x1cb</size>
         <input_file_ref idref="fl-c"/>
      </object_component>
      <object_component id="oc-245">
         <name>.debug_info</name>
         <load_address>0x2905</load_address>
         <run_address>0x2905</run_address>
         <size>0x19d</size>
         <input_file_ref idref="fl-c"/>
      </object_component>
      <object_component id="oc-22d">
         <name>.debug_info</name>
         <load_address>0x2aa2</load_address>
         <run_address>0x2aa2</run_address>
         <size>0x170</size>
         <input_file_ref idref="fl-c"/>
      </object_component>
      <object_component id="oc-268">
         <name>.debug_info</name>
         <load_address>0x2c12</load_address>
         <run_address>0x2c12</run_address>
         <size>0x1cc</size>
         <input_file_ref idref="fl-c"/>
      </object_component>
      <object_component id="oc-153">
         <name>.debug_info</name>
         <load_address>0x2dde</load_address>
         <run_address>0x2dde</run_address>
         <size>0x238</size>
         <input_file_ref idref="fl-c"/>
      </object_component>
      <object_component id="oc-25d">
         <name>.debug_info</name>
         <load_address>0x3016</load_address>
         <run_address>0x3016</run_address>
         <size>0x846</size>
         <input_file_ref idref="fl-c"/>
      </object_component>
      <object_component id="oc-159">
         <name>.debug_info</name>
         <load_address>0x385c</load_address>
         <run_address>0x385c</run_address>
         <size>0x1f2</size>
         <input_file_ref idref="fl-c"/>
      </object_component>
      <object_component id="oc-325">
         <name>.debug_info</name>
         <load_address>0x3a4e</load_address>
         <run_address>0x3a4e</run_address>
         <size>0x15e</size>
         <input_file_ref idref="fl-c"/>
      </object_component>
      <object_component id="oc-31e">
         <name>.debug_info</name>
         <load_address>0x3bac</load_address>
         <run_address>0x3bac</run_address>
         <size>0x15e</size>
         <input_file_ref idref="fl-c"/>
      </object_component>
      <object_component id="oc-26f">
         <name>.debug_info</name>
         <load_address>0x3d0a</load_address>
         <run_address>0x3d0a</run_address>
         <size>0x1bf</size>
         <input_file_ref idref="fl-c"/>
      </object_component>
      <object_component id="oc-238">
         <name>.debug_info</name>
         <load_address>0x3ec9</load_address>
         <run_address>0x3ec9</run_address>
         <size>0x232</size>
         <input_file_ref idref="fl-c"/>
      </object_component>
      <object_component id="oc-211">
         <name>.debug_info</name>
         <load_address>0x40fb</load_address>
         <run_address>0x40fb</run_address>
         <size>0x168</size>
         <input_file_ref idref="fl-c"/>
      </object_component>
      <object_component id="oc-ab">
         <name>.debug_info</name>
         <load_address>0x4263</load_address>
         <run_address>0x4263</run_address>
         <size>0x158</size>
         <input_file_ref idref="fl-15"/>
      </object_component>
      <object_component id="oc-119">
         <name>.debug_info</name>
         <load_address>0x43bb</load_address>
         <run_address>0x43bb</run_address>
         <size>0x14d</size>
         <input_file_ref idref="fl-16"/>
      </object_component>
      <object_component id="oc-1d2">
         <name>.debug_info</name>
         <load_address>0x4508</load_address>
         <run_address>0x4508</run_address>
         <size>0x1bf</size>
         <input_file_ref idref="fl-17"/>
      </object_component>
      <object_component id="oc-110">
         <name>.debug_info</name>
         <load_address>0x46c7</load_address>
         <run_address>0x46c7</run_address>
         <size>0x1b6</size>
         <input_file_ref idref="fl-18"/>
      </object_component>
      <object_component id="oc-a5">
         <name>.debug_info</name>
         <load_address>0x487d</load_address>
         <run_address>0x487d</run_address>
         <size>0x1b7</size>
         <input_file_ref idref="fl-19"/>
      </object_component>
      <object_component id="oc-9e">
         <name>.debug_info</name>
         <load_address>0x4a34</load_address>
         <run_address>0x4a34</run_address>
         <size>0x219</size>
         <input_file_ref idref="fl-1a"/>
      </object_component>
      <object_component id="oc-202">
         <name>.debug_info</name>
         <load_address>0x4c4d</load_address>
         <run_address>0x4c4d</run_address>
         <size>0x19e</size>
         <input_file_ref idref="fl-1b"/>
      </object_component>
      <object_component id="oc-129">
         <name>.debug_info</name>
         <load_address>0x4deb</load_address>
         <run_address>0x4deb</run_address>
         <size>0x1a9</size>
         <input_file_ref idref="fl-1b"/>
      </object_component>
      <object_component id="oc-205">
         <name>.debug_info</name>
         <load_address>0x4f94</load_address>
         <run_address>0x4f94</run_address>
         <size>0x107</size>
         <input_file_ref idref="fl-1c"/>
      </object_component>
      <object_component id="oc-33f">
         <name>.debug_info</name>
         <load_address>0x509b</load_address>
         <run_address>0x509b</run_address>
         <size>0x10b</size>
         <input_file_ref idref="fl-1c"/>
      </object_component>
      <object_component id="oc-2d6">
         <name>.debug_info</name>
         <load_address>0x51a6</load_address>
         <run_address>0x51a6</run_address>
         <size>0x203</size>
         <input_file_ref idref="fl-1c"/>
      </object_component>
      <object_component id="oc-121">
         <name>.debug_info</name>
         <load_address>0x53a9</load_address>
         <run_address>0x53a9</run_address>
         <size>0x15d</size>
         <input_file_ref idref="fl-1d"/>
      </object_component>
      <object_component id="oc-106">
         <name>.debug_info</name>
         <load_address>0x5506</load_address>
         <run_address>0x5506</run_address>
         <size>0x19b</size>
         <input_file_ref idref="fl-20"/>
      </object_component>
      <object_component id="oc-2bc">
         <name>.debug_info</name>
         <load_address>0x56a1</load_address>
         <run_address>0x56a1</run_address>
         <size>0x147</size>
         <input_file_ref idref="fl-21"/>
      </object_component>
      <object_component id="oc-219">
         <name>.debug_info</name>
         <load_address>0x57e8</load_address>
         <run_address>0x57e8</run_address>
         <size>0x207</size>
         <input_file_ref idref="fl-25"/>
      </object_component>
      <object_component id="oc-29e">
         <name>.debug_info</name>
         <load_address>0x59ef</load_address>
         <run_address>0x59ef</run_address>
         <size>0x26c</size>
         <input_file_ref idref="fl-25"/>
      </object_component>
      <object_component id="oc-27b">
         <name>.debug_info</name>
         <load_address>0x5c5b</load_address>
         <run_address>0x5c5b</run_address>
         <size>0x21b</size>
         <input_file_ref idref="fl-25"/>
      </object_component>
      <object_component id="oc-16c">
         <name>.debug_info</name>
         <load_address>0x5e76</load_address>
         <run_address>0x5e76</run_address>
         <size>0x242</size>
         <input_file_ref idref="fl-25"/>
      </object_component>
      <object_component id="oc-171">
         <name>.debug_info</name>
         <load_address>0x60b8</load_address>
         <run_address>0x60b8</run_address>
         <size>0x36a</size>
         <input_file_ref idref="fl-25"/>
      </object_component>
      <object_component id="oc-283">
         <name>.debug_info</name>
         <load_address>0x6422</load_address>
         <run_address>0x6422</run_address>
         <size>0x333</size>
         <input_file_ref idref="fl-25"/>
      </object_component>
      <object_component id="oc-139">
         <name>.debug_info</name>
         <load_address>0x6755</load_address>
         <run_address>0x6755</run_address>
         <size>0x255</size>
         <input_file_ref idref="fl-25"/>
      </object_component>
      <object_component id="oc-195">
         <name>.debug_info</name>
         <load_address>0x69aa</load_address>
         <run_address>0x69aa</run_address>
         <size>0x349</size>
         <input_file_ref idref="fl-25"/>
      </object_component>
      <object_component id="oc-1a4">
         <name>.debug_info</name>
         <load_address>0x6cf3</load_address>
         <run_address>0x6cf3</run_address>
         <size>0x2d8</size>
         <input_file_ref idref="fl-25"/>
      </object_component>
      <object_component id="oc-15f">
         <name>.debug_info</name>
         <load_address>0x6fcb</load_address>
         <run_address>0x6fcb</run_address>
         <size>0x24f</size>
         <input_file_ref idref="fl-26"/>
      </object_component>
      <object_component id="oc-292">
         <name>.debug_info</name>
         <load_address>0x721a</load_address>
         <run_address>0x721a</run_address>
         <size>0x1fe</size>
         <input_file_ref idref="fl-27"/>
      </object_component>
      <object_component id="oc-28a">
         <name>.debug_info</name>
         <load_address>0x7418</load_address>
         <run_address>0x7418</run_address>
         <size>0x200</size>
         <input_file_ref idref="fl-27"/>
      </object_component>
      <object_component id="oc-17d">
         <name>.debug_info</name>
         <load_address>0x7618</load_address>
         <run_address>0x7618</run_address>
         <size>0x20f</size>
         <input_file_ref idref="fl-27"/>
      </object_component>
      <object_component id="oc-f2">
         <name>.debug_info</name>
         <load_address>0x7827</load_address>
         <run_address>0x7827</run_address>
         <size>0x21c</size>
         <input_file_ref idref="fl-27"/>
      </object_component>
      <object_component id="oc-f9">
         <name>.debug_info</name>
         <load_address>0x7a43</load_address>
         <run_address>0x7a43</run_address>
         <size>0x202</size>
         <input_file_ref idref="fl-27"/>
      </object_component>
      <object_component id="oc-ff">
         <name>.debug_info</name>
         <load_address>0x7c45</load_address>
         <run_address>0x7c45</run_address>
         <size>0x1e8</size>
         <input_file_ref idref="fl-27"/>
      </object_component>
      <object_component id="oc-ec">
         <name>.debug_info</name>
         <load_address>0x7e2d</load_address>
         <run_address>0x7e2d</run_address>
         <size>0x20c</size>
         <input_file_ref idref="fl-27"/>
      </object_component>
      <object_component id="oc-18a">
         <name>.debug_info</name>
         <load_address>0x8039</load_address>
         <run_address>0x8039</run_address>
         <size>0x2b3</size>
         <input_file_ref idref="fl-27"/>
      </object_component>
      <object_component id="oc-307">
         <name>.debug_info</name>
         <load_address>0x82ec</load_address>
         <run_address>0x82ec</run_address>
         <size>0x1f2</size>
         <input_file_ref idref="fl-28"/>
      </object_component>
      <object_component id="oc-2fc">
         <name>.debug_info</name>
         <load_address>0x84de</load_address>
         <run_address>0x84de</run_address>
         <size>0x20e</size>
         <input_file_ref idref="fl-28"/>
      </object_component>
      <object_component id="oc-389">
         <name>.debug_info</name>
         <load_address>0x86ec</load_address>
         <run_address>0x86ec</run_address>
         <size>0x1e4</size>
         <input_file_ref idref="fl-28"/>
      </object_component>
      <object_component id="oc-390">
         <name>.debug_info</name>
         <load_address>0x88d0</load_address>
         <run_address>0x88d0</run_address>
         <size>0x217</size>
         <input_file_ref idref="fl-28"/>
      </object_component>
      <object_component id="oc-378">
         <name>.debug_info</name>
         <load_address>0x8ae7</load_address>
         <run_address>0x8ae7</run_address>
         <size>0x244</size>
         <input_file_ref idref="fl-28"/>
      </object_component>
      <object_component id="oc-35f">
         <name>.debug_info</name>
         <load_address>0x8d2b</load_address>
         <run_address>0x8d2b</run_address>
         <size>0x242</size>
         <input_file_ref idref="fl-28"/>
      </object_component>
      <object_component id="oc-365">
         <name>.debug_info</name>
         <load_address>0x8f6d</load_address>
         <run_address>0x8f6d</run_address>
         <size>0x24a</size>
         <input_file_ref idref="fl-28"/>
      </object_component>
      <object_component id="oc-37e">
         <name>.debug_info</name>
         <load_address>0x91b7</load_address>
         <run_address>0x91b7</run_address>
         <size>0x24d</size>
         <input_file_ref idref="fl-28"/>
      </object_component>
      <object_component id="oc-36b">
         <name>.debug_info</name>
         <load_address>0x9404</load_address>
         <run_address>0x9404</run_address>
         <size>0x24e</size>
         <input_file_ref idref="fl-28"/>
      </object_component>
      <object_component id="oc-39c">
         <name>.debug_info</name>
         <load_address>0x9652</load_address>
         <run_address>0x9652</run_address>
         <size>0x258</size>
         <input_file_ref idref="fl-28"/>
      </object_component>
      <object_component id="oc-372">
         <name>.debug_info</name>
         <load_address>0x98aa</load_address>
         <run_address>0x98aa</run_address>
         <size>0x27c</size>
         <input_file_ref idref="fl-28"/>
      </object_component>
      <object_component id="oc-383">
         <name>.debug_info</name>
         <load_address>0x9b26</load_address>
         <run_address>0x9b26</run_address>
         <size>0x241</size>
         <input_file_ref idref="fl-28"/>
      </object_component>
      <object_component id="oc-24b">
         <name>.debug_info</name>
         <load_address>0x9d67</load_address>
         <run_address>0x9d67</run_address>
         <size>0x277</size>
         <input_file_ref idref="fl-28"/>
      </object_component>
      <object_component id="oc-23f">
         <name>.debug_info</name>
         <load_address>0x9fde</load_address>
         <run_address>0x9fde</run_address>
         <size>0x519</size>
         <input_file_ref idref="fl-28"/>
      </object_component>
      <object_component id="oc-34d">
         <name>.debug_info</name>
         <load_address>0xa4f7</load_address>
         <run_address>0xa4f7</run_address>
         <size>0x3ba</size>
         <input_file_ref idref="fl-28"/>
      </object_component>
      <object_component id="oc-301">
         <name>.debug_info</name>
         <load_address>0xa8b1</load_address>
         <run_address>0xa8b1</run_address>
         <size>0x243</size>
         <input_file_ref idref="fl-28"/>
      </object_component>
      <object_component id="oc-251">
         <name>.debug_info</name>
         <load_address>0xaaf4</load_address>
         <run_address>0xaaf4</run_address>
         <size>0x251</size>
         <input_file_ref idref="fl-28"/>
      </object_component>
      <object_component id="oc-232">
         <name>.debug_info</name>
         <load_address>0xad45</load_address>
         <run_address>0xad45</run_address>
         <size>0x241</size>
         <input_file_ref idref="fl-28"/>
      </object_component>
      <object_component id="oc-30e">
         <name>.debug_info</name>
         <load_address>0xaf86</load_address>
         <run_address>0xaf86</run_address>
         <size>0x127</size>
         <input_file_ref idref="fl-34"/>
      </object_component>
      <object_component id="oc-453">
         <name>.debug_info</name>
         <load_address>0xb0ad</load_address>
         <run_address>0xb0ad</run_address>
         <size>0xbb</size>
      </object_component>
      <object_component id="oc-224">
         <name>.debug_line</name>
         <load_address>0x0</load_address>
         <run_address>0x0</run_address>
         <size>0x40</size>
         <input_file_ref idref="fl-2"/>
      </object_component>
      <object_component id="oc-2a5">
         <name>.debug_line</name>
         <load_address>0x40</load_address>
         <run_address>0x40</run_address>
         <size>0x40</size>
         <input_file_ref idref="fl-2"/>
      </object_component>
      <object_component id="oc-29c">
         <name>.debug_line</name>
         <load_address>0x80</load_address>
         <run_address>0x80</run_address>
         <size>0x40</size>
         <input_file_ref idref="fl-2"/>
      </object_component>
      <object_component id="oc-186">
         <name>.debug_line</name>
         <load_address>0xc0</load_address>
         <run_address>0xc0</run_address>
         <size>0x8b</size>
         <input_file_ref idref="fl-2"/>
      </object_component>
      <object_component id="oc-145">
         <name>.debug_line</name>
         <load_address>0x14b</load_address>
         <run_address>0x14b</run_address>
         <size>0x88</size>
         <input_file_ref idref="fl-2"/>
      </object_component>
      <object_component id="oc-20d">
         <name>.debug_line</name>
         <load_address>0x1d3</load_address>
         <run_address>0x1d3</run_address>
         <size>0x82</size>
         <input_file_ref idref="fl-2"/>
      </object_component>
      <object_component id="oc-19b">
         <name>.debug_line</name>
         <load_address>0x255</load_address>
         <run_address>0x255</run_address>
         <size>0x83</size>
         <input_file_ref idref="fl-2"/>
      </object_component>
      <object_component id="oc-177">
         <name>.debug_line</name>
         <load_address>0x2d8</load_address>
         <run_address>0x2d8</run_address>
         <size>0x84</size>
         <input_file_ref idref="fl-2"/>
      </object_component>
      <object_component id="oc-137">
         <name>.debug_line</name>
         <load_address>0x35c</load_address>
         <run_address>0x35c</run_address>
         <size>0x83</size>
         <input_file_ref idref="fl-2"/>
      </object_component>
      <object_component id="oc-131">
         <name>.debug_line</name>
         <load_address>0x3df</load_address>
         <run_address>0x3df</run_address>
         <size>0x83</size>
         <input_file_ref idref="fl-2"/>
      </object_component>
      <object_component id="oc-192">
         <name>.debug_line</name>
         <load_address>0x462</load_address>
         <run_address>0x462</run_address>
         <size>0x84</size>
         <input_file_ref idref="fl-2"/>
      </object_component>
      <object_component id="oc-143">
         <name>.debug_line</name>
         <load_address>0x4e6</load_address>
         <run_address>0x4e6</run_address>
         <size>0x84</size>
         <input_file_ref idref="fl-2"/>
      </object_component>
      <object_component id="oc-c8">
         <name>.debug_line</name>
         <load_address>0x56a</load_address>
         <run_address>0x56a</run_address>
         <size>0x10d</size>
         <input_file_ref idref="fl-2"/>
      </object_component>
      <object_component id="oc-ca">
         <name>.debug_line</name>
         <load_address>0x677</load_address>
         <run_address>0x677</run_address>
         <size>0x74</size>
         <input_file_ref idref="fl-2"/>
      </object_component>
      <object_component id="oc-168">
         <name>.debug_line</name>
         <load_address>0x6eb</load_address>
         <run_address>0x6eb</run_address>
         <size>0x7c</size>
         <input_file_ref idref="fl-2"/>
      </object_component>
      <object_component id="oc-229">
         <name>.debug_line</name>
         <load_address>0x767</load_address>
         <run_address>0x767</run_address>
         <size>0x149</size>
         <input_file_ref idref="fl-2"/>
      </object_component>
      <object_component id="oc-cc">
         <name>.debug_line</name>
         <load_address>0x8b0</load_address>
         <run_address>0x8b0</run_address>
         <size>0x55</size>
         <input_file_ref idref="fl-3"/>
      </object_component>
      <object_component id="oc-d4">
         <name>.debug_line</name>
         <load_address>0x905</load_address>
         <run_address>0x905</run_address>
         <size>0x5a</size>
         <input_file_ref idref="fl-3"/>
      </object_component>
      <object_component id="oc-d9">
         <name>.debug_line</name>
         <load_address>0x95f</load_address>
         <run_address>0x95f</run_address>
         <size>0x7b</size>
         <input_file_ref idref="fl-4"/>
      </object_component>
      <object_component id="oc-dc">
         <name>.debug_line</name>
         <load_address>0x9da</load_address>
         <run_address>0x9da</run_address>
         <size>0x58</size>
         <input_file_ref idref="fl-5"/>
      </object_component>
      <object_component id="oc-e4">
         <name>.debug_line</name>
         <load_address>0xa32</load_address>
         <run_address>0xa32</run_address>
         <size>0x58</size>
         <input_file_ref idref="fl-5"/>
      </object_component>
      <object_component id="oc-2a7">
         <name>.debug_line</name>
         <load_address>0xa8a</load_address>
         <run_address>0xa8a</run_address>
         <size>0x21</size>
         <input_file_ref idref="fl-5"/>
      </object_component>
      <object_component id="oc-226">
         <name>.debug_line</name>
         <load_address>0xaab</load_address>
         <run_address>0xaab</run_address>
         <size>0x44</size>
         <input_file_ref idref="fl-6"/>
      </object_component>
      <object_component id="oc-32e">
         <name>.debug_line</name>
         <load_address>0xaef</load_address>
         <run_address>0xaef</run_address>
         <size>0x44</size>
         <input_file_ref idref="fl-6"/>
      </object_component>
      <object_component id="oc-2e7">
         <name>.debug_line</name>
         <load_address>0xb33</load_address>
         <run_address>0xb33</run_address>
         <size>0xb2</size>
         <input_file_ref idref="fl-6"/>
      </object_component>
      <object_component id="oc-1b4">
         <name>.debug_line</name>
         <load_address>0xbe5</load_address>
         <run_address>0xbe5</run_address>
         <size>0x42</size>
         <input_file_ref idref="fl-9"/>
      </object_component>
      <object_component id="oc-2aa">
         <name>.debug_line</name>
         <load_address>0xc27</load_address>
         <run_address>0xc27</run_address>
         <size>0xfb</size>
         <input_file_ref idref="fl-9"/>
      </object_component>
      <object_component id="oc-318">
         <name>.debug_line</name>
         <load_address>0xd22</load_address>
         <run_address>0xd22</run_address>
         <size>0x37</size>
         <input_file_ref idref="fl-c"/>
      </object_component>
      <object_component id="oc-257">
         <name>.debug_line</name>
         <load_address>0xd59</load_address>
         <run_address>0xd59</run_address>
         <size>0x87</size>
         <input_file_ref idref="fl-c"/>
      </object_component>
      <object_component id="oc-2f0">
         <name>.debug_line</name>
         <load_address>0xde0</load_address>
         <run_address>0xde0</run_address>
         <size>0x89</size>
         <input_file_ref idref="fl-c"/>
      </object_component>
      <object_component id="oc-2f7">
         <name>.debug_line</name>
         <load_address>0xe69</load_address>
         <run_address>0xe69</run_address>
         <size>0x89</size>
         <input_file_ref idref="fl-c"/>
      </object_component>
      <object_component id="oc-248">
         <name>.debug_line</name>
         <load_address>0xef2</load_address>
         <run_address>0xef2</run_address>
         <size>0x87</size>
         <input_file_ref idref="fl-c"/>
      </object_component>
      <object_component id="oc-230">
         <name>.debug_line</name>
         <load_address>0xf79</load_address>
         <run_address>0xf79</run_address>
         <size>0x88</size>
         <input_file_ref idref="fl-c"/>
      </object_component>
      <object_component id="oc-26b">
         <name>.debug_line</name>
         <load_address>0x1001</load_address>
         <run_address>0x1001</run_address>
         <size>0x86</size>
         <input_file_ref idref="fl-c"/>
      </object_component>
      <object_component id="oc-156">
         <name>.debug_line</name>
         <load_address>0x1087</load_address>
         <run_address>0x1087</run_address>
         <size>0x60</size>
         <input_file_ref idref="fl-c"/>
      </object_component>
      <object_component id="oc-260">
         <name>.debug_line</name>
         <load_address>0x10e7</load_address>
         <run_address>0x10e7</run_address>
         <size>0x8a</size>
         <input_file_ref idref="fl-c"/>
      </object_component>
      <object_component id="oc-15c">
         <name>.debug_line</name>
         <load_address>0x1171</load_address>
         <run_address>0x1171</run_address>
         <size>0x53</size>
         <input_file_ref idref="fl-c"/>
      </object_component>
      <object_component id="oc-324">
         <name>.debug_line</name>
         <load_address>0x11c4</load_address>
         <run_address>0x11c4</run_address>
         <size>0x52</size>
         <input_file_ref idref="fl-c"/>
      </object_component>
      <object_component id="oc-321">
         <name>.debug_line</name>
         <load_address>0x1216</load_address>
         <run_address>0x1216</run_address>
         <size>0x54</size>
         <input_file_ref idref="fl-c"/>
      </object_component>
      <object_component id="oc-26e">
         <name>.debug_line</name>
         <load_address>0x126a</load_address>
         <run_address>0x126a</run_address>
         <size>0x56</size>
         <input_file_ref idref="fl-c"/>
      </object_component>
      <object_component id="oc-23b">
         <name>.debug_line</name>
         <load_address>0x12c0</load_address>
         <run_address>0x12c0</run_address>
         <size>0x5a</size>
         <input_file_ref idref="fl-c"/>
      </object_component>
      <object_component id="oc-214">
         <name>.debug_line</name>
         <load_address>0x131a</load_address>
         <run_address>0x131a</run_address>
         <size>0x4d</size>
         <input_file_ref idref="fl-c"/>
      </object_component>
      <object_component id="oc-31a">
         <name>.debug_line</name>
         <load_address>0x1367</load_address>
         <run_address>0x1367</run_address>
         <size>0xbb</size>
         <input_file_ref idref="fl-c"/>
      </object_component>
      <object_component id="oc-aa">
         <name>.debug_line</name>
         <load_address>0x1422</load_address>
         <run_address>0x1422</run_address>
         <size>0x4f</size>
         <input_file_ref idref="fl-15"/>
      </object_component>
      <object_component id="oc-11d">
         <name>.debug_line</name>
         <load_address>0x1471</load_address>
         <run_address>0x1471</run_address>
         <size>0x3f</size>
         <input_file_ref idref="fl-16"/>
      </object_component>
      <object_component id="oc-2b8">
         <name>.debug_line</name>
         <load_address>0x14b0</load_address>
         <run_address>0x14b0</run_address>
         <size>0x21</size>
         <input_file_ref idref="fl-16"/>
      </object_component>
      <object_component id="oc-1d1">
         <name>.debug_line</name>
         <load_address>0x14d1</load_address>
         <run_address>0x14d1</run_address>
         <size>0x74</size>
         <input_file_ref idref="fl-17"/>
      </object_component>
      <object_component id="oc-33a">
         <name>.debug_line</name>
         <load_address>0x1545</load_address>
         <run_address>0x1545</run_address>
         <size>0x21</size>
         <input_file_ref idref="fl-17"/>
      </object_component>
      <object_component id="oc-10e">
         <name>.debug_line</name>
         <load_address>0x1566</load_address>
         <run_address>0x1566</run_address>
         <size>0x4d</size>
         <input_file_ref idref="fl-18"/>
      </object_component>
      <object_component id="oc-2b3">
         <name>.debug_line</name>
         <load_address>0x15b3</load_address>
         <run_address>0x15b3</run_address>
         <size>0x21</size>
         <input_file_ref idref="fl-18"/>
      </object_component>
      <object_component id="oc-a2">
         <name>.debug_line</name>
         <load_address>0x15d4</load_address>
         <run_address>0x15d4</run_address>
         <size>0x57</size>
         <input_file_ref idref="fl-19"/>
      </object_component>
      <object_component id="oc-1c2">
         <name>.debug_line</name>
         <load_address>0x162b</load_address>
         <run_address>0x162b</run_address>
         <size>0x21</size>
         <input_file_ref idref="fl-19"/>
      </object_component>
      <object_component id="oc-9c">
         <name>.debug_line</name>
         <load_address>0x164c</load_address>
         <run_address>0x164c</run_address>
         <size>0x95</size>
         <input_file_ref idref="fl-1a"/>
      </object_component>
      <object_component id="oc-1bd">
         <name>.debug_line</name>
         <load_address>0x16e1</load_address>
         <run_address>0x16e1</run_address>
         <size>0x21</size>
         <input_file_ref idref="fl-1a"/>
      </object_component>
      <object_component id="oc-2d3">
         <name>.debug_line</name>
         <load_address>0x1702</load_address>
         <run_address>0x1702</run_address>
         <size>0x2b</size>
         <input_file_ref idref="fl-1b"/>
      </object_component>
      <object_component id="oc-128">
         <name>.debug_line</name>
         <load_address>0x172d</load_address>
         <run_address>0x172d</run_address>
         <size>0x66</size>
         <input_file_ref idref="fl-1b"/>
      </object_component>
      <object_component id="oc-2de">
         <name>.debug_line</name>
         <load_address>0x1793</load_address>
         <run_address>0x1793</run_address>
         <size>0x21</size>
         <input_file_ref idref="fl-1b"/>
      </object_component>
      <object_component id="oc-2db">
         <name>.debug_line</name>
         <load_address>0x17b4</load_address>
         <run_address>0x17b4</run_address>
         <size>0x2c</size>
         <input_file_ref idref="fl-1c"/>
      </object_component>
      <object_component id="oc-35d">
         <name>.debug_line</name>
         <load_address>0x17e0</load_address>
         <run_address>0x17e0</run_address>
         <size>0x2c</size>
         <input_file_ref idref="fl-1c"/>
      </object_component>
      <object_component id="oc-2d9">
         <name>.debug_line</name>
         <load_address>0x180c</load_address>
         <run_address>0x180c</run_address>
         <size>0x5f</size>
         <input_file_ref idref="fl-1c"/>
      </object_component>
      <object_component id="oc-343">
         <name>.debug_line</name>
         <load_address>0x186b</load_address>
         <run_address>0x186b</run_address>
         <size>0x21</size>
         <input_file_ref idref="fl-1c"/>
      </object_component>
      <object_component id="oc-120">
         <name>.debug_line</name>
         <load_address>0x188c</load_address>
         <run_address>0x188c</run_address>
         <size>0x4e</size>
         <input_file_ref idref="fl-1d"/>
      </object_component>
      <object_component id="oc-2d0">
         <name>.debug_line</name>
         <load_address>0x18da</load_address>
         <run_address>0x18da</run_address>
         <size>0x30</size>
         <input_file_ref idref="fl-1d"/>
      </object_component>
      <object_component id="oc-109">
         <name>.debug_line</name>
         <load_address>0x190a</load_address>
         <run_address>0x190a</run_address>
         <size>0x63</size>
         <input_file_ref idref="fl-20"/>
      </object_component>
      <object_component id="oc-2b0">
         <name>.debug_line</name>
         <load_address>0x196d</load_address>
         <run_address>0x196d</run_address>
         <size>0x21</size>
         <input_file_ref idref="fl-20"/>
      </object_component>
      <object_component id="oc-2bf">
         <name>.debug_line</name>
         <load_address>0x198e</load_address>
         <run_address>0x198e</run_address>
         <size>0x3b</size>
         <input_file_ref idref="fl-21"/>
      </object_component>
      <object_component id="oc-357">
         <name>.debug_line</name>
         <load_address>0x19c9</load_address>
         <run_address>0x19c9</run_address>
         <size>0x21</size>
         <input_file_ref idref="fl-21"/>
      </object_component>
      <object_component id="oc-21c">
         <name>.debug_line</name>
         <load_address>0x19ea</load_address>
         <run_address>0x19ea</run_address>
         <size>0x97</size>
         <input_file_ref idref="fl-25"/>
      </object_component>
      <object_component id="oc-2a1">
         <name>.debug_line</name>
         <load_address>0x1a81</load_address>
         <run_address>0x1a81</run_address>
         <size>0xaa</size>
         <input_file_ref idref="fl-25"/>
      </object_component>
      <object_component id="oc-27e">
         <name>.debug_line</name>
         <load_address>0x1b2b</load_address>
         <run_address>0x1b2b</run_address>
         <size>0x9c</size>
         <input_file_ref idref="fl-25"/>
      </object_component>
      <object_component id="oc-16b">
         <name>.debug_line</name>
         <load_address>0x1bc7</load_address>
         <run_address>0x1bc7</run_address>
         <size>0x9b</size>
         <input_file_ref idref="fl-25"/>
      </object_component>
      <object_component id="oc-174">
         <name>.debug_line</name>
         <load_address>0x1c62</load_address>
         <run_address>0x1c62</run_address>
         <size>0xb2</size>
         <input_file_ref idref="fl-25"/>
      </object_component>
      <object_component id="oc-282">
         <name>.debug_line</name>
         <load_address>0x1d14</load_address>
         <run_address>0x1d14</run_address>
         <size>0xa6</size>
         <input_file_ref idref="fl-25"/>
      </object_component>
      <object_component id="oc-13c">
         <name>.debug_line</name>
         <load_address>0x1dba</load_address>
         <run_address>0x1dba</run_address>
         <size>0xa6</size>
         <input_file_ref idref="fl-25"/>
      </object_component>
      <object_component id="oc-198">
         <name>.debug_line</name>
         <load_address>0x1e60</load_address>
         <run_address>0x1e60</run_address>
         <size>0x113</size>
         <input_file_ref idref="fl-25"/>
      </object_component>
      <object_component id="oc-1a7">
         <name>.debug_line</name>
         <load_address>0x1f73</load_address>
         <run_address>0x1f73</run_address>
         <size>0xae</size>
         <input_file_ref idref="fl-25"/>
      </object_component>
      <object_component id="oc-2e4">
         <name>.debug_line</name>
[...]
         <length>0x24</length>
         <used_space>0x0</used_space>
         <unused_space>0x24</unused_space>
         <attributes>RWIX</attributes>
         <usage_details>
         </usage_details>
      </memory_area>
      <memory_area display="no" color="green">
         <name>DCSMZ2</name>
         <page_id>0x1</page_id>
         <origin>0x5f040</origin>
         <length>0x24</length>
         <used_space>0x0</used_space>
         <unused_space>0x24</unused_space>
         <attributes>RWIX</attributes>
         <usage_details>
         </usage_details>
      </memory_area>
      <memory_area display="no" color="green">
         <name>DCSMCOMMON</name>
         <page_id>0x1</page_id>
         <origin>0x5f070</origin>
         <length>0x8</length>
         <used_space>0x0</used_space>
         <unused_space>0x8</unused_space>
         <attributes>RWIX</attributes>
         <usage_details>
         </usage_details>
      </memory_area>
      <memory_area display="yes" color="green">
         <name>MEMCFG</name>
         <page_id>0x1</page_id>
         <origin>0x5f400</origin>
         <length>0x80</length>
         <used_space>0x0</used_space>
         <unused_space>0x80</unused_space>
         <attributes>RWIX</attributes>
         <usage_details>
         </usage_details>
      </memory_area>
      <memory_area display="no" color="green">
         <name>EMIF1CONFIG</name>
         <page_id>0x1</page_id>
         <origin>0x5f480</origin>
         <length>0x20</length>
         <used_space>0x0</used_space>
         <unused_space>0x20</unused_space>
         <attributes>RWIX</attributes>
         <usage_details>
         </usage_details>
      </memory_area>
      <memory_area display="no" color="green">
         <name>EMIF2CONFIG</name>
         <page_id>0x1</page_id>
         <origin>0x5f4a0</origin>
         <length>0x20</length>
         <used_space>0x0</used_space>
         <unused_space>0x20</unused_space>
         <attributes>RWIX</attributes>
         <usage_details>
         </usage_details>
      </memory_area>
      <memory_area display="no" color="green">
         <name>ACCESSPROTECTION</name>
         <page_id>0x1</page_id>
         <origin>0x5f4c0</origin>
         <length>0x40</length>
         <used_space>0x0</used_space>
         <unused_space>0x40</unused_space>
         <attributes>RWIX</attributes>
         <usage_details>
         </usage_details>
      </memory_area>
      <memory_area display="no" color="green">
         <name>MEMORYERROR</name>
         <page_id>0x1</page_id>
         <origin>0x5f500</origin>
         <length>0x40</length>
         <used_space>0x0</used_space>
         <unused_space>0x40</unused_space>
         <attributes>RWIX</attributes>
         <usage_details>
         </usage_details>
      </memory_area>
      <memory_area display="no" color="green">
         <name>ROMWAITSTATE</name>
         <page_id>0x1</page_id>
         <origin>0x5f540</origin>
         <length>0x2</length>
         <used_space>0x0</used_space>
         <unused_space>0x2</unused_space>
         <attributes>RWIX</attributes>
         <usage_details>
         </usage_details>
      </memory_area>
      <memory_area display="yes" color="green">
         <name>FLASH0CTRL</name>
         <page_id>0x1</page_id>
         <origin>0x5f800</origin>
         <length>0x182</length>
         <used_space>0x0</used_space>
         <unused_space>0x182</unused_space>
         <attributes>RWIX</attributes>
         <usage_details>
         </usage_details>
      </memory_area>
      <memory_area display="no" color="green">
         <name>FLASH0ECC</name>
         <page_id>0x1</page_id>
         <origin>0x5fb00</origin>
         <length>0x28</length>
         <used_space>0x0</used_space>
         <unused_space>0x28</unused_space>
         <attributes>RWIX</attributes>
         <usage_details>
         </usage_details>
      </memory_area>
      <memory_area display="no" color="green">
         <name>UID</name>
         <page_id>0x1</page_id>
         <origin>0x703c0</origin>
         <length>0x10</length>
         <used_space>0x0</used_space>
         <unused_space>0x10</unused_space>
         <attributes>RWIX</attributes>
         <usage_details>
         </usage_details>
      </memory_area>
   </placement_map>
   <cptbl_list>
      <cptbl>
         <name>__TI_cinit_table</name>
         <cprec>
            <name>.data</name>
            <load_address>0xb008</load_address>
            <load_size>0xd</load_size>
            <run_address>0xc39a</run_address>
            <run_size>0x1a</run_size>
            <compression>lzss</compression>
         </cprec>
         <cprec>
            <name>.bss</name>
            <load_address>0xb01c</load_address>
            <load_size>0x4</load_size>
            <run_address>0xc3b4</run_address>
            <run_size>0xa</run_size>
            <compression>zero_init</compression>
         </cprec>
      </cptbl>
   </cptbl_list>
   <handler_table>
      <handler_table_name>__TI_handler_table</handler_table_name>
      <handler>
         <index>0x0</index>
         <name>__TI_zero_init</name>
      </handler>
      <handler>
         <index>0x1</index>
         <name>__TI_decompress_lzss</name>
      </handler>
      <handler>
         <index>0x2</index>
         <name>__TI_decompress_none</name>
      </handler>
   </handler_table>
   <symbol_table>
      <symbol id="sm-1">
         <name>cinit_loadstart</name>
         <value>0x88048</value>
      </symbol>
      <symbol id="sm-2">
         <name>cinit_runstart</name>
         <value>0xb008</value>
      </symbol>
      <symbol id="sm-3">
         <name>cinit_size</name>
         <value>0x20</value>
      </symbol>
      <symbol id="sm-4">
         <name>text_loadstart</name>
         <value>0x82000</value>
      </symbol>
      <symbol id="sm-5">
         <name>text_runstart</name>
         <value>0x12000</value>
      </symbol>
      <symbol id="sm-6">
         <name>text_size</name>
         <value>0xd5a</value>
      </symbol>
      <symbol id="sm-7">
         <name>switch_loadstart</name>
         <value>0xb000</value>
      </symbol>
      <symbol id="sm-8">
         <name>switch_runstart</name>
         <value>0xb000</value>
      </symbol>
      <symbol id="sm-9">
         <name>switch_size</name>
         <value>0x0</value>
      </symbol>
      <symbol id="sm-a">
         <name>init_array_loadstart</name>
         <value>0xb000</value>
      </symbol>
      <symbol id="sm-b">
         <name>init_array_runstart</name>
         <value>0xb000</value>
      </symbol>
      <symbol id="sm-c">
         <name>init_array_size</name>
         <value>0x0</value>
      </symbol>
      <symbol id="sm-d">
         <name>const_loadstart</name>
         <value>0x90000</value>
      </symbol>
      <symbol id="sm-e">
         <name>const_runstart</name>
         <value>0xc000</value>
      </symbol>
      <symbol id="sm-f">
         <name>const_size</name>
         <value>0x399</value>
      </symbol>
      <symbol id="sm-10">
         <name>ramfuncs_loadstart</name>
         <value>0x98000</value>
      </symbol>
      <symbol id="sm-11">
         <name>ramfuncs_runstart</name>
         <value>0xb000</value>
      </symbol>
      <symbol id="sm-12">
         <name>ramfuncs_size</name>
         <value>0x4</value>
      </symbol>
      <symbol id="sm-13">
         <name>__TI_CINIT_Base</name>
         <value>0xb020</value>
      </symbol>
      <symbol id="sm-14">
         <name>__TI_CINIT_Limit</name>
         <value>0xb028</value>
      </symbol>
      <symbol id="sm-15">
         <name>__TI_CINIT_Warm</name>
         <value>0xb028</value>
      </symbol>
      <symbol id="sm-16">
         <name>__TI_Handler_Table_Base</name>
         <value>0xb016</value>
      </symbol>
      <symbol id="sm-17">
         <name>__TI_Handler_Table_Limit</name>
         <value>0xb01c</value>
      </symbol>
      <symbol id="sm-18">
         <name>__TI_STACK_SIZE</name>
         <value>0x3f8</value>
      </symbol>
      <symbol id="sm-19">
         <name>__TI_STACK_END</name>
         <value>0x7f8</value>
      </symbol>
      <symbol id="sm-1a">
         <name>__TI_pprof_out_hndl</name>
         <value>0xffffffff</value>
      </symbol>
      <symbol id="sm-1b">
         <name>__TI_prof_data_start</name>
         <value>0xffffffff</value>
      </symbol>
      <symbol id="sm-1c">
         <name>__TI_prof_data_size</name>
         <value>0xffffffff</value>
      </symbol>
      <symbol id="sm-14a">
         <name>errorCounter</name>
         <value>0xc3a0</value>
         <object_component_ref idref="oc-14a"/>
      </symbol>
      <symbol id="sm-14b">
         <name>txMsgCount</name>
         <value>0xc39a</value>
         <object_component_ref idref="oc-14a"/>
      </symbol>
      <symbol id="sm-14c">
         <name>errorFlag</name>
         <value>0xc39e</value>
         <object_component_ref idref="oc-14a"/>
      </symbol>
      <symbol id="sm-14d">
         <name>CanaISR</name>
         <value>0x12565</value>
         <object_component_ref idref="oc-bf"/>
      </symbol>
      <symbol id="sm-14e">
         <name>i</name>
         <value>0xc3bc</value>
         <object_component_ref idref="oc-1aa"/>
      </symbol>
      <symbol id="sm-14f">
         <name>txMsgSuccessful</name>
         <value>0xc39c</value>
         <object_component_ref idref="oc-14a"/>
      </symbol>
      <symbol id="sm-150">
         <name>main</name>
         <value>0x12209</value>
         <object_component_ref idref="oc-c3"/>
      </symbol>
      <symbol id="sm-151">
         <name>LedIndicator</name>
         <value>0xc3a2</value>
         <object_component_ref idref="oc-14a"/>
      </symbol>
      <symbol id="sm-152">
         <name>InitLedGpioPorts</name>
         <value>0x12787</value>
         <object_component_ref idref="oc-164"/>
      </symbol>
      <symbol id="sm-153">
         <name>txMsgData</name>
         <value>0xc3b4</value>
         <object_component_ref idref="oc-1a0"/>
      </symbol>
      <symbol id="sm-162">
         <name>code_start</name>
         <value>0x80000</value>
         <object_component_ref idref="oc-cb"/>
      </symbol>
      <symbol id="sm-16c">
         <name>copy_sections</name>
         <value>0x88000</value>
         <object_component_ref idref="oc-d5"/>
      </symbol>
      <symbol id="sm-182">
         <name>NOTUSED_ISR</name>
         <value>0x12d29</value>
         <object_component_ref idref="oc-e3"/>
      </symbol>
      <symbol id="sm-183">
         <name>PIE_RESERVED_ISR</name>
         <value>0x12d33</value>
         <object_component_ref idref="oc-da"/>
      </symbol>
      <symbol id="sm-193">
         <name>GpioCtrlRegs</name>
         <value>0x7c00</value>
         <object_component_ref idref="oc-276"/>
      </symbol>
      <symbol id="sm-194">
         <name>GpioDataRegs</name>
         <value>0x7f00</value>
         <object_component_ref idref="oc-14d"/>
      </symbol>
      <symbol id="sm-1a1">
         <name>PieVectTableInit</name>
         <value>0xc000</value>
         <object_component_ref idref="oc-e0"/>
      </symbol>
      <symbol id="sm-21d">
         <name>Device_enableAllPeripherals</name>
         <value>0x1230f</value>
         <object_component_ref idref="oc-25c"/>
      </symbol>
      <symbol id="sm-21e">
         <name>Device_initGPIO</name>
         <value>0x12a46</value>
         <object_component_ref idref="oc-158"/>
      </symbol>
      <symbol id="sm-21f">
         <name>Example_Fail</name>
         <value>0xc3a8</value>
         <object_component_ref idref="oc-262"/>
      </symbol>
      <symbol id="sm-220">
         <name>Device_init</name>
         <value>0x128bc</value>
         <object_component_ref idref="oc-152"/>
      </symbol>
      <symbol id="sm-221">
         <name>Example_Result</name>
         <value>0xc3a4</value>
         <object_component_ref idref="oc-262"/>
      </symbol>
      <symbol id="sm-222">
         <name>Device_enableUnbondedGPIOPullups</name>
         <value>0x12bab</value>
         <object_component_ref idref="oc-26d"/>
      </symbol>
      <symbol id="sm-223">
         <name>__error__</name>
         <value>0x12d4d</value>
         <object_component_ref idref="oc-210"/>
      </symbol>
      <symbol id="sm-224">
         <name>Device_configureTMXAnalogTrim</name>
         <value>0x129a9</value>
         <object_component_ref idref="oc-237"/>
      </symbol>
      <symbol id="sm-225">
         <name>Device_enableUnbondedGPIOPullupsFor176Pin</name>
         <value>0x12c3e</value>
         <object_component_ref idref="oc-323"/>
      </symbol>
      <symbol id="sm-226">
         <name>Example_PassCount</name>
         <value>0xc3a6</value>
         <object_component_ref idref="oc-262"/>
      </symbol>
      <symbol id="sm-227">
         <name>Device_enableUnbondedGPIOPullupsFor100Pin</name>
         <value>0x12ade</value>
         <object_component_ref idref="oc-31d"/>
      </symbol>
      <symbol id="sm-231">
         <name>_c_int00</name>
         <value>0xa0129</value>
         <object_component_ref idref="oc-a8"/>
      </symbol>
      <symbol id="sm-232">
         <name>__stack</name>
         <value>0x400</value>
         <object_component_ref idref="oc-e9"/>
      </symbol>
      <symbol id="sm-23f">
         <name>_system_pre_init</name>
         <value>0xa016a</value>
         <object_component_ref idref="oc-118"/>
      </symbol>
      <symbol id="sm-24e">
         <name>__TI_auto_init_nobinit_nopinit</name>
         <value>0xa00b8</value>
         <object_component_ref idref="oc-1cf"/>
      </symbol>
      <symbol id="sm-25d">
         <name>__TI_zero_init_nomemset</name>
         <value>0xa0140</value>
         <object_component_ref idref="oc-10c"/>
      </symbol>
      <symbol id="sm-26a">
         <name>__TI_decompress_none</name>
         <value>0xa0162</value>
         <object_component_ref idref="oc-a1"/>
      </symbol>
      <symbol id="sm-27e">
         <name>__TI_decompress_lzss</name>
         <value>0xa0088</value>
         <object_component_ref idref="oc-9b"/>
      </symbol>
      <symbol id="sm-294">
         <name>C$$EXIT</name>
         <value>0xa00e3</value>
         <object_component_ref idref="oc-125"/>
      </symbol>
      <symbol id="sm-295">
         <name>abort</name>
         <value>0xa00e3</value>
         <object_component_ref idref="oc-125"/>
      </symbol>
      <symbol id="sm-296">
         <name>exit</name>
         <value>0xa00e5</value>
         <object_component_ref idref="oc-125"/>
      </symbol>
      <symbol id="sm-297">
         <name>__TI_dtors_ptr</name>
         <value>0xc3ae</value>
         <object_component_ref idref="oc-201"/>
      </symbol>
      <symbol id="sm-298">
         <name>__TI_cleanup_ptr</name>
         <value>0xc3ac</value>
         <object_component_ref idref="oc-201"/>
      </symbol>
      <symbol id="sm-299">
         <name>__TI_enable_exit_profile_output</name>
         <value>0xc3aa</value>
         <object_component_ref idref="oc-201"/>
      </symbol>
      <symbol id="sm-2b0">
         <name>_nop</name>
         <value>0xa0161</value>
         <object_component_ref idref="oc-2d4"/>
      </symbol>
      <symbol id="sm-2b1">
         <name>_lock</name>
         <value>0xc3b0</value>
         <object_component_ref idref="oc-204"/>
      </symbol>
      <symbol id="sm-2b2">
         <name>_unlock</name>
         <value>0xc3b2</value>
         <object_component_ref idref="oc-33e"/>
      </symbol>
      <symbol id="sm-2b3">
         <name>_register_lock</name>
         <value>0xa015d</value>
         <object_component_ref idref="oc-2d4"/>
      </symbol>
      <symbol id="sm-2b4">
         <name>_register_unlock</name>
         <value>0xa0159</value>
         <object_component_ref idref="oc-2d4"/>
      </symbol>
      <symbol id="sm-2c3">
         <name>_args_main</name>
         <value>0xa014d</value>
         <object_component_ref idref="oc-11f"/>
      </symbol>
      <symbol id="sm-2d7">
         <name>memcpy</name>
         <value>0xa010c</value>
         <object_component_ref idref="oc-104"/>
      </symbol>
      <symbol id="sm-2e4">
         <name>_system_post_cinit</name>
         <value>0xa016c</value>
         <object_component_ref idref="oc-2ba"/>
      </symbol>
      <symbol id="sm-366">
         <name>CAN_sendMessage</name>
         <value>0x125e8</value>
         <object_component_ref idref="oc-1a3"/>
      </symbol>
      <symbol id="sm-367">
         <name>CAN_setBitTiming</name>
         <value>0x126c2</value>
         <object_component_ref idref="oc-281"/>
      </symbol>
      <symbol id="sm-368">
         <name>CAN_clearInterruptStatus</name>
         <value>0x12876</value>
         <object_component_ref idref="oc-138"/>
      </symbol>
      <symbol id="sm-369">
         <name>CAN_setupMessageObject</name>
         <value>0x123fa</value>
         <object_component_ref idref="oc-194"/>
      </symbol>
      <symbol id="sm-36a">
         <name>CAN_initModule</name>
         <value>0x12afb</value>
         <object_component_ref idref="oc-16a"/>
      </symbol>
      <symbol id="sm-36b">
         <name>CAN_setBitRate</name>
         <value>0x12726</value>
         <object_component_ref idref="oc-170"/>
      </symbol>
      <symbol id="sm-378">
         <name>GPIO_setPinConfig</name>
         <value>0x1293b</value>
         <object_component_ref idref="oc-15e"/>
      </symbol>
      <symbol id="sm-3c7">
         <name>Interrupt_defaultHandler</name>
         <value>0x12bc1</value>
         <object_component_ref idref="oc-ea"/>
      </symbol>
      <symbol id="sm-3c8">
         <name>Interrupt_initModule</name>
         <value>0x128fe</value>
         <object_component_ref idref="oc-17c"/>
      </symbol>
      <symbol id="sm-3c9">
         <name>Interrupt_nmiHandler</name>
         <value>0x12d1f</value>
         <object_component_ref idref="oc-fc"/>
      </symbol>
      <symbol id="sm-3ca">
         <name>Interrupt_enable</name>
         <value>0x12972</value>
         <object_component_ref idref="oc-188"/>
      </symbol>
      <symbol id="sm-3cb">
         <name>Interrupt_initVectorTable</name>
         <value>0x12a86</value>
         <object_component_ref idref="oc-eb"/>
      </symbol>
      <symbol id="sm-3cc">
         <name>Interrupt_illegalOperationHandler</name>
         <value>0x12d15</value>
         <object_component_ref idref="oc-f6"/>
      </symbol>
      <symbol id="sm-4a5">
         <name>SysCtl_delay</name>
         <value>0xb000</value>
         <object_component_ref idref="oc-1a9"/>
      </symbol>
      <symbol id="sm-4a6">
         <name>SysCtl_getDeviceParametric</name>
         <value>0x1265a</value>
         <object_component_ref idref="oc-231"/>
      </symbol>
      <symbol id="sm-4a7">
         <name>SysCtl_selectXTAL</name>
         <value>0x124d5</value>
         <object_component_ref idref="oc-34b"/>
      </symbol>
      <symbol id="sm-4a8">
         <name>SysCtl_selectOscSource</name>
         <value>0x1282e</value>
         <object_component_ref idref="oc-300"/>
      </symbol>
      <symbol id="sm-4a9">
         <name>SysCtl_getLowSpeedClock</name>
         <value>0x12b4b</value>
         <object_component_ref idref="oc-250"/>
      </symbol>
      <symbol id="sm-4aa">
         <name>SysCtl_setClock</name>
         <value>0x12000</value>
         <object_component_ref idref="oc-23d"/>
      </symbol>
      <symbol id="sm-4ab">
         <name>SysCtl_getClock</name>
         <value>0x127dd</value>
         <object_component_ref idref="oc-249"/>
      </symbol>
      <symbol id="sm-4b8">
         <name>__c28xabi_divf</name>
         <value>0xa0000</value>
         <object_component_ref idref="oc-30c"/>
      </symbol>
      <symbol id="sm-4ba">
         <name>__c_args__</name>
         <value>0x0</value>
      </symbol>
   </symbol_table>
   <title>Link successful</title>
</link_info>
