******************************************************************************
             TMS320C2000 Linker PC v22.6.1                     
******************************************************************************
>> Linked Fri Jul 19 14:04:41 2024

OUTPUT FILE NAME:   <5_CAN_Transmit_Receive_CPU1_FLASH_SECTIONCOPY.out>
ENTRY POINT SYMBOL: "_c_int00"  address: 000a0129


MEMORY CONFIGURATION

         name            origin    length      used     unused   attr    fill
----------------------  --------  ---------  --------  --------  ----  --------
PAGE 0:
  RAMM0                 00000123   000002dd  00000000  000002dd  RWIX
  RAMLS0_LS5            00008000   00003000  00000000  00003000  RWIX
  RAMD0                 0000b000   00000800  00000024  000007dc  RWIX
  RAMGS6_GS11           00012000   00005ff8  00000d5a  0000529e  RWIX
  BEGIN                 00080000   00000002  00000002  00000000  RWIX
  FLASHA                00080002   00001ffe  00000000  00001ffe  RWIX
  FLASHBCD              00082000   00006000  00000d5a  000052a6  RWIX
  FLASHE                00088000   00008000  00000065  00007f9b  RWIX
  FLASHF                00090000   00008000  00000399  00007c67  RWIX
  FLASHG                00098000   00008000  00000004  00007ffc  RWIX
  FLASHH                000a0000   00008000  0000016d  00007e93  RWIX
  FLASHI                000a8000   00008000  00000000  00008000  RWIX
  FLASHJ                000b0000   00008000  00000000  00008000  RWIX
  FLASHK                000b8000   00002000  00000000  00002000  RWIX
  FLASHL                000ba000   00002000  00000000  00002000  RWIX
  FLASHM                000bc000   00002000  00000000  00002000  RWIX
  FLASHN                000be000   00001ff0  00000000  00001ff0  RWIX
  RESET                 003fffc0   00000002  00000000  00000002  RWIX

PAGE 1:
  BOOT_RSVD             00000002   00000121  00000000  00000121  RWIX
  RAMM1                 00000400   000003f8  000003f8  00000000  RWIX
  ADCARESULT            00000b00   00000018  00000000  00000018  RWIX
  ADCBRESULT            00000b20   00000018  00000000  00000018  RWIX
  ADCCRESULT            00000b40   00000018  00000000  00000018  RWIX
  ADCDRESULT            00000b60   00000018  00000000  00000018  RWIX
  CPUTIMER0             00000c00   00000008  00000000  00000008  RWIX
  CPUTIMER1             00000c08   00000008  00000000  00000008  RWIX
  CPUTIMER2             00000c10   00000008  00000000  00000008  RWIX
  PIECTRL               00000ce0   0000001a  00000000  0000001a  RWIX
  PIEVECTTABLE          00000d00   00000200  00000000  00000200  RWIX
  DMA                   00001000   00000200  00000000  00000200  RWIX
  CLA1                  00001400   00000080  00000000  00000080  RWIX
  CLB1LOGICCFG          00003000   00000052  00000000  00000052  RWIX
  CLB1LOGICCTRL         00003100   00000040  00000000  00000040  RWIX
  CLB1DATAEXCH          00003200   00000200  00000000  00000200  RWIX
  CLB2LOGICCFG          00003400   00000052  00000000  00000052  RWIX
  CLB2LOGICCTRL         00003500   00000040  00000000  00000040  RWIX
  CLB2DATAEXCH          00003600   00000200  00000000  00000200  RWIX
  CLB3LOGICCFG          00003800   00000052  00000000  00000052  RWIX
  CLB3LOGICCTRL         00003900   00000040  00000000  00000040  RWIX
  CLB3DATAEXCH          00003a00   00000200  00000000  00000200  RWIX
  CLB4LOGICCFG          00003c00   00000052  00000000  00000052  RWIX
  CLB4LOGICCTRL         00003d00   00000040  00000000  00000040  RWIX
  CLB4DATAEXCH          00003e00   00000200  00000000  00000200  RWIX
  EPWM1                 00004000   00000100  00000000  00000100  RWIX
  EPWM2                 00004100   00000100  00000000  00000100  RWIX
  EPWM3                 00004200   00000100  00000000  00000100  RWIX
  EPWM4                 00004300   00000100  00000000  00000100  RWIX
  EPWM5                 00004400   00000100  00000000  00000100  RWIX
  EPWM6                 00004500   00000100  00000000  00000100  RWIX
  EPWM7                 00004600   00000100  00000000  00000100  RWIX
  EPWM8                 00004700   00000100  00000000  00000100  RWIX
  EPWM9                 00004800   00000100  00000000  00000100  RWIX
  EPWM10                00004900   00000100  00000000  00000100  RWIX
  EPWM11                00004a00   00000100  00000000  00000100  RWIX
  EPWM12                00004b00   00000100  00000000  00000100  RWIX
  ECAP1                 00005000   00000020  00000000  00000020  RWIX
  ECAP2                 00005020   00000020  00000000  00000020  RWIX
  ECAP3                 00005040   00000020  00000000  00000020  RWIX
  ECAP4                 00005060   00000020  00000000  00000020  RWIX
  ECAP5                 00005080   00000020  00000000  00000020  RWIX
  ECAP6                 000050a0   00000020  00000000  00000020  RWIX
  EQEP1                 00005100   00000022  00000000  00000022  RWIX
  EQEP2                 00005140   00000022  00000000  00000022  RWIX
  EQEP3                 00005180   00000022  00000000  00000022  RWIX
  DACA                  00005c00   00000008  00000000  00000008  RWIX
  DACB                  00005c10   00000008  00000000  00000008  RWIX
  DACC                  00005c20   00000008  00000000  00000008  RWIX
  CMPSS1                00005c80   00000020  00000000  00000020  RWIX
  CMPSS2                00005ca0   00000020  00000000  00000020  RWIX
  CMPSS3                00005cc0   00000020  00000000  00000020  RWIX
  CMPSS4                00005ce0   00000020  00000000  00000020  RWIX
  CMPSS5                00005d00   00000020  00000000  00000020  RWIX
  CMPSS6                00005d20   00000020  00000000  00000020  RWIX
  CMPSS7                00005d40   00000020  00000000  00000020  RWIX
  CMPSS8                00005d60   00000020  00000000  00000020  RWIX
  SDFM1                 00005e00   00000080  00000000  00000080  RWIX
  SDFM2                 00005e80   00000080  00000000  00000080  RWIX
  MCBSPA                00006000   00000024  00000000  00000024  RWIX
  MCBSPB                00006040   00000024  00000000  00000024  RWIX
  SPIA                  00006100   00000010  00000000  00000010  RWIX
  SPIB                  00006110   00000010  00000000  00000010  RWIX
  SPIC                  00006120   00000010  00000000  00000010  RWIX
  UPP                   00006200   00000048  00000000  00000048  RWIX
  WD                    00007000   0000002b  00000000  0000002b  RWIX
  NMIINTRUPT            00007060   00000007  00000000  00000007  RWIX
  XINT                  00007070   0000000b  00000000  0000000b  RWIX
  SCIA                  00007200   00000010  00000000  00000010  RWIX
  SCIB                  00007210   00000010  00000000  00000010  RWIX
  SCIC                  00007220   00000010  00000000  00000010  RWIX
  SCID                  00007230   00000010  00000000  00000010  RWIX
  I2CA                  00007300   00000022  00000000  00000022  RWIX
  I2CB                  00007340   00000022  00000000  00000022  RWIX
  ADCA                  00007400   00000080  00000000  00000080  RWIX
  ADCB                  00007480   00000080  00000000  00000080  RWIX
  ADCC                  00007500   00000080  00000000  00000080  RWIX
  ADCD                  00007580   00000080  00000000  00000080  RWIX
  INPUTXBAR             00007900   00000020  00000000  00000020  RWIX
  XBAR                  00007920   00000020  00000000  00000020  RWIX
  SYNCSOC               00007940   00000006  00000000  00000006  RWIX
  DMACLASRCSEL          00007980   0000001a  00000000  0000001a  RWIX
  EPWMXBAR              00007a00   00000040  00000000  00000040  RWIX
  CLBXBAR               00007a40   00000040  00000000  00000040  RWIX
  OUTPUTXBAR            00007a80   00000040  00000000  00000040  RWIX
  GPIOCTRL              00007c00   00000180  00000180  00000000  RWIX
  GPIODATA              00007f00   00000030  00000030  00000000  RWIX
  RAMD1                 0000b800   00000800  00000000  00000800  RWIX
  RAMGS0                0000c000   00001000  000003bd  00000c43  RWIX
  RAMGS1                0000d000   00001000  00000000  00001000  RWIX
  RAMGS2                0000e000   00001000  00000000  00001000  RWIX
  RAMGS3                0000f000   00001000  00000000  00001000  RWIX
  RAMGS4                00010000   00001000  00000000  00001000  RWIX
  RAMGS5                00011000   00001000  00000000  00001000  RWIX
  RAMGS12               00018000   00001000  00000000  00001000  RWIX
  RAMGS13               00019000   00001000  00000000  00001000  RWIX
  RAMGS14               0001a000   00001000  00000000  00001000  RWIX
  RAMGS15               0001b000   00000ff8  00000000  00000ff8  RWIX
  CPU2TOCPU1RAM         0003f800   00000400  00000000  00000400  RWIX
  CPU1TOCPU2RAM         0003fc00   00000400  00000000  00000400  RWIX
  EMIF1                 00047000   00000070  00000000  00000070  RWIX
  EMIF2                 00047800   00000070  00000000  00000070  RWIX
  CANA                  00048000   00000200  00000000  00000200  RWIX
  CANB                  0004a000   00000200  00000000  00000200  RWIX
  IPC                   00050000   00000024  00000000  00000024  RWIX
  FLASHPUMPSEMAPHORE    00050024   00000002  00000000  00000002  RWIX
  DEVCFG                0005d000   0000012e  00000000  0000012e  RWIX
  ANALOGSUBSYS          0005d180   00000048  00000000  00000048  RWIX
  CLKCFG                0005d200   00000032  00000000  00000032  RWIX
  CPUSYS                0005d300   00000082  00000000  00000082  RWIX
  ROMPREFETCH           0005e608   00000002  00000000  00000002  RWIX
  DCSMZ1                0005f000   00000024  00000000  00000024  RWIX
  DCSMZ2                0005f040   00000024  00000000  00000024  RWIX
  DCSMCOMMON            0005f070   00000008  00000000  00000008  RWIX
  MEMCFG                0005f400   00000080  00000000  00000080  RWIX
  EMIF1CONFIG           0005f480   00000020  00000000  00000020  RWIX
  EMIF2CONFIG           0005f4a0   00000020  00000000  00000020  RWIX
  ACCESSPROTECTION      0005f4c0   00000040  00000000  00000040  RWIX
  MEMORYERROR           0005f500   00000040  00000000  00000040  RWIX
  ROMWAITSTATE          0005f540   00000002  00000000  00000002  RWIX
  FLASH0CTRL            0005f800   00000182  00000000  00000182  RWIX
  FLASH0ECC             0005fb00   00000028  00000000  00000028  RWIX
  UID                   000703c0   00000010  00000000  00000010  RWIX


SECTION ALLOCATION MAP

 output                                  attributes/
section   page    origin      length       input sections
--------  ----  ----------  ----------   ----------------
.switch    0    0000b000    00000000     UNINITIALIZED

codestart 
*          0    00080000    00000002     
                  00080000    00000002     DSP28xxx_CodeStartBranch(Beta).obj (codestart)

.text      0    00082000    00000d5a     RUN ADDR = 00012000
                  00082000    00000209     driverlib_eabi.lib : sysctl.obj (.text:SysCtl_setClock)
                  00082209    00000106     5_CAN_Transmit_Receive.obj (.text:main)
                  0008230f    000000eb     device.obj (.text:Device_enableAllPeripherals)
                  000823fa    000000db     driverlib_eabi.lib : can.obj (.text:CAN_setupMessageObject)
                  000824d5    00000090                        : sysctl.obj (.text:SysCtl_selectXTAL)
                  00082565    00000083     5_CAN_Transmit_Receive.obj (.text:CanaISR)
                  000825e8    00000072     driverlib_eabi.lib : can.obj (.text:CAN_sendMessage)
                  0008265a    00000068                        : sysctl.obj (.text:SysCtl_getDeviceParametric)
                  000826c2    00000064                        : can.obj (.text:CAN_setBitTiming)
                  00082726    00000061                        : can.obj (.text:CAN_setBitRate)
                  00082787    00000056     5_CAN_Transmit_Receive.obj (.text:InitLedGpioPorts)
                  000827dd    00000051     driverlib_eabi.lib : sysctl.obj (.text:SysCtl_getClock)
                  0008282e    00000048                        : sysctl.obj (.text:SysCtl_selectOscSource)
                  00082876    00000046                        : can.obj (.text:CAN_clearInterruptStatus)
                  000828bc    00000042     device.obj (.text:Device_init)
                  000828fe    0000003d     driverlib_eabi.lib : interrupt.obj (.text:Interrupt_initModule)
                  0008293b    00000037                        : gpio.obj (.text:GPIO_setPinConfig)
                  00082972    00000037                        : interrupt.obj (.text:Interrupt_enable)
                  000829a9    00000031     device.obj (.text:Device_configureTMXAnalogTrim)
                  000829da    00000028     driverlib_eabi.lib : sysctl.obj (.text:CPUTimer_selectClockSource)
                  00082a02    00000022     5_CAN_Transmit_Receive.obj (.text:CAN_enableInterrupt)
                  00082a24    00000022     driverlib_eabi.lib : can.obj (.text:CAN_writeDataReg)
                  00082a46    00000021     device.obj (.text:Device_initGPIO)
                  00082a67    0000001f     driverlib_eabi.lib : sysctl.obj (.text:CPUTimer_getTimerOverflowStatus)
                  00082a86    0000001e                        : interrupt.obj (.text:Interrupt_initVectorTable)
                  00082aa4    0000001d     5_CAN_Transmit_Receive.obj (.text:CAN_clearGlobalInterruptStatus)
                  00082ac1    0000001d     5_CAN_Transmit_Receive.obj (.text:CAN_enableGlobalInterrupt)
                  00082ade    0000001d     device.obj (.text:Device_enableUnbondedGPIOPullupsFor100Pin)
                  00082afb    0000001c     driverlib_eabi.lib : can.obj (.text:CAN_initModule)
                  00082b17    0000001a                        : can.obj (.text:CAN_initRAM)
                  00082b31    0000001a                        : sysctl.obj (.text:CPUTimer_startTimer)
                  00082b4b    0000001a                        : sysctl.obj (.text:SysCtl_getLowSpeedClock)
                  00082b65    00000018     device.obj (.text:SysCtl_disablePeripheral)
                  00082b7d    00000017     driverlib_eabi.lib : sysctl.obj (.text:CPUTimer_isBaseValid)
                  00082b94    00000017     device.obj (.text:SysCtl_enablePeripheral)
                  00082bab    00000016     device.obj (.text:Device_enableUnbondedGPIOPullups)
                  00082bc1    00000016     driverlib_eabi.lib : interrupt.obj (.text:Interrupt_defaultHandler)
                  00082bd7    00000015     5_CAN_Transmit_Receive.obj (.text:CAN_isBaseValid)
                  00082bec    00000015     driverlib_eabi.lib : can.obj (.text:CAN_isBaseValid)
                  00082c01    00000015     device.obj (.text:GPIO_unlockPortConfig)
                  00082c16    00000014     driverlib_eabi.lib : sysctl.obj (.text:CPUTimer_stopTimer)
                  00082c2a    00000014     device.obj (.text:SysCtl_deviceCal)
                  00082c3e    00000013     device.obj (.text:Device_enableUnbondedGPIOPullupsFor176Pin)
                  00082c51    00000012     5_CAN_Transmit_Receive.obj (.text:CAN_getInterruptCause)
                  00082c63    00000012     driverlib_eabi.lib : sysctl.obj (.text:CPUTimer_clearOverflowFlag)
                  00082c75    00000012                        : sysctl.obj (.text:CPUTimer_disableInterrupt)
                  00082c87    00000011     5_CAN_Transmit_Receive.obj (.text:CAN_startModule)
                  00082c98    00000011     driverlib_eabi.lib : sysctl.obj (.text:CPUTimer_setPeriod)
                  00082ca9    00000010     5_CAN_Transmit_Receive.obj (.text:CAN_getStatus)
                  00082cb9    00000010     5_CAN_Transmit_Receive.obj (.text:Interrupt_register)
                  00082cc9    0000000f     driverlib_eabi.lib : sysctl.obj (.text:SysCtl_pollCpuTimer)
                  00082cd8    0000000d                        : interrupt.obj (.text:Interrupt_disableGlobal)
                  00082ce5    0000000d                        : interrupt.obj (.text:Interrupt_enableGlobal)
                  00082cf2    0000000d     device.obj (.text:SysCtl_setLowSpeedClock)
                  00082cff    0000000b     device.obj (.text:SysCtl_disableWatchdog)
                  00082d0a    0000000b     driverlib_eabi.lib : sysctl.obj (.text:SysCtl_isMCDClockFailureDetected)
                  00082d15    0000000a                        : interrupt.obj (.text:Interrupt_illegalOperationHandler)
                  00082d1f    0000000a                        : interrupt.obj (.text:Interrupt_nmiHandler)
                  00082d29    0000000a     F2837xD_DefaultISR_Modified.obj (.text:NOTUSED_ISR)
                  00082d33    0000000a     F2837xD_DefaultISR_Modified.obj (.text:PIE_RESERVED_ISR)
                  00082d3d    00000009     driverlib_eabi.lib : sysctl.obj (.text:SysCtl_serviceWatchdog)
                  00082d46    00000007                        : sysctl.obj (.text:SysCtl_resetMCD)
                  00082d4d    00000007     device.obj (.text:__error__)
                  00082d54    00000006     5_CAN_Transmit_Receive.obj (.text:Interrupt_clearACKGroup)

copysections 
*          0    00088000    0000003d     
                  00088000    0000003d     DSP28xxx_SectionCopy_nonBIOS(Beta).obj (copysections)

wddisable 
*          0    00088040    00000008     
                  00088040    00000008     DSP28xxx_CodeStartBranch(Beta).obj (wddisable)

.cinit     0    00088048    00000020     RUN ADDR = 0000b008
                  00088048    0000000d     (.cinit..data.load) [load image, compression = lzss]
                  00088055    00000001     --HOLE-- [fill = 0]
                  00088056    00000006     (__TI_handler_table)
                  0008805c    00000004     (.cinit..bss.load) [load image, compression = zero_init]
                  00088060    00000008     (__TI_cinit_table)

rtslib     0    000a0000    0000016d     
                  000a0000    00000088     rts2800_fpu32_eabi.lib : fs_div28.asm.obj (.text)
                  000a0088    00000030                            : copy_decompress_lzss.c.obj (.text:decompress:lzss)
                  000a00b8    0000002b                            : autoinit.c.obj (.text:__TI_auto_init_nobinit_nopinit)
                  000a00e3    00000029                            : exit.c.obj (.text)
                  000a010c    0000001d                            : memcpy.c.obj (.text)
                  000a0129    00000017                            : boot28.asm.obj (.text)
                  000a0140    0000000d                            : copy_zero_init.c.obj (.text:decompress:ZI:__TI_zero_init_nomemset)
                  000a014d    0000000c                            : args_main.c.obj (.text)
                  000a0159    00000009                            : _lock.c.obj (.text)
                  000a0162    00000008                            : copy_decompress_none.c.obj (.text:decompress:none)
                  000a016a    00000002                            : pre_init.c.obj (.text)
                  000a016c    00000001                            : startup.c.obj (.text)

.stack     1    00000400    000003f8     UNINITIALIZED
                  00000400    000003f8     --HOLE--

.reset     0    003fffc0    00000000     DSECT

.init_array 
*          0    0000b000    00000000     UNINITIALIZED

.bss       1    0000c3b4    0000000a     UNINITIALIZED
                  0000c3b4    00000008     5_CAN_Transmit_Receive.obj (.bss:txMsgData)
                  0000c3bc    00000002     5_CAN_Transmit_Receive.obj (.bss)

.data      1    0000c39a    0000001a     UNINITIALIZED
                  0000c39a    0000000a     5_CAN_Transmit_Receive.obj (.data)
                  0000c3a4    00000006     device.obj (.data)
                  0000c3aa    00000006     rts2800_fpu32_eabi.lib : exit.c.obj (.data)
                  0000c3b0    00000002                            : _lock.c.obj (.data:_lock)
                  0000c3b2    00000002                            : _lock.c.obj (.data:_unlock)

.const     0    00090000    00000399     RUN ADDR = 0000c000
                  00090000    000001c0     F2837xD_PieVect_Modified.obj (.const:PieVectTableInit)
                  000901c0    000000c2     driverlib_eabi.lib : sysctl.obj (.const:.string)
                  00090282    000000bb                        : can.obj (.const:.string)
                  0009033d    00000001     --HOLE-- [fill = 0]
                  0009033e    00000048     5_CAN_Transmit_Receive.obj (.const:.string)
                  00090386    00000013     device.obj (.const:.string)

.TI.ramfunc 
*          0    00098000    00000004     RUN ADDR = 0000b000
                  00098000    00000004     driverlib_eabi.lib : sysctl.obj (.TI.ramfunc)

GETBUFFER 
*          0    0003f800    00000000     DSECT

GETWRITEIDX 
*          0    0003f800    00000000     DSECT

PUTREADIDX 
*          0    0003f800    00000000     DSECT

GpioCtrlRegsFile 
*          1    00007c00    00000180     UNINITIALIZED
                  00007c00    00000180     F2837xD_GlobalVariableDefs.obj (GpioCtrlRegsFile)

GpioDataRegsFile 
*          1    00007f00    00000030     UNINITIALIZED
                  00007f00    00000030     F2837xD_GlobalVariableDefs.obj (GpioDataRegsFile)

MODULE SUMMARY

       Module                                   code   ro data   rw data
       ------                                   ----   -------   -------
    .\
       5_CAN_Transmit_Receive.obj               1330   144       20     
       F2837xD_PieVect_Modified.obj             0      896       0      
       F2837xD_GlobalVariableDefs.obj           0      0         432    
       DSP28xxx_SectionCopy_nonBIOS(Beta).obj   61     0         0      
       F2837xD_DefaultISR_Modified.obj          40     0         0      
       DSP28xxx_CodeStartBranch(Beta).obj       10     0         0      
    +--+----------------------------------------+------+---------+---------+
       Total:                                   1441   1040      452    
                                                                        
    .\device\
       device.obj                               1144   38        6      
    +--+----------------------------------------+------+---------+---------+
       Total:                                   1144   38        6      
                                                                        
    ..\driverlib_eabi.lib
       sysctl.obj                               2374   388       0      
       can.obj                                  1418   374       0      
       interrupt.obj                            428    0         0      
       gpio.obj                                 110    0         0      
    +--+----------------------------------------+------+---------+---------+
       Total:                                   4330   762       0      
                                                                        
    C:/ti/ccs1270/ccs/tools/compiler/ti-cgt-c2000_22.6.1.LTS/lib/rts2800_fpu32_eabi.lib
       copy_decompress_lzss.c.obj               48     0         0      
       exit.c.obj                               41     0         6      
       autoinit.c.obj                           43     0         0      
       memcpy.c.obj                             29     0         0      
       boot28.asm.obj                           23     0         0      
       _lock.c.obj                              9      0         4      
       copy_zero_init.c.obj                     13     0         0      
       args_main.c.obj                          12     0         0      
       copy_decompress_none.c.obj               8      0         0      
       pre_init.c.obj                           2      0         0      
       startup.c.obj                            1      0         0      
    +--+----------------------------------------+------+---------+---------+
       Total:                                   229    0         10     
                                                                        
    C:\ti\ccs1270\ccs\tools\compiler\ti-cgt-c2000_22.6.1.LTS\lib\rts2800_fpu32_eabi.lib
       fs_div28.asm.obj                         136    0         0      
    +--+----------------------------------------+------+---------+---------+
       Total:                                   136    0         0      
                                                                        
       Stack:                                   0      0         1016   
       Linker Generated:                        0      62        0      
    +--+----------------------------------------+------+---------+---------+
       Grand Total:                             7280   1902      1484   


LINKER GENERATED COPY TABLES

__TI_cinit_table @ 00088060 records: 2, size/record: 4, table size: 8
	.data: load addr=0000b008, load size=0000000d bytes, run addr=0000c39a, run size=0000001a bytes, compression=lzss
	.bss: load addr=0000b01c, load size=00000004 bytes, run addr=0000c3b4, run size=0000000a bytes, compression=zero_init


LINKER GENERATED HANDLER TABLE

__TI_handler_table @ 00088056 records: 3, size/record: 2, table size: 6
	index: 0, handler: __TI_zero_init
	index: 1, handler: __TI_decompress_lzss
	index: 2, handler: __TI_decompress_none


GLOBAL DATA SYMBOLS: SORTED BY DATA PAGE

address     data page           name
--------    ----------------    ----
00000400      10 (00000400)     __stack

00007c00     1f0 (00007c00)     GpioCtrlRegs

00007f00     1fc (00007f00)     GpioDataRegs

0000c000     300 (0000c000)     PieVectTableInit

0000c39a     30e (0000c380)     txMsgCount
0000c39c     30e (0000c380)     txMsgSuccessful
0000c39e     30e (0000c380)     errorFlag
0000c3a0     30e (0000c380)     errorCounter
0000c3a2     30e (0000c380)     LedIndicator
0000c3a4     30e (0000c380)     Example_Result
0000c3a6     30e (0000c380)     Example_PassCount
0000c3a8     30e (0000c380)     Example_Fail
0000c3aa     30e (0000c380)     __TI_enable_exit_profile_output
0000c3ac     30e (0000c380)     __TI_cleanup_ptr
0000c3ae     30e (0000c380)     __TI_dtors_ptr
0000c3b0     30e (0000c380)     _lock
0000c3b2     30e (0000c380)     _unlock
0000c3b4     30e (0000c380)     txMsgData
0000c3bc     30e (0000c380)     i


GLOBAL SYMBOLS: SORTED ALPHABETICALLY BY Name 

page  address   name                                     
----  -------   ----                                     
0     000a00e3  C$$EXIT                                  
0     00012876  CAN_clearInterruptStatus                 
0     00012afb  CAN_initModule                           
0     000125e8  CAN_sendMessage                          
0     00012726  CAN_setBitRate                           
0     000126c2  CAN_setBitTiming                         
0     000123fa  CAN_setupMessageObject                   
0     00012565  CanaISR                                  
0     000129a9  Device_configureTMXAnalogTrim            
0     0001230f  Device_enableAllPeripherals              
0     00012bab  Device_enableUnbondedGPIOPullups         
0     00012ade  Device_enableUnbondedGPIOPullupsFor100Pin
0     00012c3e  Device_enableUnbondedGPIOPullupsFor176Pin
0     000128bc  Device_init                              
0     00012a46  Device_initGPIO                          
1     0000c3a8  Example_Fail                             
1     0000c3a6  Example_PassCount                        
1     0000c3a4  Example_Result                           
0     0001293b  GPIO_setPinConfig                        
1     00007c00  GpioCtrlRegs                             
1     00007f00  GpioDataRegs                             
0     00012787  InitLedGpioPorts                         
0     00012bc1  Interrupt_defaultHandler                 
0     00012972  Interrupt_enable                         
0     00012d15  Interrupt_illegalOperationHandler        
0     000128fe  Interrupt_initModule                     
0     00012a86  Interrupt_initVectorTable                
0     00012d1f  Interrupt_nmiHandler                     
1     0000c3a2  LedIndicator                             
0     00012d29  NOTUSED_ISR                              
0     00012d33  PIE_RESERVED_ISR                         
0     0000c000  PieVectTableInit                         
0     0000b000  SysCtl_delay                             
0     000127dd  SysCtl_getClock                          
0     0001265a  SysCtl_getDeviceParametric               
0     00012b4b  SysCtl_getLowSpeedClock                  
0     0001282e  SysCtl_selectOscSource                   
0     000124d5  SysCtl_selectXTAL                        
0     00012000  SysCtl_setClock                          
0     0000b020  __TI_CINIT_Base                          
0     0000b028  __TI_CINIT_Limit                         
0     0000b028  __TI_CINIT_Warm                          
0     0000b016  __TI_Handler_Table_Base                  
0     0000b01c  __TI_Handler_Table_Limit                 
1     000007f8  __TI_STACK_END                           
abs   000003f8  __TI_STACK_SIZE                          
0     000a00b8  __TI_auto_init_nobinit_nopinit           
1     0000c3ac  __TI_cleanup_ptr                         
0     000a0088  __TI_decompress_lzss                     
0     000a0162  __TI_decompress_none                     
1     0000c3ae  __TI_dtors_ptr                           
1     0000c3aa  __TI_enable_exit_profile_output          
abs   ffffffff  __TI_pprof_out_hndl                      
abs   ffffffff  __TI_prof_data_size                      
abs   ffffffff  __TI_prof_data_start                     
0     000a0140  __TI_zero_init_nomemset                  
0     000a0000  __c28xabi_divf                           
n/a   UNDEFED   __c_args__                               
0     00012d4d  __error__                                
1     00000400  __stack                                  
0     000a014d  _args_main                               
0     000a0129  _c_int00                                 
1     0000c3b0  _lock                                    
0     000a0161  _nop                                     
0     000a015d  _register_lock                           
0     000a0159  _register_unlock                         
0     000a016c  _system_post_cinit                       
0     000a016a  _system_pre_init                         
1     0000c3b2  _unlock                                  
0     000a00e3  abort                                    
0     00088048  cinit_loadstart                          
0     0000b008  cinit_runstart                           
abs   00000020  cinit_size                               
0     00080000  code_start                               
0     00090000  const_loadstart                          
0     0000c000  const_runstart                           
abs   00000399  const_size                               
0     00088000  copy_sections                            
1     0000c3a0  errorCounter                             
1     0000c39e  errorFlag                                
0     000a00e5  exit                                     
1     0000c3bc  i                                        
0     0000b000  init_array_loadstart                     
0     0000b000  init_array_runstart                      
abs   00000000  init_array_size                          
0     00012209  main                                     
0     000a010c  memcpy                                   
0     00098000  ramfuncs_loadstart                       
0     0000b000  ramfuncs_runstart                        
abs   00000004  ramfuncs_size                            
0     0000b000  switch_loadstart                         
0     0000b000  switch_runstart                          
abs   00000000  switch_size                              
0     00082000  text_loadstart                           
0     00012000  text_runstart                            
abs   00000d5a  text_size                                
1     0000c39a  txMsgCount                               
1     0000c3b4  txMsgData                                
1     0000c39c  txMsgSuccessful                          


GLOBAL SYMBOLS: SORTED BY Symbol Address 

page  address   name                                     
----  -------   ----                                     
0     0000b000  SysCtl_delay                             
0     0000b000  init_array_loadstart                     
0     0000b000  init_array_runstart                      
0     0000b000  ramfuncs_runstart                        
0     0000b000  switch_loadstart                         
0     0000b000  switch_runstart                          
0     0000b008  cinit_runstart                           
0     0000b016  __TI_Handler_Table_Base                  
0     0000b01c  __TI_Handler_Table_Limit                 
0     0000b020  __TI_CINIT_Base                          
0     0000b028  __TI_CINIT_Limit                         
0     0000b028  __TI_CINIT_Warm                          
0     0000c000  PieVectTableInit                         
0     0000c000  const_runstart                           
0     00012000  SysCtl_setClock                          
0     00012000  text_runstart                            
0     00012209  main                                     
0     0001230f  Device_enableAllPeripherals              
0     000123fa  CAN_setupMessageObject                   
0     000124d5  SysCtl_selectXTAL                        
0     00012565  CanaISR                                  
0     000125e8  CAN_sendMessage                          
0     0001265a  SysCtl_getDeviceParametric               
0     000126c2  CAN_setBitTiming                         
0     00012726  CAN_setBitRate                           
0     00012787  InitLedGpioPorts                         
0     000127dd  SysCtl_getClock                          
0     0001282e  SysCtl_selectOscSource                   
0     00012876  CAN_clearInterruptStatus                 
0     000128bc  Device_init                              
0     000128fe  Interrupt_initModule                     
0     0001293b  GPIO_setPinConfig                        
0     00012972  Interrupt_enable                         
0     000129a9  Device_configureTMXAnalogTrim            
0     00012a46  Device_initGPIO                          
0     00012a86  Interrupt_initVectorTable                
0     00012ade  Device_enableUnbondedGPIOPullupsFor100Pin
0     00012afb  CAN_initModule                           
0     00012b4b  SysCtl_getLowSpeedClock                  
0     00012bab  Device_enableUnbondedGPIOPullups         
0     00012bc1  Interrupt_defaultHandler                 
0     00012c3e  Device_enableUnbondedGPIOPullupsFor176Pin
0     00012d15  Interrupt_illegalOperationHandler        
0     00012d1f  Interrupt_nmiHandler                     
0     00012d29  NOTUSED_ISR                              
0     00012d33  PIE_RESERVED_ISR                         
0     00012d4d  __error__                                
0     00080000  code_start                               
0     00082000  text_loadstart                           
0     00088000  copy_sections                            
0     00088048  cinit_loadstart                          
0     00090000  const_loadstart                          
0     00098000  ramfuncs_loadstart                       
0     000a0000  __c28xabi_divf                           
0     000a0088  __TI_decompress_lzss                     
0     000a00b8  __TI_auto_init_nobinit_nopinit           
0     000a00e3  C$$EXIT                                  
0     000a00e3  abort                                    
0     000a00e5  exit                                     
0     000a010c  memcpy                                   
0     000a0129  _c_int00                                 
0     000a0140  __TI_zero_init_nomemset                  
0     000a014d  _args_main                               
0     000a0159  _register_unlock                         
0     000a015d  _register_lock                           
0     000a0161  _nop                                     
0     000a0162  __TI_decompress_none                     
0     000a016a  _system_pre_init                         
0     000a016c  _system_post_cinit                       
1     00000400  __stack                                  
1     000007f8  __TI_STACK_END                           
1     00007c00  GpioCtrlRegs                             
1     00007f00  GpioDataRegs                             
1     0000c39a  txMsgCount                               
1     0000c39c  txMsgSuccessful                          
1     0000c39e  errorFlag                                
1     0000c3a0  errorCounter                             
1     0000c3a2  LedIndicator                             
1     0000c3a4  Example_Result                           
1     0000c3a6  Example_PassCount                        
1     0000c3a8  Example_Fail                             
1     0000c3aa  __TI_enable_exit_profile_output          
1     0000c3ac  __TI_cleanup_ptr                         
1     0000c3ae  __TI_dtors_ptr                           
1     0000c3b0  _lock                                    
1     0000c3b2  _unlock                                  
1     0000c3b4  txMsgData                                
1     0000c3bc  i                                        
abs   00000000  init_array_size                          
abs   00000000  switch_size                              
abs   00000004  ramfuncs_size                            
abs   00000020  cinit_size                               
abs   00000399  const_size                               
abs   000003f8  __TI_STACK_SIZE                          
abs   00000d5a  text_size                                
abs   ffffffff  __TI_pprof_out_hndl                      
abs   ffffffff  __TI_prof_data_size                      
abs   ffffffff  __TI_prof_data_start                     
n/a   UNDEFED   __c_args__                               

[99 symbols]
