<?xml version="1.0" encoding="ISO-8859-1" ?>
<link_info>
   <banner>TMS320C2000 Linker PC v22.6.1.LTS</banner>
   <copyright>Copyright (c) 1996-2018 Texas Instruments Incorporated</copyright>
   <link_time>0x6699f3e0</link_time>
   <link_errors>0x0</link_errors>
   <output_file>5_CAN_Transmit_Receive_CPU1_FLASH.out</output_file>
   <entry_point>
      <name>_c_int00</name>
      <address>0x82c8a</address>
   </entry_point>
   <input_file_list>
      <input_file id="fl-2">
         <path>.\</path>
         <kind>object</kind>
         <file>5_CAN_Transmit_Receive.obj</file>
         <name>5_CAN_Transmit_Receive.obj</name>
      </input_file>
      <input_file id="fl-3">
         <path>.\</path>
         <kind>object</kind>
         <file>F2837xD_CodeStartBranch.obj</file>
         <name>F2837xD_CodeStartBranch.obj</name>
      </input_file>
      <input_file id="fl-4">
         <path>.\</path>
         <kind>object</kind>
         <file>F2837xD_DefaultISR_Modified.obj</file>
         <name>F2837xD_DefaultISR_Modified.obj</name>
      </input_file>
      <input_file id="fl-5">
         <path>.\</path>
         <kind>object</kind>
         <file>F2837xD_GlobalVariableDefs.obj</file>
         <name>F2837xD_GlobalVariableDefs.obj</name>
      </input_file>
      <input_file id="fl-6">
         <path>.\</path>
         <kind>object</kind>
         <file>F2837xD_Gpio.obj</file>
         <name>F2837xD_Gpio.obj</name>
      </input_file>
      <input_file id="fl-7">
         <path>.\</path>
         <kind>object</kind>
         <file>F2837xD_PieCtrl.obj</file>
         <name>F2837xD_PieCtrl.obj</name>
      </input_file>
      <input_file id="fl-8">
         <path>.\</path>
         <kind>object</kind>
         <file>F2837xD_PieVect_Modified.obj</file>
         <name>F2837xD_PieVect_Modified.obj</name>
      </input_file>
      <input_file id="fl-9">
         <path>.\</path>
         <kind>object</kind>
         <file>F2837xD_SysCtrl.obj</file>
         <name>F2837xD_SysCtrl.obj</name>
      </input_file>
      <input_file id="fl-a">
         <path>.\</path>
         <kind>object</kind>
         <file>F2837xD_usDelay.obj</file>
         <name>F2837xD_usDelay.obj</name>
      </input_file>
      <input_file id="fl-b">
         <path>.\device\</path>
         <kind>object</kind>
         <file>device.obj</file>
         <name>device.obj</name>
      </input_file>
      <input_file id="fl-12">
         <kind>object</kind>
         <file>&lt;internal&gt;</file>
         <name>&lt;internal&gt;</name>
      </input_file>
      <input_file id="fl-16">
         <path>..\</path>
         <kind>archive</kind>
         <file>driverlib_eabi.lib</file>
         <name>can.obj</name>
      </input_file>
      <input_file id="fl-17">
         <path>..\</path>
         <kind>archive</kind>
         <file>driverlib_eabi.lib</file>
         <name>flash.obj</name>
      </input_file>
      <input_file id="fl-18">
         <path>..\</path>
         <kind>archive</kind>
         <file>driverlib_eabi.lib</file>
         <name>gpio.obj</name>
      </input_file>
      <input_file id="fl-19">
         <path>..\</path>
         <kind>archive</kind>
         <file>driverlib_eabi.lib</file>
         <name>interrupt.obj</name>
      </input_file>
      <input_file id="fl-1a">
         <path>..\</path>
         <kind>archive</kind>
         <file>driverlib_eabi.lib</file>
         <name>sysctl.obj</name>
      </input_file>
      <input_file id="fl-26">
         <path>C:\ti\ccs1270\ccs\tools\compiler\ti-cgt-c2000_22.6.1.LTS\lib\</path>
         <kind>archive</kind>
         <file>rts2800_fpu32_eabi.lib</file>
         <name>boot28.asm.obj</name>
      </input_file>
      <input_file id="fl-27">
         <path>C:\ti\ccs1270\ccs\tools\compiler\ti-cgt-c2000_22.6.1.LTS\lib\</path>
         <kind>archive</kind>
         <file>rts2800_fpu32_eabi.lib</file>
         <name>fs_div28.asm.obj</name>
      </input_file>
      <input_file id="fl-28">
         <path>C:\ti\ccs1270\ccs\tools\compiler\ti-cgt-c2000_22.6.1.LTS\lib\</path>
         <kind>archive</kind>
         <file>rts2800_fpu32_eabi.lib</file>
         <name>memcpy.c.obj</name>
      </input_file>
      <input_file id="fl-29">
         <path>C:\ti\ccs1270\ccs\tools\compiler\ti-cgt-c2000_22.6.1.LTS\lib\</path>
         <kind>archive</kind>
         <file>rts2800_fpu32_eabi.lib</file>
         <name>pre_init.c.obj</name>
      </input_file>
      <input_file id="fl-2a">
         <path>C:\ti\ccs1270\ccs\tools\compiler\ti-cgt-c2000_22.6.1.LTS\lib\</path>
         <kind>archive</kind>
         <file>rts2800_fpu32_eabi.lib</file>
         <name>autoinit.c.obj</name>
      </input_file>
      <input_file id="fl-2b">
         <path>C:\ti\ccs1270\ccs\tools\compiler\ti-cgt-c2000_22.6.1.LTS\lib\</path>
         <kind>archive</kind>
         <file>rts2800_fpu32_eabi.lib</file>
         <name>copy_zero_init.c.obj</name>
      </input_file>
      <input_file id="fl-2c">
         <path>C:\ti\ccs1270\ccs\tools\compiler\ti-cgt-c2000_22.6.1.LTS\lib\</path>
         <kind>archive</kind>
         <file>rts2800_fpu32_eabi.lib</file>
         <name>copy_decompress_none.c.obj</name>
      </input_file>
      <input_file id="fl-2d">
         <path>C:\ti\ccs1270\ccs\tools\compiler\ti-cgt-c2000_22.6.1.LTS\lib\</path>
         <kind>archive</kind>
         <file>rts2800_fpu32_eabi.lib</file>
         <name>copy_decompress_lzss.c.obj</name>
      </input_file>
      <input_file id="fl-2e">
         <path>C:\ti\ccs1270\ccs\tools\compiler\ti-cgt-c2000_22.6.1.LTS\lib\</path>
         <kind>archive</kind>
         <file>rts2800_fpu32_eabi.lib</file>
         <name>exit.c.obj</name>
      </input_file>
      <input_file id="fl-2f">
         <path>C:\ti\ccs1270\ccs\tools\compiler\ti-cgt-c2000_22.6.1.LTS\lib\</path>
         <kind>archive</kind>
         <file>rts2800_fpu32_eabi.lib</file>
         <name>_lock.c.obj</name>
      </input_file>
      <input_file id="fl-30">
         <path>C:\ti\ccs1270\ccs\tools\compiler\ti-cgt-c2000_22.6.1.LTS\lib\</path>
         <kind>archive</kind>
         <file>rts2800_fpu32_eabi.lib</file>
         <name>args_main.c.obj</name>
      </input_file>
      <input_file id="fl-31">
         <path>C:\ti\ccs1270\ccs\tools\compiler\ti-cgt-c2000_22.6.1.LTS\lib\</path>
         <kind>archive</kind>
         <file>rts2800_fpu32_eabi.lib</file>
         <name>memset.c.obj</name>
      </input_file>
      <input_file id="fl-32">
         <path>C:\ti\ccs1270\ccs\tools\compiler\ti-cgt-c2000_22.6.1.LTS\lib\</path>
         <kind>archive</kind>
         <file>rts2800_fpu32_eabi.lib</file>
         <name>cpy_tbl.c.obj</name>
      </input_file>
      <input_file id="fl-33">
         <path>C:\ti\ccs1270\ccs\tools\compiler\ti-cgt-c2000_22.6.1.LTS\lib\</path>
         <kind>archive</kind>
         <file>rts2800_fpu32_eabi.lib</file>
         <name>startup.c.obj</name>
      </input_file>
   </input_file_list>
   <object_component_list>
      <object_component id="oc-48a">
         <name>.cinit..data.load</name>
         <load_address>0x84000</load_address>
         <run_address>0x84000</run_address>
         <size>0xd</size>
      </object_component>
      <object_component id="oc-487">
         <name>__TI_handler_table</name>
         <load_address>0x8400e</load_address>
         <run_address>0x8400e</run_address>
         <size>0x6</size>
      </object_component>
      <object_component id="oc-489">
         <name>.cinit..bss.load</name>
         <load_address>0x84014</load_address>
         <run_address>0x84014</run_address>
         <size>0x4</size>
      </object_component>
      <object_component id="oc-488">
         <name>__TI_cinit_table</name>
         <load_address>0x84018</load_address>
         <run_address>0x84018</run_address>
         <size>0x8</size>
      </object_component>
      <object_component id="oc-22c">
         <name>.text:SysCtl_setClock</name>
         <load_address>0x82000</load_address>
         <run_address>0x82000</run_address>
         <size>0x209</size>
         <input_file_ref idref="fl-1a"/>
      </object_component>
      <object_component id="oc-b3">
         <name>.text:main</name>
         <load_address>0x82209</load_address>
         <run_address>0x82209</run_address>
         <size>0x106</size>
         <input_file_ref idref="fl-2"/>
      </object_component>
      <object_component id="oc-245">
         <name>.text:Device_enableAllPeripherals</name>
         <load_address>0x8230f</load_address>
         <run_address>0x8230f</run_address>
         <size>0xeb</size>
         <input_file_ref idref="fl-b"/>
      </object_component>
      <object_component id="oc-17a">
         <name>.text:CAN_setupMessageObject</name>
         <load_address>0x823fa</load_address>
         <run_address>0x823fa</run_address>
         <size>0xdb</size>
         <input_file_ref idref="fl-16"/>
      </object_component>
      <object_component id="oc-387">
         <name>.text:SysCtl_selectXTAL</name>
         <load_address>0x824d5</load_address>
         <run_address>0x824d5</run_address>
         <size>0x90</size>
         <input_file_ref idref="fl-1a"/>
      </object_component>
      <object_component id="oc-33b">
         <name>.text</name>
         <load_address>0x82565</load_address>
         <run_address>0x82565</run_address>
         <size>0x88</size>
         <input_file_ref idref="fl-27"/>
      </object_component>
      <object_component id="oc-189">
         <name>.text:CAN_sendMessage</name>
         <load_address>0x825ed</load_address>
         <run_address>0x825ed</run_address>
         <size>0x72</size>
         <input_file_ref idref="fl-16"/>
      </object_component>
      <object_component id="oc-220">
         <name>.text:SysCtl_getDeviceParametric</name>
         <load_address>0x8265f</load_address>
         <run_address>0x8265f</run_address>
         <size>0x68</size>
         <input_file_ref idref="fl-1a"/>
      </object_component>
      <object_component id="oc-26a">
         <name>.text:CAN_setBitTiming</name>
         <load_address>0x826c7</load_address>
         <run_address>0x826c7</run_address>
         <size>0x64</size>
         <input_file_ref idref="fl-16"/>
      </object_component>
      <object_component id="oc-156">
         <name>.text:CAN_setBitRate</name>
         <load_address>0x8272b</load_address>
         <run_address>0x8272b</run_address>
         <size>0x61</size>
         <input_file_ref idref="fl-16"/>
      </object_component>
      <object_component id="oc-14a">
         <name>.text:InitLedGpioPorts</name>
         <load_address>0x8278c</load_address>
         <run_address>0x8278c</run_address>
         <size>0x56</size>
         <input_file_ref idref="fl-2"/>
      </object_component>
      <object_component id="oc-138">
         <name>.text:Device_init</name>
         <load_address>0x827e2</load_address>
         <run_address>0x827e2</run_address>
         <size>0x55</size>
         <input_file_ref idref="fl-b"/>
      </object_component>
      <object_component id="oc-238">
         <name>.text:SysCtl_getClock</name>
         <load_address>0x82837</load_address>
         <run_address>0x82837</run_address>
         <size>0x51</size>
         <input_file_ref idref="fl-1a"/>
      </object_component>
      <object_component id="oc-32f">
         <name>.text:SysCtl_selectOscSource</name>
         <load_address>0x82888</load_address>
         <run_address>0x82888</run_address>
         <size>0x48</size>
         <input_file_ref idref="fl-1a"/>
      </object_component>
      <object_component id="oc-11e">
         <name>.text:CAN_clearInterruptStatus</name>
         <load_address>0x828d0</load_address>
         <run_address>0x828d0</run_address>
         <size>0x46</size>
         <input_file_ref idref="fl-16"/>
      </object_component>
      <object_component id="oc-162">
         <name>.text:Interrupt_initModule</name>
         <load_address>0x82916</load_address>
         <run_address>0x82916</run_address>
         <size>0x3d</size>
         <input_file_ref idref="fl-19"/>
      </object_component>
      <object_component id="oc-144">
         <name>.text:GPIO_setPinConfig</name>
         <load_address>0x82953</load_address>
         <run_address>0x82953</run_address>
         <size>0x37</size>
         <input_file_ref idref="fl-18"/>
      </object_component>
      <object_component id="oc-16e">
         <name>.text:Interrupt_enable</name>
         <load_address>0x8298a</load_address>
         <run_address>0x8298a</run_address>
         <size>0x37</size>
         <input_file_ref idref="fl-19"/>
      </object_component>
      <object_component id="oc-226">
         <name>.text:Device_configureTMXAnalogTrim</name>
         <load_address>0x829c1</load_address>
         <run_address>0x829c1</run_address>
         <size>0x31</size>
         <input_file_ref idref="fl-b"/>
      </object_component>
      <object_component id="oc-97">
         <name>.text:decompress:lzss</name>
         <load_address>0x829f2</load_address>
         <run_address>0x829f2</run_address>
         <size>0x30</size>
         <input_file_ref idref="fl-2d"/>
      </object_component>
      <object_component id="oc-1b8">
         <name>.text:__TI_auto_init_nobinit_nopinit</name>
         <load_address>0x82a22</load_address>
         <run_address>0x82a22</run_address>
         <size>0x2b</size>
         <input_file_ref idref="fl-2a"/>
      </object_component>
      <object_component id="oc-10b">
         <name>.text</name>
         <load_address>0x82a4d</load_address>
         <run_address>0x82a4d</run_address>
         <size>0x29</size>
         <input_file_ref idref="fl-2e"/>
      </object_component>
      <object_component id="oc-3ac">
         <name>.text:CPUTimer_selectClockSource</name>
         <load_address>0x82a76</load_address>
         <run_address>0x82a76</run_address>
         <size>0x28</size>
         <input_file_ref idref="fl-1a"/>
      </object_component>
      <object_component id="oc-2e1">
         <name>.text:Flash_setBankPowerUpDelay</name>
         <load_address>0x82a9e</load_address>
         <run_address>0x82a9e</run_address>
         <size>0x26</size>
         <input_file_ref idref="fl-17"/>
      </object_component>
      <object_component id="oc-15c">
         <name>.text:CAN_enableInterrupt</name>
         <load_address>0x82ac4</load_address>
         <run_address>0x82ac4</run_address>
         <size>0x22</size>
         <input_file_ref idref="fl-2"/>
      </object_component>
      <object_component id="oc-286">
         <name>.text:CAN_writeDataReg</name>
         <load_address>0x82ae6</load_address>
         <run_address>0x82ae6</run_address>
         <size>0x22</size>
         <input_file_ref idref="fl-16"/>
      </object_component>
      <object_component id="oc-13e">
         <name>.text:Device_initGPIO</name>
         <load_address>0x82b08</load_address>
         <run_address>0x82b08</run_address>
         <size>0x21</size>
         <input_file_ref idref="fl-b"/>
      </object_component>
      <object_component id="oc-3d7">
         <name>.text:CPUTimer_getTimerOverflowStatus</name>
         <load_address>0x82b29</load_address>
         <run_address>0x82b29</run_address>
         <size>0x1f</size>
         <input_file_ref idref="fl-1a"/>
      </object_component>
      <object_component id="oc-d0">
         <name>.text:Interrupt_initVectorTable</name>
         <load_address>0x82b48</load_address>
         <run_address>0x82b48</run_address>
         <size>0x1e</size>
         <input_file_ref idref="fl-19"/>
      </object_component>
      <object_component id="oc-124">
         <name>.text:CAN_clearGlobalInterruptStatus</name>
         <load_address>0x82b66</load_address>
         <run_address>0x82b66</run_address>
         <size>0x1d</size>
         <input_file_ref idref="fl-2"/>
      </object_component>
      <object_component id="oc-174">
         <name>.text:CAN_enableGlobalInterrupt</name>
         <load_address>0x82b83</load_address>
         <run_address>0x82b83</run_address>
         <size>0x1d</size>
         <input_file_ref idref="fl-2"/>
      </object_component>
      <object_component id="oc-34b">
         <name>.text:Device_enableUnbondedGPIOPullupsFor100Pin</name>
         <load_address>0x82ba0</load_address>
         <run_address>0x82ba0</run_address>
         <size>0x1d</size>
         <input_file_ref idref="fl-b"/>
      </object_component>
      <object_component id="oc-ea">
         <name>.text</name>
         <load_address>0x82bbd</load_address>
         <run_address>0x82bbd</run_address>
         <size>0x1d</size>
         <input_file_ref idref="fl-28"/>
      </object_component>
      <object_component id="oc-150">
         <name>.text:CAN_initModule</name>
         <load_address>0x82bda</load_address>
         <run_address>0x82bda</run_address>
         <size>0x1c</size>
         <input_file_ref idref="fl-16"/>
      </object_component>
      <object_component id="oc-263">
         <name>.text:CAN_initRAM</name>
         <load_address>0x82bf6</load_address>
         <run_address>0x82bf6</run_address>
         <size>0x1a</size>
         <input_file_ref idref="fl-16"/>
      </object_component>
      <object_component id="oc-3b8">
         <name>.text:CPUTimer_startTimer</name>
         <load_address>0x82c10</load_address>
         <run_address>0x82c10</run_address>
         <size>0x1a</size>
         <input_file_ref idref="fl-1a"/>
      </object_component>
      <object_component id="oc-23f">
         <name>.text:SysCtl_getLowSpeedClock</name>
         <load_address>0x82c2a</load_address>
         <run_address>0x82c2a</run_address>
         <size>0x1a</size>
         <input_file_ref idref="fl-1a"/>
      </object_component>
      <object_component id="oc-321">
         <name>.text:SysCtl_disablePeripheral</name>
         <load_address>0x82c44</load_address>
         <run_address>0x82c44</run_address>
         <size>0x18</size>
         <input_file_ref idref="fl-b"/>
      </object_component>
      <object_component id="oc-3cb">
         <name>.text:CPUTimer_isBaseValid</name>
         <load_address>0x82c5c</load_address>
         <run_address>0x82c5c</run_address>
         <size>0x17</size>
         <input_file_ref idref="fl-1a"/>
      </object_component>
      <object_component id="oc-31b">
         <name>.text:SysCtl_enablePeripheral</name>
         <load_address>0x82c73</load_address>
         <run_address>0x82c73</run_address>
         <size>0x17</size>
         <input_file_ref idref="fl-b"/>
      </object_component>
      <object_component id="oc-a4">
         <name>.text</name>
         <load_address>0x82c8a</load_address>
         <run_address>0x82c8a</run_address>
         <size>0x17</size>
         <input_file_ref idref="fl-26"/>
      </object_component>
      <object_component id="oc-256">
         <name>.text:Device_enableUnbondedGPIOPullups</name>
         <load_address>0x82ca1</load_address>
         <run_address>0x82ca1</run_address>
         <size>0x16</size>
         <input_file_ref idref="fl-b"/>
      </object_component>
      <object_component id="oc-cf">
         <name>.text:Interrupt_defaultHandler</name>
         <load_address>0x82cb7</load_address>
         <run_address>0x82cb7</run_address>
         <size>0x16</size>
         <input_file_ref idref="fl-19"/>
      </object_component>
      <object_component id="oc-1f2">
         <name>.text:CAN_isBaseValid</name>
         <load_address>0x82ccd</load_address>
         <run_address>0x82ccd</run_address>
         <size>0x15</size>
         <input_file_ref idref="fl-2"/>
      </object_component>
      <object_component id="oc-201">
         <name>.text:CAN_isBaseValid</name>
         <load_address>0x82ce2</load_address>
         <run_address>0x82ce2</run_address>
         <size>0x15</size>
         <input_file_ref idref="fl-16"/>
      </object_component>
      <object_component id="oc-250">
         <name>.text:GPIO_unlockPortConfig</name>
         <load_address>0x82cf7</load_address>
         <run_address>0x82cf7</run_address>
         <size>0x15</size>
         <input_file_ref idref="fl-b"/>
      </object_component>
      <object_component id="oc-3a0">
         <name>.text:CPUTimer_stopTimer</name>
         <load_address>0x82d0c</load_address>
         <run_address>0x82d0c</run_address>
         <size>0x14</size>
         <input_file_ref idref="fl-1a"/>
      </object_component>
      <object_component id="oc-351">
         <name>.text:Device_enableUnbondedGPIOPullupsFor176Pin</name>
         <load_address>0x82d20</load_address>
         <run_address>0x82d20</run_address>
         <size>0x13</size>
         <input_file_ref idref="fl-b"/>
      </object_component>
      <object_component id="oc-112">
         <name>.text:CAN_getInterruptCause</name>
         <load_address>0x82d33</load_address>
         <run_address>0x82d33</run_address>
         <size>0x12</size>
         <input_file_ref idref="fl-2"/>
      </object_component>
      <object_component id="oc-3b2">
         <name>.text:CPUTimer_clearOverflowFlag</name>
         <load_address>0x82d45</load_address>
         <run_address>0x82d45</run_address>
         <size>0x12</size>
         <input_file_ref idref="fl-1a"/>
      </object_component>
      <object_component id="oc-39a">
         <name>.text:CPUTimer_disableInterrupt</name>
         <load_address>0x82d57</load_address>
         <run_address>0x82d57</run_address>
         <size>0x12</size>
         <input_file_ref idref="fl-1a"/>
      </object_component>
      <object_component id="oc-180">
         <name>.text:CAN_startModule</name>
         <load_address>0x82d69</load_address>
         <run_address>0x82d69</run_address>
         <size>0x11</size>
         <input_file_ref idref="fl-2"/>
      </object_component>
      <object_component id="oc-3a6">
         <name>.text:CPUTimer_setPeriod</name>
         <load_address>0x82d7a</load_address>
         <run_address>0x82d7a</run_address>
         <size>0x11</size>
         <input_file_ref idref="fl-1a"/>
      </object_component>
      <object_component id="oc-118">
         <name>.text:CAN_getStatus</name>
         <load_address>0x82d8b</load_address>
         <run_address>0x82d8b</run_address>
         <size>0x10</size>
         <input_file_ref idref="fl-2"/>
      </object_component>
      <object_component id="oc-2d4">
         <name>.text:Flash_isCtrlBaseValid</name>
         <load_address>0x82d9b</load_address>
         <run_address>0x82d9b</run_address>
         <size>0x10</size>
         <input_file_ref idref="fl-17"/>
      </object_component>
      <object_component id="oc-2db">
         <name>.text:Flash_isECCBaseValid</name>
         <load_address>0x82dab</load_address>
         <run_address>0x82dab</run_address>
         <size>0x10</size>
         <input_file_ref idref="fl-17"/>
      </object_component>
      <object_component id="oc-168">
         <name>.text:Interrupt_register</name>
         <load_address>0x82dbb</load_address>
         <run_address>0x82dbb</run_address>
         <size>0x10</size>
         <input_file_ref idref="fl-2"/>
      </object_component>
      <object_component id="oc-3be">
         <name>.text:SysCtl_pollCpuTimer</name>
         <load_address>0x82dcb</load_address>
         <run_address>0x82dcb</run_address>
         <size>0xf</size>
         <input_file_ref idref="fl-1a"/>
      </object_component>
      <object_component id="oc-272">
         <name>.text:Interrupt_disableGlobal</name>
         <load_address>0x82dda</load_address>
         <run_address>0x82dda</run_address>
         <size>0xd</size>
         <input_file_ref idref="fl-19"/>
      </object_component>
      <object_component id="oc-27a">
         <name>.text:Interrupt_enableGlobal</name>
         <load_address>0x82de7</load_address>
         <run_address>0x82de7</run_address>
         <size>0xd</size>
         <input_file_ref idref="fl-19"/>
      </object_component>
      <object_component id="oc-232">
         <name>.text:SysCtl_setLowSpeedClock</name>
         <load_address>0x82df4</load_address>
         <run_address>0x82df4</run_address>
         <size>0xd</size>
         <input_file_ref idref="fl-b"/>
      </object_component>
      <object_component id="oc-f2">
         <name>.text:decompress:ZI:__TI_zero_init_nomemset</name>
         <load_address>0x82e01</load_address>
         <run_address>0x82e01</run_address>
         <size>0xd</size>
         <input_file_ref idref="fl-2b"/>
      </object_component>
      <object_component id="oc-105">
         <name>.text</name>
         <load_address>0x82e0e</load_address>
         <run_address>0x82e0e</run_address>
         <size>0xc</size>
         <input_file_ref idref="fl-30"/>
      </object_component>
      <object_component id="oc-214">
         <name>.text:SysCtl_disableWatchdog</name>
         <load_address>0x82e1a</load_address>
         <run_address>0x82e1a</run_address>
         <size>0xb</size>
         <input_file_ref idref="fl-b"/>
      </object_component>
      <object_component id="oc-329">
         <name>.text:SysCtl_isMCDClockFailureDetected</name>
         <load_address>0x82e25</load_address>
         <run_address>0x82e25</run_address>
         <size>0xb</size>
         <input_file_ref idref="fl-1a"/>
      </object_component>
      <object_component id="oc-db">
         <name>.text:Interrupt_illegalOperationHandler</name>
         <load_address>0x82e30</load_address>
         <run_address>0x82e30</run_address>
         <size>0xa</size>
         <input_file_ref idref="fl-19"/>
      </object_component>
      <object_component id="oc-e1">
         <name>.text:Interrupt_nmiHandler</name>
         <load_address>0x82e3a</load_address>
         <run_address>0x82e3a</run_address>
         <size>0xa</size>
         <input_file_ref idref="fl-19"/>
      </object_component>
      <object_component id="oc-c9">
         <name>.text:NOTUSED_ISR</name>
         <load_address>0x82e44</load_address>
         <run_address>0x82e44</run_address>
         <size>0xa</size>
         <input_file_ref idref="fl-4"/>
      </object_component>
      <object_component id="oc-c0">
         <name>.text:PIE_RESERVED_ISR</name>
         <load_address>0x82e4e</load_address>
         <run_address>0x82e4e</run_address>
         <size>0xa</size>
         <input_file_ref idref="fl-4"/>
      </object_component>
      <object_component id="oc-335">
         <name>.text:SysCtl_serviceWatchdog</name>
         <load_address>0x82e58</load_address>
         <run_address>0x82e58</run_address>
         <size>0x9</size>
         <input_file_ref idref="fl-1a"/>
      </object_component>
      <object_component id="oc-2be">
         <name>.text</name>
         <load_address>0x82e61</load_address>
         <run_address>0x82e61</run_address>
         <size>0x9</size>
         <input_file_ref idref="fl-2f"/>
      </object_component>
      <object_component id="oc-194">
         <name>.text</name>
         <load_address>0x82e6a</load_address>
         <run_address>0x82e6a</run_address>
         <size>0x8</size>
         <input_file_ref idref="fl-3"/>
      </object_component>
      <object_component id="oc-9d">
         <name>.text:decompress:none</name>
         <load_address>0x82e72</load_address>
         <run_address>0x82e72</run_address>
         <size>0x8</size>
         <input_file_ref idref="fl-2c"/>
      </object_component>
      <object_component id="oc-3c4">
         <name>.text:SysCtl_resetMCD</name>
         <load_address>0x82e7a</load_address>
         <run_address>0x82e7a</run_address>
         <size>0x7</size>
         <input_file_ref idref="fl-1a"/>
      </object_component>
      <object_component id="oc-1f9">
         <name>.text:__error__</name>
         <load_address>0x82e81</load_address>
         <run_address>0x82e81</run_address>
         <size>0x7</size>
         <input_file_ref idref="fl-b"/>
      </object_component>
      <object_component id="oc-12a">
         <name>.text:Interrupt_clearACKGroup</name>
         <load_address>0x82e88</load_address>
         <run_address>0x82e88</run_address>
         <size>0x6</size>
         <input_file_ref idref="fl-2"/>
      </object_component>
      <object_component id="oc-fe">
         <name>.text</name>
         <load_address>0x82e8e</load_address>
         <run_address>0x82e8e</run_address>
         <size>0x2</size>
         <input_file_ref idref="fl-29"/>
      </object_component>
      <object_component id="oc-2a4">
         <name>.text</name>
         <load_address>0x82e90</load_address>
         <run_address>0x82e90</run_address>
         <size>0x1</size>
         <input_file_ref idref="fl-33"/>
      </object_component>
      <object_component id="oc-bb">
         <name>codestart</name>
         <load_address>0x80000</load_address>
         <run_address>0x80000</run_address>
         <size>0x2</size>
         <input_file_ref idref="fl-3"/>
      </object_component>
      <object_component id="oc-e7">
         <name>.stack</name>
         <uninitialized>true</uninitialized>
         <run_address>0x400</run_address>
         <size>0x0</size>
         <input_file_ref idref="fl-26"/>
      </object_component>
      <object_component id="oc-48b">
         <name>.stack</name>
         <uninitialized>true</uninitialized>
         <run_address>0x400</run_address>
         <size>0x0</size>
      </object_component>
      <object_component id="oc-190">
         <name>.bss</name>
         <uninitialized>true</uninitialized>
         <run_address>0xa822</run_address>
         <size>0x2</size>
         <input_file_ref idref="fl-2"/>
      </object_component>
      <object_component id="oc-186">
         <name>.bss:txMsgData</name>
         <uninitialized>true</uninitialized>
         <run_address>0xa81a</run_address>
         <size>0x8</size>
         <input_file_ref idref="fl-2"/>
      </object_component>
      <object_component id="oc-130">
         <name>.data</name>
         <load_address>0xa800</load_address>
         <run_address>0xa800</run_address>
         <size>0xa</size>
         <input_file_ref idref="fl-2"/>
      </object_component>
      <object_component id="oc-24b">
         <name>.data</name>
         <load_address>0xa80a</load_address>
         <run_address>0xa80a</run_address>
         <size>0x6</size>
         <input_file_ref idref="fl-b"/>
      </object_component>
      <object_component id="oc-1ea">
         <name>.data</name>
         <load_address>0xa810</load_address>
         <run_address>0xa810</run_address>
         <size>0x6</size>
         <input_file_ref idref="fl-2e"/>
      </object_component>
      <object_component id="oc-1ed">
         <name>.data:_lock</name>
         <load_address>0xa816</load_address>
         <run_address>0xa816</run_address>
         <size>0x2</size>
         <input_file_ref idref="fl-2f"/>
      </object_component>
      <object_component id="oc-36c">
         <name>.data:_unlock</name>
         <load_address>0xa818</load_address>
         <run_address>0xa818</run_address>
         <size>0x2</size>
         <input_file_ref idref="fl-2f"/>
      </object_component>
      <object_component id="oc-c6">
         <name>.const:PieVectTableInit</name>
         <load_address>0x90000</load_address>
         <run_address>0x90000</run_address>
         <size>0x1c0</size>
         <input_file_ref idref="fl-8"/>
      </object_component>
      <object_component id="oc-328">
         <name>.const:.string</name>
         <load_address>0x901c0</load_address>
         <run_address>0x901c0</run_address>
         <size>0xc2</size>
         <input_file_ref idref="fl-1a"/>
      </object_component>
      <object_component id="oc-2da">
         <name>.const:.string</name>
         <load_address>0x90282</load_address>
         <run_address>0x90282</run_address>
         <size>0xbf</size>
         <input_file_ref idref="fl-17"/>
      </object_component>
      <object_component id="oc-207">
         <name>.const:.string</name>
         <load_address>0x90342</load_address>
         <run_address>0x90342</run_address>
         <size>0xbb</size>
         <input_file_ref idref="fl-16"/>
      </object_component>
      <object_component id="oc-1f8">
         <name>.const:.string</name>
         <load_address>0x903fe</load_address>
         <run_address>0x903fe</run_address>
         <size>0x48</size>
         <input_file_ref idref="fl-2"/>
      </object_component>
      <object_component id="oc-23e">
         <name>.const:.string</name>
         <load_address>0x90446</load_address>
         <run_address>0x90446</run_address>
         <size>0x13</size>
         <input_file_ref idref="fl-b"/>
      </object_component>
      <object_component id="oc-af">
         <name>.TI.ramfunc:CanaISR</name>
         <load_address>0x86000</load_address>
         <run_address>0x8000</run_address>
         <size>0x83</size>
         <input_file_ref idref="fl-2"/>
      </object_component>
      <object_component id="oc-21a">
         <name>.TI.ramfunc:Flash_initModule</name>
         <load_address>0x86083</load_address>
         <run_address>0x8083</run_address>
         <size>0x43</size>
         <input_file_ref idref="fl-17"/>
      </object_component>
      <object_component id="oc-2e7">
         <name>.TI.ramfunc:Flash_setBankPowerMode</name>
         <load_address>0x860c6</load_address>
         <run_address>0x80c6</run_address>
         <size>0x2c</size>
         <input_file_ref idref="fl-17"/>
      </object_component>
      <object_component id="oc-2ff">
         <name>.TI.ramfunc:Flash_setWaitstates</name>
         <load_address>0x860f2</load_address>
         <run_address>0x80f2</run_address>
         <size>0x24</size>
         <input_file_ref idref="fl-17"/>
      </object_component>
      <object_component id="oc-2ed">
         <name>.TI.ramfunc:Flash_setPumpPowerMode</name>
         <load_address>0x86116</load_address>
         <run_address>0x8116</run_address>
         <size>0x1d</size>
         <input_file_ref idref="fl-17"/>
      </object_component>
      <object_component id="oc-2f3">
         <name>.TI.ramfunc:Flash_disableCache</name>
         <load_address>0x86133</load_address>
         <run_address>0x8133</run_address>
         <size>0x18</size>
         <input_file_ref idref="fl-17"/>
      </object_component>
      <object_component id="oc-2f9">
         <name>.TI.ramfunc:Flash_disablePrefetch</name>
         <load_address>0x8614b</load_address>
         <run_address>0x814b</run_address>
         <size>0x18</size>
         <input_file_ref idref="fl-17"/>
      </object_component>
      <object_component id="oc-305">
         <name>.TI.ramfunc:Flash_enableCache</name>
         <load_address>0x86163</load_address>
         <run_address>0x8163</run_address>
         <size>0x17</size>
         <input_file_ref idref="fl-17"/>
      </object_component>
      <object_component id="oc-30b">
         <name>.TI.ramfunc:Flash_enablePrefetch</name>
         <load_address>0x8617a</load_address>
         <run_address>0x817a</run_address>
         <size>0x17</size>
         <input_file_ref idref="fl-17"/>
      </object_component>
      <object_component id="oc-311">
         <name>.TI.ramfunc:Flash_enableECC</name>
         <load_address>0x86191</load_address>
         <run_address>0x8191</run_address>
         <size>0x16</size>
         <input_file_ref idref="fl-17"/>
      </object_component>
      <object_component id="oc-18f">
         <name>.TI.ramfunc</name>
         <load_address>0x861a7</load_address>
         <run_address>0x81a7</run_address>
         <size>0x4</size>
         <input_file_ref idref="fl-1a"/>
      </object_component>
      <object_component id="oc-25f">
         <name>GpioCtrlRegsFile</name>
         <uninitialized>true</uninitialized>
         <run_address>0x7c00</run_address>
         <size>0x180</size>
         <input_file_ref idref="fl-5"/>
      </object_component>
      <object_component id="oc-133">
         <name>GpioDataRegsFile</name>
         <uninitialized>true</uninitialized>
         <run_address>0x7f00</run_address>
         <size>0x30</size>
         <input_file_ref idref="fl-5"/>
      </object_component>
      <object_component id="oc-137">
         <name>.debug_types</name>
         <load_address>0x0</load_address>
         <run_address>0x0</run_address>
         <size>0x16177</size>
         <input_file_ref idref="fl-2"/>
      </object_component>
      <object_component id="oc-19b">
         <name>.debug_types</name>
         <load_address>0x0</load_address>
         <run_address>0x0</run_address>
         <size>0x0</size>
         <input_file_ref idref="fl-4"/>
      </object_component>
      <object_component id="oc-210">
         <name>.debug_types</name>
         <load_address>0x16177</load_address>
         <run_address>0x16177</run_address>
         <size>0x4a141</size>
         <input_file_ref idref="fl-5"/>
      </object_component>
      <object_component id="oc-19e">
         <name>.debug_types</name>
         <load_address>0x602b8</load_address>
         <run_address>0x602b8</run_address>
         <size>0x5a</size>
         <input_file_ref idref="fl-8"/>
      </object_component>
      <object_component id="oc-24f">
         <name>.debug_types</name>
         <load_address>0x60312</load_address>
         <run_address>0x60312</run_address>
         <size>0x100e</size>
         <input_file_ref idref="fl-b"/>
      </object_component>
      <object_component id="oc-209">
         <name>.debug_types</name>
         <load_address>0x61320</load_address>
         <run_address>0x61320</run_address>
         <size>0x1a5</size>
         <input_file_ref idref="fl-16"/>
      </object_component>
      <object_component id="oc-318">
         <name>.debug_types</name>
         <load_address>0x614c5</load_address>
         <run_address>0x614c5</run_address>
         <size>0x1d7</size>
         <input_file_ref idref="fl-17"/>
      </object_component>
      <object_component id="oc-25e">
         <name>.debug_types</name>
         <load_address>0x6169c</load_address>
         <run_address>0x6169c</run_address>
         <size>0x2c4</size>
         <input_file_ref idref="fl-18"/>
      </object_component>
      <object_component id="oc-1a1">
         <name>.debug_types</name>
         <load_address>0x0</load_address>
         <run_address>0x0</run_address>
         <size>0x0</size>
         <input_file_ref idref="fl-19"/>
      </object_component>
      <object_component id="oc-31a">
         <name>.debug_types</name>
         <load_address>0x61960</load_address>
         <run_address>0x61960</run_address>
         <size>0x254</size>
         <input_file_ref idref="fl-1a"/>
      </object_component>
      <object_component id="oc-1a9">
         <name>.debug_types</name>
         <load_address>0x61bb4</load_address>
         <run_address>0x61bb4</run_address>
         <size>0x142</size>
         <input_file_ref idref="fl-28"/>
      </object_component>
      <object_component id="oc-1b7">
         <name>.debug_types</name>
         <load_address>0x0</load_address>
         <run_address>0x0</run_address>
         <size>0x0</size>
         <input_file_ref idref="fl-29"/>
      </object_component>
      <object_component id="oc-2ab">
         <name>.debug_types</name>
         <load_address>0x61cf6</load_address>
         <run_address>0x61cf6</run_address>
         <size>0x470</size>
         <input_file_ref idref="fl-2a"/>
      </object_component>
      <object_component id="oc-1ae">
         <name>.debug_types</name>
         <load_address>0x62166</load_address>
         <run_address>0x62166</run_address>
         <size>0x194</size>
         <input_file_ref idref="fl-2b"/>
      </object_component>
      <object_component id="oc-f1">
         <name>.debug_types</name>
         <load_address>0x0</load_address>
         <run_address>0x0</run_address>
         <size>0x0</size>
         <input_file_ref idref="fl-2c"/>
      </object_component>
      <object_component id="oc-e9">
         <name>.debug_types</name>
         <load_address>0x622fa</load_address>
         <run_address>0x622fa</run_address>
         <size>0x191</size>
         <input_file_ref idref="fl-2d"/>
      </object_component>
      <object_component id="oc-1f1">
         <name>.debug_types</name>
         <load_address>0x6248b</load_address>
         <run_address>0x6248b</run_address>
         <size>0xbf</size>
         <input_file_ref idref="fl-2e"/>
      </object_component>
      <object_component id="oc-2c6">
         <name>.debug_types</name>
         <load_address>0x6254a</load_address>
         <run_address>0x6254a</run_address>
         <size>0x2f</size>
         <input_file_ref idref="fl-2f"/>
      </object_component>
      <object_component id="oc-1e9">
         <name>.debug_types</name>
         <load_address>0x62579</load_address>
         <run_address>0x62579</run_address>
         <size>0xe1</size>
         <input_file_ref idref="fl-30"/>
      </object_component>
      <object_component id="oc-366">
         <name>.debug_types</name>
         <load_address>0x0</load_address>
         <run_address>0x0</run_address>
         <size>0x0</size>
         <input_file_ref idref="fl-33"/>
      </object_component>
      <object_component id="oc-131">
         <name>.debug_info</name>
         <load_address>0x0</load_address>
         <run_address>0x0</run_address>
         <size>0x1a9</size>
         <input_file_ref idref="fl-2"/>
      </object_component>
      <object_component id="oc-191">
         <name>.debug_info</name>
         <load_address>0x1a9</load_address>
         <run_address>0x1a9</run_address>
         <size>0xe7</size>
         <input_file_ref idref="fl-2"/>
      </object_component>
      <object_component id="oc-187">
         <name>.debug_info</name>
         <load_address>0x290</load_address>
         <run_address>0x290</run_address>
         <size>0xf7</size>
         <input_file_ref idref="fl-2"/>
      </object_component>
      <object_component id="oc-169">
         <name>.debug_info</name>
         <load_address>0x387</load_address>
         <run_address>0x387</run_address>
         <size>0x1d9</size>
         <input_file_ref idref="fl-2"/>
      </object_component>
      <object_component id="oc-12c">
         <name>.debug_info</name>
         <load_address>0x560</load_address>
         <run_address>0x560</run_address>
         <size>0x195</size>
         <input_file_ref idref="fl-2"/>
      </object_component>
      <object_component id="oc-1f3">
         <name>.debug_info</name>
         <load_address>0x6f5</load_address>
         <run_address>0x6f5</run_address>
         <size>0x185</size>
         <input_file_ref idref="fl-2"/>
      </object_component>
      <object_component id="oc-181">
         <name>.debug_info</name>
         <load_address>0x87a</load_address>
         <run_address>0x87a</run_address>
         <size>0x1a1</size>
         <input_file_ref idref="fl-2"/>
      </object_component>
      <object_component id="oc-15d">
         <name>.debug_info</name>
         <load_address>0xa1b</load_address>
         <run_address>0xa1b</run_address>
         <size>0x1cd</size>
         <input_file_ref idref="fl-2"/>
      </object_component>
      <object_component id="oc-119">
         <name>.debug_info</name>
         <load_address>0xbe8</load_address>
         <run_address>0xbe8</run_address>
         <size>0x1a5</size>
         <input_file_ref idref="fl-2"/>
      </object_component>
      <object_component id="oc-113">
         <name>.debug_info</name>
         <load_address>0xd8d</load_address>
         <run_address>0xd8d</run_address>
         <size>0x1b5</size>
         <input_file_ref idref="fl-2"/>
      </object_component>
      <object_component id="oc-175">
         <name>.debug_info</name>
         <load_address>0xf42</load_address>
         <run_address>0xf42</run_address>
         <size>0x1ed</size>
         <input_file_ref idref="fl-2"/>
      </object_component>
      <object_component id="oc-125">
         <name>.debug_info</name>
         <load_address>0x112f</load_address>
         <run_address>0x112f</run_address>
         <size>0x1f7</size>
         <input_file_ref idref="fl-2"/>
      </object_component>
      <object_component id="oc-b4">
         <name>.debug_info</name>
         <load_address>0x1326</load_address>
         <run_address>0x1326</run_address>
         <size>0x29c</size>
         <input_file_ref idref="fl-2"/>
      </object_component>
      <object_component id="oc-b0">
         <name>.debug_info</name>
         <load_address>0x15c2</load_address>
         <run_address>0x15c2</run_address>
         <size>0x1bf</size>
         <input_file_ref idref="fl-2"/>
      </object_component>
      <object_component id="oc-14b">
         <name>.debug_info</name>
         <load_address>0x1781</load_address>
         <run_address>0x1781</run_address>
         <size>0x132</size>
         <input_file_ref idref="fl-2"/>
      </object_component>
      <object_component id="oc-bd">
         <name>.debug_info</name>
         <load_address>0x18b3</load_address>
         <run_address>0x18b3</run_address>
         <size>0x101</size>
         <input_file_ref idref="fl-3"/>
      </object_component>
      <object_component id="oc-195">
         <name>.debug_info</name>
         <load_address>0x19b4</load_address>
         <run_address>0x19b4</run_address>
         <size>0x102</size>
         <input_file_ref idref="fl-3"/>
      </object_component>
      <object_component id="oc-c1">
         <name>.debug_info</name>
         <load_address>0x1ab6</load_address>
         <run_address>0x1ab6</run_address>
         <size>0x130</size>
         <input_file_ref idref="fl-4"/>
      </object_component>
      <object_component id="oc-ca">
         <name>.debug_info</name>
         <load_address>0x1be6</load_address>
         <run_address>0x1be6</run_address>
         <size>0x126</size>
         <input_file_ref idref="fl-4"/>
      </object_component>
      <object_component id="oc-134">
         <name>.debug_info</name>
         <load_address>0x1d0c</load_address>
         <run_address>0x1d0c</run_address>
         <size>0x101</size>
         <input_file_ref idref="fl-5"/>
      </object_component>
      <object_component id="oc-260">
         <name>.debug_info</name>
         <load_address>0x1e0d</load_address>
         <run_address>0x1e0d</run_address>
         <size>0x101</size>
         <input_file_ref idref="fl-5"/>
      </object_component>
      <object_component id="oc-c7">
         <name>.debug_info</name>
         <load_address>0x1f0e</load_address>
         <run_address>0x1f0e</run_address>
         <size>0x107</size>
         <input_file_ref idref="fl-8"/>
      </object_component>
      <object_component id="oc-24c">
         <name>.debug_info</name>
         <load_address>0x2015</load_address>
         <run_address>0x2015</run_address>
         <size>0x15a</size>
         <input_file_ref idref="fl-b"/>
      </object_component>
      <object_component id="oc-31c">
         <name>.debug_info</name>
         <load_address>0x216f</load_address>
         <run_address>0x216f</run_address>
         <size>0x1bd</size>
         <input_file_ref idref="fl-b"/>
      </object_component>
      <object_component id="oc-322">
         <name>.debug_info</name>
         <load_address>0x232c</load_address>
         <run_address>0x232c</run_address>
         <size>0x1bf</size>
         <input_file_ref idref="fl-b"/>
      </object_component>
      <object_component id="oc-233">
         <name>.debug_info</name>
         <load_address>0x24eb</load_address>
         <run_address>0x24eb</run_address>
         <size>0x191</size>
         <input_file_ref idref="fl-b"/>
      </object_component>
      <object_component id="oc-215">
         <name>.debug_info</name>
         <load_address>0x267c</load_address>
         <run_address>0x267c</run_address>
         <size>0x164</size>
         <input_file_ref idref="fl-b"/>
      </object_component>
      <object_component id="oc-251">
         <name>.debug_info</name>
         <load_address>0x27e0</load_address>
         <run_address>0x27e0</run_address>
         <size>0x1c0</size>
         <input_file_ref idref="fl-b"/>
      </object_component>
      <object_component id="oc-139">
         <name>.debug_info</name>
         <load_address>0x29a0</load_address>
         <run_address>0x29a0</run_address>
         <size>0x238</size>
         <input_file_ref idref="fl-b"/>
      </object_component>
      <object_component id="oc-246">
         <name>.debug_info</name>
         <load_address>0x2bd8</load_address>
         <run_address>0x2bd8</run_address>
         <size>0x83a</size>
         <input_file_ref idref="fl-b"/>
      </object_component>
      <object_component id="oc-13f">
         <name>.debug_info</name>
         <load_address>0x3412</load_address>
         <run_address>0x3412</run_address>
         <size>0x1e6</size>
         <input_file_ref idref="fl-b"/>
      </object_component>
      <object_component id="oc-354">
         <name>.debug_info</name>
         <load_address>0x35f8</load_address>
         <run_address>0x35f8</run_address>
         <size>0x152</size>
         <input_file_ref idref="fl-b"/>
      </object_component>
      <object_component id="oc-34e">
         <name>.debug_info</name>
         <load_address>0x374a</load_address>
         <run_address>0x374a</run_address>
         <size>0x152</size>
         <input_file_ref idref="fl-b"/>
      </object_component>
      <object_component id="oc-259">
         <name>.debug_info</name>
         <load_address>0x389c</load_address>
         <run_address>0x389c</run_address>
         <size>0x1b3</size>
         <input_file_ref idref="fl-b"/>
      </object_component>
      <object_component id="oc-227">
         <name>.debug_info</name>
         <load_address>0x3a4f</load_address>
         <run_address>0x3a4f</run_address>
         <size>0x226</size>
         <input_file_ref idref="fl-b"/>
      </object_component>
      <object_component id="oc-1fa">
         <name>.debug_info</name>
         <load_address>0x3c75</load_address>
         <run_address>0x3c75</run_address>
         <size>0x15c</size>
         <input_file_ref idref="fl-b"/>
      </object_component>
      <object_component id="oc-202">
         <name>.debug_info</name>
         <load_address>0x3dd1</load_address>
         <run_address>0x3dd1</run_address>
         <size>0x207</size>
         <input_file_ref idref="fl-16"/>
      </object_component>
      <object_component id="oc-288">
         <name>.debug_info</name>
         <load_address>0x3fd8</load_address>
         <run_address>0x3fd8</run_address>
         <size>0x26c</size>
         <input_file_ref idref="fl-16"/>
      </object_component>
      <object_component id="oc-265">
         <name>.debug_info</name>
         <load_address>0x4244</load_address>
         <run_address>0x4244</run_address>
         <size>0x21b</size>
         <input_file_ref idref="fl-16"/>
      </object_component>
      <object_component id="oc-152">
         <name>.debug_info</name>
         <load_address>0x445f</load_address>
         <run_address>0x445f</run_address>
         <size>0x242</size>
         <input_file_ref idref="fl-16"/>
      </object_component>
      <object_component id="oc-158">
         <name>.debug_info</name>
         <load_address>0x46a1</load_address>
         <run_address>0x46a1</run_address>
         <size>0x36a</size>
         <input_file_ref idref="fl-16"/>
      </object_component>
      <object_component id="oc-26c">
         <name>.debug_info</name>
         <load_address>0x4a0b</load_address>
         <run_address>0x4a0b</run_address>
         <size>0x333</size>
         <input_file_ref idref="fl-16"/>
      </object_component>
      <object_component id="oc-120">
         <name>.debug_info</name>
         <load_address>0x4d3e</load_address>
         <run_address>0x4d3e</run_address>
         <size>0x255</size>
         <input_file_ref idref="fl-16"/>
      </object_component>
      <object_component id="oc-17b">
         <name>.debug_info</name>
         <load_address>0x4f93</load_address>
         <run_address>0x4f93</run_address>
         <size>0x349</size>
         <input_file_ref idref="fl-16"/>
      </object_component>
      <object_component id="oc-18b">
         <name>.debug_info</name>
         <load_address>0x52dc</load_address>
         <run_address>0x52dc</run_address>
         <size>0x2d8</size>
         <input_file_ref idref="fl-16"/>
      </object_component>
      <object_component id="oc-2d5">
         <name>.debug_info</name>
         <load_address>0x55b4</load_address>
         <run_address>0x55b4</run_address>
         <size>0x21d</size>
         <input_file_ref idref="fl-17"/>
      </object_component>
      <object_component id="oc-2dd">
         <name>.debug_info</name>
         <load_address>0x57d1</load_address>
         <run_address>0x57d1</run_address>
         <size>0x219</size>
         <input_file_ref idref="fl-17"/>
      </object_component>
      <object_component id="oc-300">
         <name>.debug_info</name>
         <load_address>0x59ea</load_address>
         <run_address>0x59ea</run_address>
         <size>0x279</size>
         <input_file_ref idref="fl-17"/>
      </object_component>
      <object_component id="oc-2e9">
         <name>.debug_info</name>
         <load_address>0x5c63</load_address>
         <run_address>0x5c63</run_address>
         <size>0x28f</size>
         <input_file_ref idref="fl-17"/>
      </object_component>
      <object_component id="oc-2f0">
         <name>.debug_info</name>
         <load_address>0x5ef2</load_address>
         <run_address>0x5ef2</run_address>
         <size>0x26e</size>
         <input_file_ref idref="fl-17"/>
      </object_component>
      <object_component id="oc-30e">
         <name>.debug_info</name>
         <load_address>0x6160</load_address>
         <run_address>0x6160</run_address>
         <size>0x23f</size>
         <input_file_ref idref="fl-17"/>
      </object_component>
      <object_component id="oc-2fa">
         <name>.debug_info</name>
         <load_address>0x639f</load_address>
         <run_address>0x639f</run_address>
         <size>0x241</size>
         <input_file_ref idref="fl-17"/>
      </object_component>
      <object_component id="oc-307">
         <name>.debug_info</name>
         <load_address>0x65e0</load_address>
         <run_address>0x65e0</run_address>
         <size>0x239</size>
         <input_file_ref idref="fl-17"/>
      </object_component>
      <object_component id="oc-2f5">
         <name>.debug_info</name>
         <load_address>0x6819</load_address>
         <run_address>0x6819</run_address>
         <size>0x23b</size>
         <input_file_ref idref="fl-17"/>
      </object_component>
      <object_component id="oc-313">
         <name>.debug_info</name>
         <load_address>0x6a54</load_address>
         <run_address>0x6a54</run_address>
         <size>0x232</size>
         <input_file_ref idref="fl-17"/>
      </object_component>
      <object_component id="oc-2e2">
         <name>.debug_info</name>
         <load_address>0x6c86</load_address>
         <run_address>0x6c86</run_address>
         <size>0x27b</size>
         <input_file_ref idref="fl-17"/>
      </object_component>
      <object_component id="oc-21c">
         <name>.debug_info</name>
         <load_address>0x6f01</load_address>
         <run_address>0x6f01</run_address>
         <size>0x397</size>
         <input_file_ref idref="fl-17"/>
      </object_component>
      <object_component id="oc-147">
         <name>.debug_info</name>
         <load_address>0x7298</load_address>
         <run_address>0x7298</run_address>
         <size>0x24f</size>
         <input_file_ref idref="fl-18"/>
      </object_component>
      <object_component id="oc-27c">
         <name>.debug_info</name>
         <load_address>0x74e7</load_address>
         <run_address>0x74e7</run_address>
         <size>0x1fe</size>
         <input_file_ref idref="fl-19"/>
      </object_component>
      <object_component id="oc-275">
         <name>.debug_info</name>
         <load_address>0x76e5</load_address>
         <run_address>0x76e5</run_address>
         <size>0x200</size>
         <input_file_ref idref="fl-19"/>
      </object_component>
      <object_component id="oc-164">
         <name>.debug_info</name>
         <load_address>0x78e5</load_address>
         <run_address>0x78e5</run_address>
         <size>0x20f</size>
         <input_file_ref idref="fl-19"/>
      </object_component>
      <object_component id="oc-d8">
         <name>.debug_info</name>
         <load_address>0x7af4</load_address>
         <run_address>0x7af4</run_address>
         <size>0x21c</size>
         <input_file_ref idref="fl-19"/>
      </object_component>
      <object_component id="oc-dd">
         <name>.debug_info</name>
         <load_address>0x7d10</load_address>
         <run_address>0x7d10</run_address>
         <size>0x202</size>
         <input_file_ref idref="fl-19"/>
      </object_component>
      <object_component id="oc-e5">
         <name>.debug_info</name>
         <load_address>0x7f12</load_address>
         <run_address>0x7f12</run_address>
         <size>0x1e8</size>
         <input_file_ref idref="fl-19"/>
      </object_component>
      <object_component id="oc-d4">
         <name>.debug_info</name>
         <load_address>0x80fa</load_address>
         <run_address>0x80fa</run_address>
         <size>0x20c</size>
         <input_file_ref idref="fl-19"/>
      </object_component>
      <object_component id="oc-16f">
         <name>.debug_info</name>
         <load_address>0x8306</load_address>
         <run_address>0x8306</run_address>
         <size>0x2b3</size>
         <input_file_ref idref="fl-19"/>
      </object_component>
      <object_component id="oc-337">
         <name>.debug_info</name>
         <load_address>0x85b9</load_address>
         <run_address>0x85b9</run_address>
         <size>0x1f2</size>
         <input_file_ref idref="fl-1a"/>
      </object_component>
      <object_component id="oc-32b">
         <name>.debug_info</name>
         <load_address>0x87ab</load_address>
         <run_address>0x87ab</run_address>
         <size>0x20e</size>
         <input_file_ref idref="fl-1a"/>
      </object_component>
      <object_component id="oc-3c5">
         <name>.debug_info</name>
         <load_address>0x89b9</load_address>
         <run_address>0x89b9</run_address>
         <size>0x1e4</size>
         <input_file_ref idref="fl-1a"/>
      </object_component>
      <object_component id="oc-3cd">
         <name>.debug_info</name>
         <load_address>0x8b9d</load_address>
         <run_address>0x8b9d</run_address>
         <size>0x217</size>
         <input_file_ref idref="fl-1a"/>
      </object_component>
      <object_component id="oc-3b4">
         <name>.debug_info</name>
         <load_address>0x8db4</load_address>
         <run_address>0x8db4</run_address>
         <size>0x244</size>
         <input_file_ref idref="fl-1a"/>
      </object_component>
      <object_component id="oc-39c">
         <name>.debug_info</name>
         <load_address>0x8ff8</load_address>
         <run_address>0x8ff8</run_address>
         <size>0x242</size>
         <input_file_ref idref="fl-1a"/>
      </object_component>
      <object_component id="oc-3a2">
         <name>.debug_info</name>
         <load_address>0x923a</load_address>
         <run_address>0x923a</run_address>
         <size>0x24a</size>
         <input_file_ref idref="fl-1a"/>
      </object_component>
      <object_component id="oc-3b9">
         <name>.debug_info</name>
         <load_address>0x9484</load_address>
         <run_address>0x9484</run_address>
         <size>0x24d</size>
         <input_file_ref idref="fl-1a"/>
      </object_component>
      <object_component id="oc-3a8">
         <name>.debug_info</name>
         <load_address>0x96d1</load_address>
         <run_address>0x96d1</run_address>
         <size>0x24e</size>
         <input_file_ref idref="fl-1a"/>
      </object_component>
      <object_component id="oc-3d9">
         <name>.debug_info</name>
         <load_address>0x991f</load_address>
         <run_address>0x991f</run_address>
         <size>0x258</size>
         <input_file_ref idref="fl-1a"/>
      </object_component>
      <object_component id="oc-3ae">
         <name>.debug_info</name>
         <load_address>0x9b77</load_address>
         <run_address>0x9b77</run_address>
         <size>0x27c</size>
         <input_file_ref idref="fl-1a"/>
      </object_component>
      <object_component id="oc-3c0">
         <name>.debug_info</name>
         <load_address>0x9df3</load_address>
         <run_address>0x9df3</run_address>
         <size>0x241</size>
         <input_file_ref idref="fl-1a"/>
      </object_component>
      <object_component id="oc-239">
         <name>.debug_info</name>
         <load_address>0xa034</load_address>
         <run_address>0xa034</run_address>
         <size>0x277</size>
         <input_file_ref idref="fl-1a"/>
      </object_component>
      <object_component id="oc-22d">
         <name>.debug_info</name>
         <load_address>0xa2ab</load_address>
         <run_address>0xa2ab</run_address>
         <size>0x519</size>
         <input_file_ref idref="fl-1a"/>
      </object_component>
      <object_component id="oc-388">
         <name>.debug_info</name>
         <load_address>0xa7c4</load_address>
         <run_address>0xa7c4</run_address>
         <size>0x3ba</size>
         <input_file_ref idref="fl-1a"/>
      </object_component>
      <object_component id="oc-330">
         <name>.debug_info</name>
         <load_address>0xab7e</load_address>
         <run_address>0xab7e</run_address>
         <size>0x243</size>
         <input_file_ref idref="fl-1a"/>
      </object_component>
      <object_component id="oc-240">
         <name>.debug_info</name>
         <load_address>0xadc1</load_address>
         <run_address>0xadc1</run_address>
         <size>0x251</size>
         <input_file_ref idref="fl-1a"/>
      </object_component>
      <object_component id="oc-221">
         <name>.debug_info</name>
         <load_address>0xb012</load_address>
         <run_address>0xb012</run_address>
         <size>0x241</size>
         <input_file_ref idref="fl-1a"/>
      </object_component>
      <object_component id="oc-a7">
         <name>.debug_info</name>
         <load_address>0xb253</load_address>
         <run_address>0xb253</run_address>
         <size>0x158</size>
         <input_file_ref idref="fl-26"/>
      </object_component>
      <object_component id="oc-33c">
         <name>.debug_info</name>
         <load_address>0xb3ab</load_address>
         <run_address>0xb3ab</run_address>
         <size>0x127</size>
         <input_file_ref idref="fl-27"/>
      </object_component>
      <object_component id="oc-ee">
         <name>.debug_info</name>
         <load_address>0xb4d2</load_address>
         <run_address>0xb4d2</run_address>
         <size>0x19b</size>
         <input_file_ref idref="fl-28"/>
      </object_component>
      <object_component id="oc-100">
         <name>.debug_info</name>
         <load_address>0xb66d</load_address>
         <run_address>0xb66d</run_address>
         <size>0x14d</size>
         <input_file_ref idref="fl-29"/>
      </object_component>
      <object_component id="oc-1bb">
         <name>.debug_info</name>
         <load_address>0xb7ba</load_address>
         <run_address>0xb7ba</run_address>
         <size>0x1bf</size>
         <input_file_ref idref="fl-2a"/>
      </object_component>
      <object_component id="oc-f3">
         <name>.debug_info</name>
         <load_address>0xb979</load_address>
         <run_address>0xb979</run_address>
         <size>0x1b6</size>
         <input_file_ref idref="fl-2b"/>
      </object_component>
      <object_component id="oc-9e">
         <name>.debug_info</name>
         <load_address>0xbb2f</load_address>
         <run_address>0xbb2f</run_address>
         <size>0x1b7</size>
         <input_file_ref idref="fl-2c"/>
      </object_component>
      <object_component id="oc-9a">
         <name>.debug_info</name>
         <load_address>0xbce6</load_address>
         <run_address>0xbce6</run_address>
         <size>0x219</size>
         <input_file_ref idref="fl-2d"/>
      </object_component>
      <object_component id="oc-1eb">
         <name>.debug_info</name>
         <load_address>0xbeff</load_address>
         <run_address>0xbeff</run_address>
         <size>0x19e</size>
         <input_file_ref idref="fl-2e"/>
      </object_component>
      <object_component id="oc-10d">
         <name>.debug_info</name>
         <load_address>0xc09d</load_address>
         <run_address>0xc09d</run_address>
         <size>0x1a9</size>
         <input_file_ref idref="fl-2e"/>
      </object_component>
      <object_component id="oc-1ee">
         <name>.debug_info</name>
         <load_address>0xc246</load_address>
         <run_address>0xc246</run_address>
         <size>0x107</size>
         <input_file_ref idref="fl-2f"/>
      </object_component>
      <object_component id="oc-36d">
         <name>.debug_info</name>
         <load_address>0xc34d</load_address>
         <run_address>0xc34d</run_address>
         <size>0x10b</size>
         <input_file_ref idref="fl-2f"/>
      </object_component>
      <object_component id="oc-2c1">
         <name>.debug_info</name>
         <load_address>0xc458</load_address>
         <run_address>0xc458</run_address>
         <size>0x203</size>
         <input_file_ref idref="fl-2f"/>
      </object_component>
      <object_component id="oc-108">
         <name>.debug_info</name>
         <load_address>0xc65b</load_address>
         <run_address>0xc65b</run_address>
         <size>0x15d</size>
         <input_file_ref idref="fl-30"/>
      </object_component>
      <object_component id="oc-2a5">
         <name>.debug_info</name>
         <load_address>0xc7b8</load_address>
         <run_address>0xc7b8</run_address>
         <size>0x147</size>
         <input_file_ref idref="fl-33"/>
      </object_component>
      <object_component id="oc-48d">
         <name>.debug_info</name>
         <load_address>0xc8ff</load_address>
         <run_address>0xc8ff</run_address>
         <size>0xaf</size>
      </object_component>
      <object_component id="oc-20d">
         <name>.debug_line</name>
         <load_address>0x0</load_address>
         <run_address>0x0</run_address>
         <size>0x40</size>
         <input_file_ref idref="fl-2"/>
      </object_component>
      <object_component id="oc-28e">
         <name>.debug_line</name>
         <load_address>0x40</load_address>
         <run_address>0x40</run_address>
         <size>0x40</size>
         <input_file_ref idref="fl-2"/>
      </object_component>
      <object_component id="oc-285">
         <name>.debug_line</name>
         <load_address>0x80</load_address>
         <run_address>0x80</run_address>
         <size>0x40</size>
         <input_file_ref idref="fl-2"/>
      </object_component>
      <object_component id="oc-16c">
         <name>.debug_line</name>
         <load_address>0xc0</load_address>
         <run_address>0xc0</run_address>
         <size>0x8b</size>
         <input_file_ref idref="fl-2"/>
      </object_component>
      <object_component id="oc-12b">
         <name>.debug_line</name>
         <load_address>0x14b</load_address>
         <run_address>0x14b</run_address>
         <size>0x88</size>
         <input_file_ref idref="fl-2"/>
      </object_component>
      <object_component id="oc-1f6">
         <name>.debug_line</name>
         <load_address>0x1d3</load_address>
         <run_address>0x1d3</run_address>
         <size>0x82</size>
         <input_file_ref idref="fl-2"/>
      </object_component>
      <object_component id="oc-184">
         <name>.debug_line</name>
         <load_address>0x255</load_address>
         <run_address>0x255</run_address>
         <size>0x83</size>
         <input_file_ref idref="fl-2"/>
      </object_component>
      <object_component id="oc-160">
         <name>.debug_line</name>
         <load_address>0x2d8</load_address>
         <run_address>0x2d8</run_address>
         <size>0x84</size>
         <input_file_ref idref="fl-2"/>
      </object_component>
      <object_component id="oc-11d">
         <name>.debug_line</name>
         <load_address>0x35c</load_address>
         <run_address>0x35c</run_address>
         <size>0x83</size>
         <input_file_ref idref="fl-2"/>
      </object_component>
      <object_component id="oc-116">
         <name>.debug_line</name>
         <load_address>0x3df</load_address>
         <run_address>0x3df</run_address>
         <size>0x83</size>
         <input_file_ref idref="fl-2"/>
      </object_component>
      <object_component id="oc-179">
         <name>.debug_line</name>
         <load_address>0x462</load_address>
         <run_address>0x462</run_address>
         <size>0x84</size>
         <input_file_ref idref="fl-2"/>
      </object_component>
      <object_component id="oc-129">
         <name>.debug_line</name>
         <load_address>0x4e6</load_address>
         <run_address>0x4e6</run_address>
         <size>0x84</size>
         <input_file_ref idref="fl-2"/>
      </object_component>
      <object_component id="oc-b7">
         <name>.debug_line</name>
         <load_address>0x56a</load_address>
         <run_address>0x56a</run_address>
         <size>0x10d</size>
         <input_file_ref idref="fl-2"/>
      </object_component>
      <object_component id="oc-b9">
         <name>.debug_line</name>
         <load_address>0x677</load_address>
         <run_address>0x677</run_address>
         <size>0x74</size>
         <input_file_ref idref="fl-2"/>
      </object_component>
      <object_component id="oc-14e">
         <name>.debug_line</name>
         <load_address>0x6eb</load_address>
         <run_address>0x6eb</run_address>
         <size>0x7c</size>
         <input_file_ref idref="fl-2"/>
      </object_component>
      <object_component id="oc-212">
         <name>.debug_line</name>
         <load_address>0x767</load_address>
         <run_address>0x767</run_address>
         <size>0x149</size>
         <input_file_ref idref="fl-2"/>
      </object_component>
      <object_component id="oc-bf">
         <name>.debug_line</name>
         <load_address>0x8b0</load_address>
         <run_address>0x8b0</run_address>
         <size>0x4e</size>
         <input_file_ref idref="fl-3"/>
      </object_component>
      <object_component id="oc-198">
         <name>.debug_line</name>
         <load_address>0x8fe</load_address>
         <run_address>0x8fe</run_address>
         <size>0x56</size>
         <input_file_ref idref="fl-3"/>
      </object_component>
      <object_component id="oc-c5">
         <name>.debug_line</name>
         <load_address>0x954</load_address>
         <run_address>0x954</run_address>
         <size>0x58</size>
         <input_file_ref idref="fl-4"/>
      </object_component>
      <object_component id="oc-cd">
         <name>.debug_line</name>
         <load_address>0x9ac</load_address>
         <run_address>0x9ac</run_address>
         <size>0x58</size>
         <input_file_ref idref="fl-4"/>
      </object_component>
      <object_component id="oc-291">
         <name>.debug_line</name>
         <load_address>0xa04</load_address>
         <run_address>0xa04</run_address>
         <size>0x21</size>
         <input_file_ref idref="fl-4"/>
      </object_component>
      <object_component id="oc-20f">
         <name>.debug_line</name>
         <load_address>0xa25</load_address>
         <run_address>0xa25</run_address>
         <size>0x44</size>
         <input_file_ref idref="fl-5"/>
      </object_component>
      <object_component id="oc-35c">
         <name>.debug_line</name>
         <load_address>0xa69</load_address>
         <run_address>0xa69</run_address>
         <size>0x44</size>
         <input_file_ref idref="fl-5"/>
      </object_component>
      <object_component id="oc-2d1">
         <name>.debug_line</name>
         <load_address>0xaad</load_address>
         <run_address>0xaad</run_address>
         <size>0xb2</size>
         <input_file_ref idref="fl-5"/>
      </object_component>
      <object_component id="oc-19d">
         <name>.debug_line</name>
         <load_address>0xb5f</load_address>
         <run_address>0xb5f</run_address>
         <size>0x42</size>
         <input_file_ref idref="fl-8"/>
      </object_component>
      <object_component id="oc-294">
         <name>.debug_line</name>
         <load_address>0xba1</load_address>
         <run_address>0xba1</run_address>
         <size>0xfb</size>
         <input_file_ref idref="fl-8"/>
      </object_component>
      <object_component id="oc-346">
         <name>.debug_line</name>
         <load_address>0xc9c</load_address>
         <run_address>0xc9c</run_address>
         <size>0x37</size>
         <input_file_ref idref="fl-b"/>
      </object_component>
      <object_component id="oc-31f">
         <name>.debug_line</name>
         <load_address>0xcd3</load_address>
         <run_address>0xcd3</run_address>
         <size>0x89</size>
         <input_file_ref idref="fl-b"/>
      </object_component>
      <object_component id="oc-326">
         <name>.debug_line</name>
         <load_address>0xd5c</load_address>
         <run_address>0xd5c</run_address>
         <size>0x89</size>
         <input_file_ref idref="fl-b"/>
      </object_component>
      <object_component id="oc-237">
         <name>.debug_line</name>
         <load_address>0xde5</load_address>
         <run_address>0xde5</run_address>
         <size>0x87</size>
         <input_file_ref idref="fl-b"/>
      </object_component>
      <object_component id="oc-218">
         <name>.debug_line</name>
         <load_address>0xe6c</load_address>
         <run_address>0xe6c</run_address>
         <size>0x88</size>
         <input_file_ref idref="fl-b"/>
      </object_component>
      <object_component id="oc-255">
         <name>.debug_line</name>
         <load_address>0xef4</load_address>
         <run_address>0xef4</run_address>
         <size>0x86</size>
         <input_file_ref idref="fl-b"/>
      </object_component>
      <object_component id="oc-13d">
         <name>.debug_line</name>
         <load_address>0xf7a</load_address>
         <run_address>0xf7a</run_address>
         <size>0x61</size>
         <input_file_ref idref="fl-b"/>
      </object_component>
      <object_component id="oc-24a">
         <name>.debug_line</name>
         <load_address>0xfdb</load_address>
         <run_address>0xfdb</run_address>
         <size>0x8a</size>
         <input_file_ref idref="fl-b"/>
      </object_component>
      <object_component id="oc-143">
         <name>.debug_line</name>
         <load_address>0x1065</load_address>
         <run_address>0x1065</run_address>
         <size>0x53</size>
         <input_file_ref idref="fl-b"/>
      </object_component>
      <object_component id="oc-352">
         <name>.debug_line</name>
         <load_address>0x10b8</load_address>
         <run_address>0x10b8</run_address>
         <size>0x52</size>
         <input_file_ref idref="fl-b"/>
      </object_component>
      <object_component id="oc-34d">
         <name>.debug_line</name>
         <load_address>0x110a</load_address>
         <run_address>0x110a</run_address>
         <size>0x54</size>
         <input_file_ref idref="fl-b"/>
      </object_component>
      <object_component id="oc-257">
         <name>.debug_line</name>
         <load_address>0x115e</load_address>
         <run_address>0x115e</run_address>
         <size>0x56</size>
         <input_file_ref idref="fl-b"/>
      </object_component>
      <object_component id="oc-22a">
         <name>.debug_line</name>
         <load_address>0x11b4</load_address>
         <run_address>0x11b4</run_address>
         <size>0x5a</size>
         <input_file_ref idref="fl-b"/>
      </object_component>
      <object_component id="oc-1fe">
         <name>.debug_line</name>
         <load_address>0x120e</load_address>
         <run_address>0x120e</run_address>
         <size>0x4d</size>
         <input_file_ref idref="fl-b"/>
      </object_component>
      <object_component id="oc-348">
         <name>.debug_line</name>
         <load_address>0x125b</load_address>
         <run_address>0x125b</run_address>
         <size>0x11e</size>
         <input_file_ref idref="fl-b"/>
      </object_component>
      <object_component id="oc-205">
         <name>.debug_line</name>
         <load_address>0x1379</load_address>
         <run_address>0x1379</run_address>
         <size>0x97</size>
         <input_file_ref idref="fl-16"/>
      </object_component>
      <object_component id="oc-287">
         <name>.debug_line</name>
         <load_address>0x1410</load_address>
         <run_address>0x1410</run_address>
         <size>0xaa</size>
         <input_file_ref idref="fl-16"/>
      </object_component>
      <object_component id="oc-264">
         <name>.debug_line</name>
         <load_address>0x14ba</load_address>
         <run_address>0x14ba</run_address>
         <size>0x9c</size>
         <input_file_ref idref="fl-16"/>
      </object_component>
      <object_component id="oc-151">
         <name>.debug_line</name>
         <load_address>0x1556</load_address>
         <run_address>0x1556</run_address>
         <size>0x9b</size>
         <input_file_ref idref="fl-16"/>
      </object_component>
      <object_component id="oc-157">
         <name>.debug_line</name>
         <load_address>0x15f1</load_address>
         <run_address>0x15f1</run_address>
         <size>0xb2</size>
         <input_file_ref idref="fl-16"/>
      </object_component>
      <object_component id="oc-26b">
         <name>.debug_line</name>
         <load_address>0x16a3</load_address>
         <run_address>0x16a3</run_address>
         <size>0xa6</size>
         <input_file_ref idref="fl-16"/>
      </object_component>
      <object_component id="oc-11f">
         <name>.debug_line</name>
         <load_address>0x1749</load_address>
         <run_address>0x1749</run_address>
         <size>0xa6</size>
         <input_file_ref idref="fl-16"/>
      </object_component>
      <object_component id="oc-17e">
         <name>.debug_line</name>
         <load_address>0x17ef</load_address>
         <run_address>0x17ef</run_address>
         <size>0x113</size>
         <input_file_ref idref="fl-16"/>
      </object_component>
      <object_component id="oc-18a">
         <name>.debug_line</name>
         <load_address>0x1902</load_address>
         <run_address>0x1902</run_address>
         <size>0xae</size>
         <input_file_ref idref="fl-16"/>
      </object_component>
      <object_component id="oc-2ce">
         <name>.debug_line</name>
         <load_address>0x19b0</load_address>
         <run_address>0x19b0</run_address>
         <size>0x146</size>
         <input_file_ref idref="fl-16"/>
      </object_component>
      <object_component id="oc-2d9">
         <name>.debug_line</name>
         <load_address>0x1af6</load_address>
         <run_address>0x1af6</run_address>
         <size>0x99</size>
         <input_file_ref idref="fl-17"/>
      </object_component>
      <object_component id="oc-2e0">
         <name>.debug_line</name>
         <load_address>0x1b8f</load_address>
         <run_address>0x1b8f</run_address>
         <size>0x99</size>
         <input_file_ref idref="fl-17"/>
      </object_component>
      <object_component id="oc-303">
         <name>.debug_line</name>
         <load_address>0x1c28</load_address>
[...]
         <usage_details>
         </usage_details>
      </memory_area>
      <memory_area display="no" color="green">
         <name>CLKCFG</name>
         <page_id>0x1</page_id>
         <origin>0x5d200</origin>
         <length>0x32</length>
         <used_space>0x0</used_space>
         <unused_space>0x32</unused_space>
         <attributes>RWIX</attributes>
         <usage_details>
         </usage_details>
      </memory_area>
      <memory_area display="yes" color="green">
         <name>CPUSYS</name>
         <page_id>0x1</page_id>
         <origin>0x5d300</origin>
         <length>0x82</length>
         <used_space>0x0</used_space>
         <unused_space>0x82</unused_space>
         <attributes>RWIX</attributes>
         <usage_details>
         </usage_details>
      </memory_area>
      <memory_area display="no" color="green">
         <name>ROMPREFETCH</name>
         <page_id>0x1</page_id>
         <origin>0x5e608</origin>
         <length>0x2</length>
         <used_space>0x0</used_space>
         <unused_space>0x2</unused_space>
         <attributes>RWIX</attributes>
         <usage_details>
         </usage_details>
      </memory_area>
      <memory_area display="no" color="green">
         <name>DCSMZ1</name>
         <page_id>0x1</page_id>
         <origin>0x5f000</origin>
         <length>0x24</length>
         <used_space>0x0</used_space>
         <unused_space>0x24</unused_space>
         <attributes>RWIX</attributes>
         <usage_details>
         </usage_details>
      </memory_area>
      <memory_area display="no" color="green">
         <name>DCSMZ2</name>
         <page_id>0x1</page_id>
         <origin>0x5f040</origin>
         <length>0x24</length>
         <used_space>0x0</used_space>
         <unused_space>0x24</unused_space>
         <attributes>RWIX</attributes>
         <usage_details>
         </usage_details>
      </memory_area>
      <memory_area display="no" color="green">
         <name>DCSMCOMMON</name>
         <page_id>0x1</page_id>
         <origin>0x5f070</origin>
         <length>0x8</length>
         <used_space>0x0</used_space>
         <unused_space>0x8</unused_space>
         <attributes>RWIX</attributes>
         <usage_details>
         </usage_details>
      </memory_area>
      <memory_area display="yes" color="green">
         <name>MEMCFG</name>
         <page_id>0x1</page_id>
         <origin>0x5f400</origin>
         <length>0x80</length>
         <used_space>0x0</used_space>
         <unused_space>0x80</unused_space>
         <attributes>RWIX</attributes>
         <usage_details>
         </usage_details>
      </memory_area>
      <memory_area display="no" color="green">
         <name>EMIF1CONFIG</name>
         <page_id>0x1</page_id>
         <origin>0x5f480</origin>
         <length>0x20</length>
         <used_space>0x0</used_space>
         <unused_space>0x20</unused_space>
         <attributes>RWIX</attributes>
         <usage_details>
         </usage_details>
      </memory_area>
      <memory_area display="no" color="green">
         <name>EMIF2CONFIG</name>
         <page_id>0x1</page_id>
         <origin>0x5f4a0</origin>
         <length>0x20</length>
         <used_space>0x0</used_space>
         <unused_space>0x20</unused_space>
         <attributes>RWIX</attributes>
         <usage_details>
         </usage_details>
      </memory_area>
      <memory_area display="no" color="green">
         <name>ACCESSPROTECTION</name>
         <page_id>0x1</page_id>
         <origin>0x5f4c0</origin>
         <length>0x40</length>
         <used_space>0x0</used_space>
         <unused_space>0x40</unused_space>
         <attributes>RWIX</attributes>
         <usage_details>
         </usage_details>
      </memory_area>
      <memory_area display="no" color="green">
         <name>MEMORYERROR</name>
         <page_id>0x1</page_id>
         <origin>0x5f500</origin>
         <length>0x40</length>
         <used_space>0x0</used_space>
         <unused_space>0x40</unused_space>
         <attributes>RWIX</attributes>
         <usage_details>
         </usage_details>
      </memory_area>
      <memory_area display="no" color="green">
         <name>ROMWAITSTATE</name>
         <page_id>0x1</page_id>
         <origin>0x5f540</origin>
         <length>0x2</length>
         <used_space>0x0</used_space>
         <unused_space>0x2</unused_space>
         <attributes>RWIX</attributes>
         <usage_details>
         </usage_details>
      </memory_area>
      <memory_area display="yes" color="green">
         <name>FLASH0CTRL</name>
         <page_id>0x1</page_id>
         <origin>0x5f800</origin>
         <length>0x182</length>
         <used_space>0x0</used_space>
         <unused_space>0x182</unused_space>
         <attributes>RWIX</attributes>
         <usage_details>
         </usage_details>
      </memory_area>
      <memory_area display="no" color="green">
         <name>FLASH0ECC</name>
         <page_id>0x1</page_id>
         <origin>0x5fb00</origin>
         <length>0x28</length>
         <used_space>0x0</used_space>
         <unused_space>0x28</unused_space>
         <attributes>RWIX</attributes>
         <usage_details>
         </usage_details>
      </memory_area>
      <memory_area display="no" color="green">
         <name>UID</name>
         <page_id>0x1</page_id>
         <origin>0x703c0</origin>
         <length>0x10</length>
         <used_space>0x0</used_space>
         <unused_space>0x10</unused_space>
         <attributes>RWIX</attributes>
         <usage_details>
         </usage_details>
      </memory_area>
   </placement_map>
   <cptbl_list>
      <cptbl>
         <name>__TI_cinit_table</name>
         <cprec>
            <name>.data</name>
            <load_address>0x84000</load_address>
            <load_size>0xd</load_size>
            <run_address>0xa800</run_address>
            <run_size>0x1a</run_size>
            <compression>lzss</compression>
         </cprec>
         <cprec>
            <name>.bss</name>
            <load_address>0x84014</load_address>
            <load_size>0x4</load_size>
            <run_address>0xa81a</run_address>
            <run_size>0xa</run_size>
            <compression>zero_init</compression>
         </cprec>
      </cptbl>
   </cptbl_list>
   <handler_table>
      <handler_table_name>__TI_handler_table</handler_table_name>
      <handler>
         <index>0x0</index>
         <name>__TI_zero_init</name>
      </handler>
      <handler>
         <index>0x1</index>
         <name>__TI_decompress_lzss</name>
      </handler>
      <handler>
         <index>0x2</index>
         <name>__TI_decompress_none</name>
      </handler>
   </handler_table>
   <symbol_table>
      <symbol id="sm-1">
         <name>RamfuncsLoadStart</name>
         <value>0x86000</value>
      </symbol>
      <symbol id="sm-2">
         <name>RamfuncsLoadSize</name>
         <value>0x1ab</value>
      </symbol>
      <symbol id="sm-3">
         <name>RamfuncsLoadEnd</name>
         <value>0x861ab</value>
      </symbol>
      <symbol id="sm-4">
         <name>RamfuncsRunStart</name>
         <value>0x8000</value>
      </symbol>
      <symbol id="sm-5">
         <name>RamfuncsRunSize</name>
         <value>0x1ab</value>
      </symbol>
      <symbol id="sm-6">
         <name>RamfuncsRunEnd</name>
         <value>0x81ab</value>
      </symbol>
      <symbol id="sm-7">
         <name>__TI_CINIT_Base</name>
         <value>0x84018</value>
      </symbol>
      <symbol id="sm-8">
         <name>__TI_CINIT_Limit</name>
         <value>0x84020</value>
      </symbol>
      <symbol id="sm-9">
         <name>__TI_CINIT_Warm</name>
         <value>0x84020</value>
      </symbol>
      <symbol id="sm-a">
         <name>__TI_Handler_Table_Base</name>
         <value>0x8400e</value>
      </symbol>
      <symbol id="sm-b">
         <name>__TI_Handler_Table_Limit</name>
         <value>0x84014</value>
      </symbol>
      <symbol id="sm-c">
         <name>__TI_STACK_SIZE</name>
         <value>0x3f8</value>
      </symbol>
      <symbol id="sm-d">
         <name>__TI_STACK_END</name>
         <value>0x7f8</value>
      </symbol>
      <symbol id="sm-e">
         <name>__TI_pprof_out_hndl</name>
         <value>0xffffffff</value>
      </symbol>
      <symbol id="sm-f">
         <name>__TI_prof_data_start</name>
         <value>0xffffffff</value>
      </symbol>
      <symbol id="sm-10">
         <name>__TI_prof_data_size</name>
         <value>0xffffffff</value>
      </symbol>
      <symbol id="sm-13b">
         <name>errorCounter</name>
         <value>0xa806</value>
         <object_component_ref idref="oc-130"/>
      </symbol>
      <symbol id="sm-13c">
         <name>txMsgCount</name>
         <value>0xa800</value>
         <object_component_ref idref="oc-130"/>
      </symbol>
      <symbol id="sm-13d">
         <name>errorFlag</name>
         <value>0xa804</value>
         <object_component_ref idref="oc-130"/>
      </symbol>
      <symbol id="sm-13e">
         <name>CanaISR</name>
         <value>0x8000</value>
         <object_component_ref idref="oc-af"/>
      </symbol>
      <symbol id="sm-13f">
         <name>i</name>
         <value>0xa822</value>
         <object_component_ref idref="oc-190"/>
      </symbol>
      <symbol id="sm-140">
         <name>txMsgSuccessful</name>
         <value>0xa802</value>
         <object_component_ref idref="oc-130"/>
      </symbol>
      <symbol id="sm-141">
         <name>main</name>
         <value>0x82209</value>
         <object_component_ref idref="oc-b3"/>
      </symbol>
      <symbol id="sm-142">
         <name>LedIndicator</name>
         <value>0xa808</value>
         <object_component_ref idref="oc-130"/>
      </symbol>
      <symbol id="sm-143">
         <name>InitLedGpioPorts</name>
         <value>0x8278c</value>
         <object_component_ref idref="oc-14a"/>
      </symbol>
      <symbol id="sm-144">
         <name>txMsgData</name>
         <value>0xa81a</value>
         <object_component_ref idref="oc-186"/>
      </symbol>
      <symbol id="sm-153">
         <name>code_start</name>
         <value>0x80000</value>
         <object_component_ref idref="oc-bb"/>
      </symbol>
      <symbol id="sm-169">
         <name>NOTUSED_ISR</name>
         <value>0x82e44</value>
         <object_component_ref idref="oc-c9"/>
      </symbol>
      <symbol id="sm-16a">
         <name>PIE_RESERVED_ISR</name>
         <value>0x82e4e</value>
         <object_component_ref idref="oc-c0"/>
      </symbol>
      <symbol id="sm-17a">
         <name>GpioCtrlRegs</name>
         <value>0x7c00</value>
         <object_component_ref idref="oc-25f"/>
      </symbol>
      <symbol id="sm-17b">
         <name>GpioDataRegs</name>
         <value>0x7f00</value>
         <object_component_ref idref="oc-133"/>
      </symbol>
      <symbol id="sm-188">
         <name>PieVectTableInit</name>
         <value>0x90000</value>
         <object_component_ref idref="oc-c6"/>
      </symbol>
      <symbol id="sm-1fc">
         <name>Device_enableAllPeripherals</name>
         <value>0x8230f</value>
         <object_component_ref idref="oc-245"/>
      </symbol>
      <symbol id="sm-1fd">
         <name>Device_initGPIO</name>
         <value>0x82b08</value>
         <object_component_ref idref="oc-13e"/>
      </symbol>
      <symbol id="sm-1fe">
         <name>Example_Fail</name>
         <value>0xa80e</value>
         <object_component_ref idref="oc-24b"/>
      </symbol>
      <symbol id="sm-1ff">
         <name>Device_init</name>
         <value>0x827e2</value>
         <object_component_ref idref="oc-138"/>
      </symbol>
      <symbol id="sm-200">
         <name>Example_Result</name>
         <value>0xa80a</value>
         <object_component_ref idref="oc-24b"/>
      </symbol>
      <symbol id="sm-201">
         <name>Device_enableUnbondedGPIOPullups</name>
         <value>0x82ca1</value>
         <object_component_ref idref="oc-256"/>
      </symbol>
      <symbol id="sm-202">
         <name>__error__</name>
         <value>0x82e81</value>
         <object_component_ref idref="oc-1f9"/>
      </symbol>
      <symbol id="sm-203">
         <name>Device_configureTMXAnalogTrim</name>
         <value>0x829c1</value>
         <object_component_ref idref="oc-226"/>
      </symbol>
      <symbol id="sm-204">
         <name>Device_enableUnbondedGPIOPullupsFor176Pin</name>
         <value>0x82d20</value>
         <object_component_ref idref="oc-351"/>
      </symbol>
      <symbol id="sm-205">
         <name>Example_PassCount</name>
         <value>0xa80c</value>
         <object_component_ref idref="oc-24b"/>
      </symbol>
      <symbol id="sm-206">
         <name>Device_enableUnbondedGPIOPullupsFor100Pin</name>
         <value>0x82ba0</value>
         <object_component_ref idref="oc-34b"/>
      </symbol>
      <symbol id="sm-288">
         <name>CAN_sendMessage</name>
         <value>0x825ed</value>
         <object_component_ref idref="oc-189"/>
      </symbol>
      <symbol id="sm-289">
         <name>CAN_setBitTiming</name>
         <value>0x826c7</value>
         <object_component_ref idref="oc-26a"/>
      </symbol>
      <symbol id="sm-28a">
         <name>CAN_clearInterruptStatus</name>
         <value>0x828d0</value>
         <object_component_ref idref="oc-11e"/>
      </symbol>
      <symbol id="sm-28b">
         <name>CAN_setupMessageObject</name>
         <value>0x823fa</value>
         <object_component_ref idref="oc-17a"/>
      </symbol>
      <symbol id="sm-28c">
         <name>CAN_initModule</name>
         <value>0x82bda</value>
         <object_component_ref idref="oc-150"/>
      </symbol>
      <symbol id="sm-28d">
         <name>CAN_setBitRate</name>
         <value>0x8272b</value>
         <object_component_ref idref="oc-156"/>
      </symbol>
      <symbol id="sm-307">
         <name>Flash_initModule</name>
         <value>0x8083</value>
         <object_component_ref idref="oc-21a"/>
      </symbol>
      <symbol id="sm-314">
         <name>GPIO_setPinConfig</name>
         <value>0x82953</value>
         <object_component_ref idref="oc-144"/>
      </symbol>
      <symbol id="sm-363">
         <name>Interrupt_defaultHandler</name>
         <value>0x82cb7</value>
         <object_component_ref idref="oc-cf"/>
      </symbol>
      <symbol id="sm-364">
         <name>Interrupt_initModule</name>
         <value>0x82916</value>
         <object_component_ref idref="oc-162"/>
      </symbol>
      <symbol id="sm-365">
         <name>Interrupt_nmiHandler</name>
         <value>0x82e3a</value>
         <object_component_ref idref="oc-e1"/>
      </symbol>
      <symbol id="sm-366">
         <name>Interrupt_enable</name>
         <value>0x8298a</value>
         <object_component_ref idref="oc-16e"/>
      </symbol>
      <symbol id="sm-367">
         <name>Interrupt_initVectorTable</name>
         <value>0x82b48</value>
         <object_component_ref idref="oc-d0"/>
      </symbol>
      <symbol id="sm-368">
         <name>Interrupt_illegalOperationHandler</name>
         <value>0x82e30</value>
         <object_component_ref idref="oc-db"/>
      </symbol>
      <symbol id="sm-441">
         <name>SysCtl_delay</name>
         <value>0x81a7</value>
         <object_component_ref idref="oc-18f"/>
      </symbol>
      <symbol id="sm-442">
         <name>SysCtl_getDeviceParametric</name>
         <value>0x8265f</value>
         <object_component_ref idref="oc-220"/>
      </symbol>
      <symbol id="sm-443">
         <name>SysCtl_selectXTAL</name>
         <value>0x824d5</value>
         <object_component_ref idref="oc-387"/>
      </symbol>
      <symbol id="sm-444">
         <name>SysCtl_selectOscSource</name>
         <value>0x82888</value>
         <object_component_ref idref="oc-32f"/>
      </symbol>
      <symbol id="sm-445">
         <name>SysCtl_getLowSpeedClock</name>
         <value>0x82c2a</value>
         <object_component_ref idref="oc-23f"/>
      </symbol>
      <symbol id="sm-446">
         <name>SysCtl_setClock</name>
         <value>0x82000</value>
         <object_component_ref idref="oc-22c"/>
      </symbol>
      <symbol id="sm-447">
         <name>SysCtl_getClock</name>
         <value>0x82837</value>
         <object_component_ref idref="oc-238"/>
      </symbol>
      <symbol id="sm-451">
         <name>_c_int00</name>
         <value>0x82c8a</value>
         <object_component_ref idref="oc-a4"/>
      </symbol>
      <symbol id="sm-452">
         <name>__stack</name>
         <value>0x400</value>
         <object_component_ref idref="oc-e7"/>
      </symbol>
      <symbol id="sm-45f">
         <name>__c28xabi_divf</name>
         <value>0x82565</value>
         <object_component_ref idref="oc-33b"/>
      </symbol>
      <symbol id="sm-471">
         <name>memcpy</name>
         <value>0x82bbd</value>
         <object_component_ref idref="oc-ea"/>
      </symbol>
      <symbol id="sm-47e">
         <name>_system_pre_init</name>
         <value>0x82e8e</value>
         <object_component_ref idref="oc-fe"/>
      </symbol>
      <symbol id="sm-48d">
         <name>__TI_auto_init_nobinit_nopinit</name>
         <value>0x82a22</value>
         <object_component_ref idref="oc-1b8"/>
      </symbol>
      <symbol id="sm-49c">
         <name>__TI_zero_init_nomemset</name>
         <value>0x82e01</value>
         <object_component_ref idref="oc-f2"/>
      </symbol>
      <symbol id="sm-4a9">
         <name>__TI_decompress_none</name>
         <value>0x82e72</value>
         <object_component_ref idref="oc-9d"/>
      </symbol>
      <symbol id="sm-4bd">
         <name>__TI_decompress_lzss</name>
         <value>0x829f2</value>
         <object_component_ref idref="oc-97"/>
      </symbol>
      <symbol id="sm-4d3">
         <name>C$$EXIT</name>
         <value>0x82a4d</value>
         <object_component_ref idref="oc-10b"/>
      </symbol>
      <symbol id="sm-4d4">
         <name>abort</name>
         <value>0x82a4d</value>
         <object_component_ref idref="oc-10b"/>
      </symbol>
      <symbol id="sm-4d5">
         <name>exit</name>
         <value>0x82a4f</value>
         <object_component_ref idref="oc-10b"/>
      </symbol>
      <symbol id="sm-4d6">
         <name>__TI_dtors_ptr</name>
         <value>0xa814</value>
         <object_component_ref idref="oc-1ea"/>
      </symbol>
      <symbol id="sm-4d7">
         <name>__TI_cleanup_ptr</name>
         <value>0xa812</value>
         <object_component_ref idref="oc-1ea"/>
      </symbol>
      <symbol id="sm-4d8">
         <name>__TI_enable_exit_profile_output</name>
         <value>0xa810</value>
         <object_component_ref idref="oc-1ea"/>
      </symbol>
      <symbol id="sm-4ef">
         <name>_nop</name>
         <value>0x82e69</value>
         <object_component_ref idref="oc-2be"/>
      </symbol>
      <symbol id="sm-4f0">
         <name>_lock</name>
         <value>0xa816</value>
         <object_component_ref idref="oc-1ed"/>
      </symbol>
      <symbol id="sm-4f1">
         <name>_unlock</name>
         <value>0xa818</value>
         <object_component_ref idref="oc-36c"/>
      </symbol>
      <symbol id="sm-4f2">
         <name>_register_lock</name>
         <value>0x82e65</value>
         <object_component_ref idref="oc-2be"/>
      </symbol>
      <symbol id="sm-4f3">
         <name>_register_unlock</name>
         <value>0x82e61</value>
         <object_component_ref idref="oc-2be"/>
      </symbol>
      <symbol id="sm-502">
         <name>_args_main</name>
         <value>0x82e0e</value>
         <object_component_ref idref="oc-105"/>
      </symbol>
      <symbol id="sm-511">
         <name>_system_post_cinit</name>
         <value>0x82e90</value>
         <object_component_ref idref="oc-2a4"/>
      </symbol>
      <symbol id="sm-513">
         <name>__c_args__</name>
         <value>0x0</value>
      </symbol>
   </symbol_table>
   <title>Link successful</title>
</link_info>
