******************************************************************************
             TMS320C2000 Linker PC v22.6.1                     
******************************************************************************
>> Linked Fri Jul 19 14:04:32 2024

OUTPUT FILE NAME:   <5_CAN_Transmit_Receive_CPU1_FLASH.out>
ENTRY POINT SYMBOL: "_c_int00"  address: 00082c8a


MEMORY CONFIGURATION

         name            origin    length      used     unused   attr    fill
----------------------  --------  ---------  --------  --------  ----  --------
PAGE 0:
  RAMM0                 00000123   000002dd  00000000  000002dd  RWIX
  RAMLS0                00008000   00000800  000001ab  00000655  RWIX
  RAMLS1                00008800   00000800  00000000  00000800  RWIX
  RAMLS2                00009000   00000800  00000000  00000800  RWIX
  RAMLS3                00009800   00000800  00000000  00000800  RWIX
  RAMLS4                0000a000   00000800  00000000  00000800  RWIX
  RAMD0                 0000b000   00000800  00000000  00000800  RWIX
  RAMGS14               0001a000   00001000  00000000  00001000  RWIX
  RAMGS15               0001b000   00000ff8  00000000  00000ff8  RWIX
  BEGIN                 00080000   00000002  00000002  00000000  RWIX
  FLASHA                00080002   00001ffe  00000000  00001ffe  RWIX
  FLASHB                00082000   00002000  00000e91  0000116f  RWIX
  FLASHC                00084000   00002000  00000020  00001fe0  RWIX
  FLASHD                00086000   00002000  000001ab  00001e55  RWIX
  FLASHE                00088000   00008000  00000000  00008000  RWIX
  FLASHF                00090000   00008000  00000459  00007ba7  RWIX
  FLASHG                00098000   00008000  00000000  00008000  RWIX
  FLASHH                000a0000   00008000  00000000  00008000  RWIX
  FLASHI                000a8000   00008000  00000000  00008000  RWIX
  FLASHJ                000b0000   00008000  00000000  00008000  RWIX
  FLASHK                000b8000   00002000  00000000  00002000  RWIX
  FLASHL                000ba000   00002000  00000000  00002000  RWIX
  FLASHM                000bc000   00002000  00000000  00002000  RWIX
  FLASHN                000be000   00001ff0  00000000  00001ff0  RWIX
  RESET                 003fffc0   00000002  00000000  00000002  RWIX

PAGE 1:
  BOOT_RSVD             00000002   00000121  00000000  00000121  RWIX
  RAMM1                 00000400   000003f8  000003f8  00000000  RWIX
  ADCARESULT            00000b00   00000018  00000000  00000018  RWIX
  ADCBRESULT            00000b20   00000018  00000000  00000018  RWIX
  ADCCRESULT            00000b40   00000018  00000000  00000018  RWIX
  ADCDRESULT            00000b60   00000018  00000000  00000018  RWIX
  CPUTIMER0             00000c00   00000008  00000000  00000008  RWIX
  CPUTIMER1             00000c08   00000008  00000000  00000008  RWIX
  CPUTIMER2             00000c10   00000008  00000000  00000008  RWIX
  PIECTRL               00000ce0   0000001a  00000000  0000001a  RWIX
  PIEVECTTABLE          00000d00   00000200  00000000  00000200  RWIX
  DMA                   00001000   00000200  00000000  00000200  RWIX
  CLA1                  00001400   00000080  00000000  00000080  RWIX
  CLB1LOGICCFG          00003000   00000052  00000000  00000052  RWIX
  CLB1LOGICCTRL         00003100   00000040  00000000  00000040  RWIX
  CLB1DATAEXCH          00003200   00000200  00000000  00000200  RWIX
  CLB2LOGICCFG          00003400   00000052  00000000  00000052  RWIX
  CLB2LOGICCTRL         00003500   00000040  00000000  00000040  RWIX
  CLB2DATAEXCH          00003600   00000200  00000000  00000200  RWIX
  CLB3LOGICCFG          00003800   00000052  00000000  00000052  RWIX
  CLB3LOGICCTRL         00003900   00000040  00000000  00000040  RWIX
  CLB3DATAEXCH          00003a00   00000200  00000000  00000200  RWIX
  CLB4LOGICCFG          00003c00   00000052  00000000  00000052  RWIX
  CLB4LOGICCTRL         00003d00   00000040  00000000  00000040  RWIX
  CLB4DATAEXCH          00003e00   00000200  00000000  00000200  RWIX
  EPWM1                 00004000   00000100  00000000  00000100  RWIX
  EPWM2                 00004100   00000100  00000000  00000100  RWIX
  EPWM3                 00004200   00000100  00000000  00000100  RWIX
  EPWM4                 00004300   00000100  00000000  00000100  RWIX
  EPWM5                 00004400   00000100  00000000  00000100  RWIX
  EPWM6                 00004500   00000100  00000000  00000100  RWIX
  EPWM7                 00004600   00000100  00000000  00000100  RWIX
  EPWM8                 00004700   00000100  00000000  00000100  RWIX
  EPWM9                 00004800   00000100  00000000  00000100  RWIX
  EPWM10                00004900   00000100  00000000  00000100  RWIX
  EPWM11                00004a00   00000100  00000000  00000100  RWIX
  EPWM12                00004b00   00000100  00000000  00000100  RWIX
  ECAP1                 00005000   00000020  00000000  00000020  RWIX
  ECAP2                 00005020   00000020  00000000  00000020  RWIX
  ECAP3                 00005040   00000020  00000000  00000020  RWIX
  ECAP4                 00005060   00000020  00000000  00000020  RWIX
  ECAP5                 00005080   00000020  00000000  00000020  RWIX
  ECAP6                 000050a0   00000020  00000000  00000020  RWIX
  EQEP1                 00005100   00000022  00000000  00000022  RWIX
  EQEP2                 00005140   00000022  00000000  00000022  RWIX
  EQEP3                 00005180   00000022  00000000  00000022  RWIX
  DACA                  00005c00   00000008  00000000  00000008  RWIX
  DACB                  00005c10   00000008  00000000  00000008  RWIX
  DACC                  00005c20   00000008  00000000  00000008  RWIX
  CMPSS1                00005c80   00000020  00000000  00000020  RWIX
  CMPSS2                00005ca0   00000020  00000000  00000020  RWIX
  CMPSS3                00005cc0   00000020  00000000  00000020  RWIX
  CMPSS4                00005ce0   00000020  00000000  00000020  RWIX
  CMPSS5                00005d00   00000020  00000000  00000020  RWIX
  CMPSS6                00005d20   00000020  00000000  00000020  RWIX
  CMPSS7                00005d40   00000020  00000000  00000020  RWIX
  CMPSS8                00005d60   00000020  00000000  00000020  RWIX
  SDFM1                 00005e00   00000080  00000000  00000080  RWIX
  SDFM2                 00005e80   00000080  00000000  00000080  RWIX
  MCBSPA                00006000   00000024  00000000  00000024  RWIX
  MCBSPB                00006040   00000024  00000000  00000024  RWIX
  SPIA                  00006100   00000010  00000000  00000010  RWIX
  SPIB                  00006110   00000010  00000000  00000010  RWIX
  SPIC                  00006120   00000010  00000000  00000010  RWIX
  UPP                   00006200   00000048  00000000  00000048  RWIX
  WD                    00007000   0000002b  00000000  0000002b  RWIX
  NMIINTRUPT            00007060   00000007  00000000  00000007  RWIX
  XINT                  00007070   0000000b  00000000  0000000b  RWIX
  SCIA                  00007200   00000010  00000000  00000010  RWIX
  SCIB                  00007210   00000010  00000000  00000010  RWIX
  SCIC                  00007220   00000010  00000000  00000010  RWIX
  SCID                  00007230   00000010  00000000  00000010  RWIX
  I2CA                  00007300   00000022  00000000  00000022  RWIX
  I2CB                  00007340   00000022  00000000  00000022  RWIX
  ADCA                  00007400   00000080  00000000  00000080  RWIX
  ADCB                  00007480   00000080  00000000  00000080  RWIX
  ADCC                  00007500   00000080  00000000  00000080  RWIX
  ADCD                  00007580   00000080  00000000  00000080  RWIX
  INPUTXBAR             00007900   00000020  00000000  00000020  RWIX
  XBAR                  00007920   00000020  00000000  00000020  RWIX
  SYNCSOC               00007940   00000006  00000000  00000006  RWIX
  DMACLASRCSEL          00007980   0000001a  00000000  0000001a  RWIX
  EPWMXBAR              00007a00   00000040  00000000  00000040  RWIX
  CLBXBAR               00007a40   00000040  00000000  00000040  RWIX
  OUTPUTXBAR            00007a80   00000040  00000000  00000040  RWIX
  GPIOCTRL              00007c00   00000180  00000180  00000000  RWIX
  GPIODATA              00007f00   00000030  00000030  00000000  RWIX
  RAMLS5                0000a800   00000800  00000024  000007dc  RWIX
  RAMD1                 0000b800   00000800  00000000  00000800  RWIX
  RAMGS0                0000c000   00001000  00000000  00001000  RWIX
  RAMGS1                0000d000   00001000  00000000  00001000  RWIX
  RAMGS2                0000e000   00001000  00000000  00001000  RWIX
  RAMGS3                0000f000   00001000  00000000  00001000  RWIX
  RAMGS4                00010000   00001000  00000000  00001000  RWIX
  RAMGS5                00011000   00001000  00000000  00001000  RWIX
  RAMGS6                00012000   00001000  00000000  00001000  RWIX
  RAMGS7                00013000   00001000  00000000  00001000  RWIX
  RAMGS8                00014000   00001000  00000000  00001000  RWIX
  RAMGS9                00015000   00001000  00000000  00001000  RWIX
  RAMGS10               00016000   00001000  00000000  00001000  RWIX
  RAMGS11               00017000   00001000  00000000  00001000  RWIX
  RAMGS12               00018000   00001000  00000000  00001000  RWIX
  RAMGS13               00019000   00001000  00000000  00001000  RWIX
  CPU2TOCPU1RAM         0003f800   00000400  00000000  00000400  RWIX
  CPU1TOCPU2RAM         0003fc00   00000400  00000000  00000400  RWIX
  EMIF1                 00047000   00000070  00000000  00000070  RWIX
  EMIF2                 00047800   00000070  00000000  00000070  RWIX
  CANA                  00048000   00000200  00000000  00000200  RWIX
  CANB                  0004a000   00000200  00000000  00000200  RWIX
  IPC                   00050000   00000024  00000000  00000024  RWIX
  FLASHPUMPSEMAPHORE    00050024   00000002  00000000  00000002  RWIX
  DEVCFG                0005d000   0000012e  00000000  0000012e  RWIX
  ANALOGSUBSYS          0005d180   00000048  00000000  00000048  RWIX
  CLKCFG                0005d200   00000032  00000000  00000032  RWIX
  CPUSYS                0005d300   00000082  00000000  00000082  RWIX
  ROMPREFETCH           0005e608   00000002  00000000  00000002  RWIX
  DCSMZ1                0005f000   00000024  00000000  00000024  RWIX
  DCSMZ2                0005f040   00000024  00000000  00000024  RWIX
  DCSMCOMMON            0005f070   00000008  00000000  00000008  RWIX
  MEMCFG                0005f400   00000080  00000000  00000080  RWIX
  EMIF1CONFIG           0005f480   00000020  00000000  00000020  RWIX
  EMIF2CONFIG           0005f4a0   00000020  00000000  00000020  RWIX
  ACCESSPROTECTION      0005f4c0   00000040  00000000  00000040  RWIX
  MEMORYERROR           0005f500   00000040  00000000  00000040  RWIX
  ROMWAITSTATE          0005f540   00000002  00000000  00000002  RWIX
  FLASH0CTRL            0005f800   00000182  00000000  00000182  RWIX
  FLASH0ECC             0005fb00   00000028  00000000  00000028  RWIX
  UID                   000703c0   00000010  00000000  00000010  RWIX


SECTION ALLOCATION MAP

 output                                  attributes/
section   page    origin      length       input sections
--------  ----  ----------  ----------   ----------------
codestart 
*          0    00080000    00000002     
                  00080000    00000002     F2837xD_CodeStartBranch.obj (codestart)

.cinit     0    00084000    00000020     
                  00084000    0000000d     (.cinit..data.load) [load image, compression = lzss]
                  0008400d    00000001     --HOLE-- [fill = 0]
                  0008400e    00000006     (__TI_handler_table)
                  00084014    00000004     (.cinit..bss.load) [load image, compression = zero_init]
                  00084018    00000008     (__TI_cinit_table)

.stack     1    00000400    000003f8     UNINITIALIZED
                  00000400    000003f8     --HOLE--

.reset     0    003fffc0    00000000     DSECT

.init_array 
*          0    00082000    00000000     UNINITIALIZED

.bss       1    0000a81a    0000000a     UNINITIALIZED
                  0000a81a    00000008     5_CAN_Transmit_Receive.obj (.bss:txMsgData)
                  0000a822    00000002     5_CAN_Transmit_Receive.obj (.bss)

.data      1    0000a800    0000001a     UNINITIALIZED
                  0000a800    0000000a     5_CAN_Transmit_Receive.obj (.data)
                  0000a80a    00000006     device.obj (.data)
                  0000a810    00000006     rts2800_fpu32_eabi.lib : exit.c.obj (.data)
                  0000a816    00000002                            : _lock.c.obj (.data:_lock)
                  0000a818    00000002                            : _lock.c.obj (.data:_unlock)

.const     0    00090000    00000459     
                  00090000    000001c0     F2837xD_PieVect_Modified.obj (.const:PieVectTableInit)
                  000901c0    000000c2     driverlib_eabi.lib : sysctl.obj (.const:.string)
                  00090282    000000bf                        : flash.obj (.const:.string)
                  00090341    00000001     --HOLE-- [fill = 0]
                  00090342    000000bb                        : can.obj (.const:.string)
                  000903fd    00000001     --HOLE-- [fill = 0]
                  000903fe    00000048     5_CAN_Transmit_Receive.obj (.const:.string)
                  00090446    00000013     device.obj (.const:.string)

.TI.ramfunc 
*          0    00086000    000001ab     RUN ADDR = 00008000
                  00086000    00000083     5_CAN_Transmit_Receive.obj (.TI.ramfunc:CanaISR)
                  00086083    00000043     driverlib_eabi.lib : flash.obj (.TI.ramfunc:Flash_initModule)
                  000860c6    0000002c                        : flash.obj (.TI.ramfunc:Flash_setBankPowerMode)
                  000860f2    00000024                        : flash.obj (.TI.ramfunc:Flash_setWaitstates)
                  00086116    0000001d                        : flash.obj (.TI.ramfunc:Flash_setPumpPowerMode)
                  00086133    00000018                        : flash.obj (.TI.ramfunc:Flash_disableCache)
                  0008614b    00000018                        : flash.obj (.TI.ramfunc:Flash_disablePrefetch)
                  00086163    00000017                        : flash.obj (.TI.ramfunc:Flash_enableCache)
                  0008617a    00000017                        : flash.obj (.TI.ramfunc:Flash_enablePrefetch)
                  00086191    00000016                        : flash.obj (.TI.ramfunc:Flash_enableECC)
                  000861a7    00000004                        : sysctl.obj (.TI.ramfunc)

GETBUFFER 
*          0    0003f800    00000000     DSECT

GETWRITEIDX 
*          0    0003f800    00000000     DSECT

PUTREADIDX 
*          0    0003f800    00000000     DSECT

GpioCtrlRegsFile 
*          1    00007c00    00000180     UNINITIALIZED
                  00007c00    00000180     F2837xD_GlobalVariableDefs.obj (GpioCtrlRegsFile)

GpioDataRegsFile 
*          1    00007f00    00000030     UNINITIALIZED
                  00007f00    00000030     F2837xD_GlobalVariableDefs.obj (GpioDataRegsFile)

.text      0    00082000    00000e91     
                  00082000    00000209     driverlib_eabi.lib : sysctl.obj (.text:SysCtl_setClock)
                  00082209    00000106     5_CAN_Transmit_Receive.obj (.text:main)
                  0008230f    000000eb     device.obj (.text:Device_enableAllPeripherals)
                  000823fa    000000db     driverlib_eabi.lib : can.obj (.text:CAN_setupMessageObject)
                  000824d5    00000090                        : sysctl.obj (.text:SysCtl_selectXTAL)
                  00082565    00000088     rts2800_fpu32_eabi.lib : fs_div28.asm.obj (.text)
                  000825ed    00000072     driverlib_eabi.lib : can.obj (.text:CAN_sendMessage)
                  0008265f    00000068                        : sysctl.obj (.text:SysCtl_getDeviceParametric)
                  000826c7    00000064                        : can.obj (.text:CAN_setBitTiming)
                  0008272b    00000061                        : can.obj (.text:CAN_setBitRate)
                  0008278c    00000056     5_CAN_Transmit_Receive.obj (.text:InitLedGpioPorts)
                  000827e2    00000055     device.obj (.text:Device_init)
                  00082837    00000051     driverlib_eabi.lib : sysctl.obj (.text:SysCtl_getClock)
                  00082888    00000048                        : sysctl.obj (.text:SysCtl_selectOscSource)
                  000828d0    00000046                        : can.obj (.text:CAN_clearInterruptStatus)
                  00082916    0000003d                        : interrupt.obj (.text:Interrupt_initModule)
                  00082953    00000037                        : gpio.obj (.text:GPIO_setPinConfig)
                  0008298a    00000037                        : interrupt.obj (.text:Interrupt_enable)
                  000829c1    00000031     device.obj (.text:Device_configureTMXAnalogTrim)
                  000829f2    00000030     rts2800_fpu32_eabi.lib : copy_decompress_lzss.c.obj (.text:decompress:lzss)
                  00082a22    0000002b                            : autoinit.c.obj (.text:__TI_auto_init_nobinit_nopinit)
                  00082a4d    00000029                            : exit.c.obj (.text)
                  00082a76    00000028     driverlib_eabi.lib : sysctl.obj (.text:CPUTimer_selectClockSource)
                  00082a9e    00000026                        : flash.obj (.text:Flash_setBankPowerUpDelay)
                  00082ac4    00000022     5_CAN_Transmit_Receive.obj (.text:CAN_enableInterrupt)
                  00082ae6    00000022     driverlib_eabi.lib : can.obj (.text:CAN_writeDataReg)
                  00082b08    00000021     device.obj (.text:Device_initGPIO)
                  00082b29    0000001f     driverlib_eabi.lib : sysctl.obj (.text:CPUTimer_getTimerOverflowStatus)
                  00082b48    0000001e                        : interrupt.obj (.text:Interrupt_initVectorTable)
                  00082b66    0000001d     5_CAN_Transmit_Receive.obj (.text:CAN_clearGlobalInterruptStatus)
                  00082b83    0000001d     5_CAN_Transmit_Receive.obj (.text:CAN_enableGlobalInterrupt)
                  00082ba0    0000001d     device.obj (.text:Device_enableUnbondedGPIOPullupsFor100Pin)
                  00082bbd    0000001d     rts2800_fpu32_eabi.lib : memcpy.c.obj (.text)
                  00082bda    0000001c     driverlib_eabi.lib : can.obj (.text:CAN_initModule)
                  00082bf6    0000001a                        : can.obj (.text:CAN_initRAM)
                  00082c10    0000001a                        : sysctl.obj (.text:CPUTimer_startTimer)
                  00082c2a    0000001a                        : sysctl.obj (.text:SysCtl_getLowSpeedClock)
                  00082c44    00000018     device.obj (.text:SysCtl_disablePeripheral)
                  00082c5c    00000017     driverlib_eabi.lib : sysctl.obj (.text:CPUTimer_isBaseValid)
                  00082c73    00000017     device.obj (.text:SysCtl_enablePeripheral)
                  00082c8a    00000017     rts2800_fpu32_eabi.lib : boot28.asm.obj (.text)
                  00082ca1    00000016     device.obj (.text:Device_enableUnbondedGPIOPullups)
                  00082cb7    00000016     driverlib_eabi.lib : interrupt.obj (.text:Interrupt_defaultHandler)
                  00082ccd    00000015     5_CAN_Transmit_Receive.obj (.text:CAN_isBaseValid)
                  00082ce2    00000015     driverlib_eabi.lib : can.obj (.text:CAN_isBaseValid)
                  00082cf7    00000015     device.obj (.text:GPIO_unlockPortConfig)
                  00082d0c    00000014     driverlib_eabi.lib : sysctl.obj (.text:CPUTimer_stopTimer)
                  00082d20    00000013     device.obj (.text:Device_enableUnbondedGPIOPullupsFor176Pin)
                  00082d33    00000012     5_CAN_Transmit_Receive.obj (.text:CAN_getInterruptCause)
                  00082d45    00000012     driverlib_eabi.lib : sysctl.obj (.text:CPUTimer_clearOverflowFlag)
                  00082d57    00000012                        : sysctl.obj (.text:CPUTimer_disableInterrupt)
                  00082d69    00000011     5_CAN_Transmit_Receive.obj (.text:CAN_startModule)
                  00082d7a    00000011     driverlib_eabi.lib : sysctl.obj (.text:CPUTimer_setPeriod)
                  00082d8b    00000010     5_CAN_Transmit_Receive.obj (.text:CAN_getStatus)
                  00082d9b    00000010     driverlib_eabi.lib : flash.obj (.text:Flash_isCtrlBaseValid)
                  00082dab    00000010                        : flash.obj (.text:Flash_isECCBaseValid)
                  00082dbb    00000010     5_CAN_Transmit_Receive.obj (.text:Interrupt_register)
                  00082dcb    0000000f     driverlib_eabi.lib : sysctl.obj (.text:SysCtl_pollCpuTimer)
                  00082dda    0000000d                        : interrupt.obj (.text:Interrupt_disableGlobal)
                  00082de7    0000000d                        : interrupt.obj (.text:Interrupt_enableGlobal)
                  00082df4    0000000d     device.obj (.text:SysCtl_setLowSpeedClock)
                  00082e01    0000000d     rts2800_fpu32_eabi.lib : copy_zero_init.c.obj (.text:decompress:ZI:__TI_zero_init_nomemset)
                  00082e0e    0000000c                            : args_main.c.obj (.text)
                  00082e1a    0000000b     device.obj (.text:SysCtl_disableWatchdog)
                  00082e25    0000000b     driverlib_eabi.lib : sysctl.obj (.text:SysCtl_isMCDClockFailureDetected)
                  00082e30    0000000a                        : interrupt.obj (.text:Interrupt_illegalOperationHandler)
                  00082e3a    0000000a                        : interrupt.obj (.text:Interrupt_nmiHandler)
                  00082e44    0000000a     F2837xD_DefaultISR_Modified.obj (.text:NOTUSED_ISR)
                  00082e4e    0000000a     F2837xD_DefaultISR_Modified.obj (.text:PIE_RESERVED_ISR)
                  00082e58    00000009     driverlib_eabi.lib : sysctl.obj (.text:SysCtl_serviceWatchdog)
                  00082e61    00000009     rts2800_fpu32_eabi.lib : _lock.c.obj (.text)
                  00082e6a    00000008     F2837xD_CodeStartBranch.obj (.text)
                  00082e72    00000008     rts2800_fpu32_eabi.lib : copy_decompress_none.c.obj (.text:decompress:none)
                  00082e7a    00000007     driverlib_eabi.lib : sysctl.obj (.text:SysCtl_resetMCD)
                  00082e81    00000007     device.obj (.text:__error__)
                  00082e88    00000006     5_CAN_Transmit_Receive.obj (.text:Interrupt_clearACKGroup)
                  00082e8e    00000002     rts2800_fpu32_eabi.lib : pre_init.c.obj (.text)
                  00082e90    00000001                            : startup.c.obj (.text)

MODULE SUMMARY

       Module                            code   ro data   rw data
       ------                            ----   -------   -------
    .\
       5_CAN_Transmit_Receive.obj        796    72        20     
       F2837xD_PieVect_Modified.obj      0      448       0      
       F2837xD_GlobalVariableDefs.obj    0      0         432    
       F2837xD_DefaultISR_Modified.obj   20     0         0      
       F2837xD_CodeStartBranch.obj       10     0         0      
    +--+---------------------------------+------+---------+---------+
       Total:                            826    520       452    
                                                                 
    .\device\
       device.obj                        571    19        6      
    +--+---------------------------------+------+---------+---------+
       Total:                            571    19        6      
                                                                 
    ..\driverlib_eabi.lib
       sysctl.obj                        1191   194       0      
       can.obj                           709    187       0      
       flash.obj                         654    191       0      
       interrupt.obj                     214    0         0      
       gpio.obj                          55     0         0      
    +--+---------------------------------+------+---------+---------+
       Total:                            2823   572       0      
                                                                 
    C:\ti\ccs1270\ccs\tools\compiler\ti-cgt-c2000_22.6.1.LTS\lib\rts2800_fpu32_eabi.lib
       fs_div28.asm.obj                  136    0         0      
       copy_decompress_lzss.c.obj        48     0         0      
       exit.c.obj                        41     0         6      
       autoinit.c.obj                    43     0         0      
       memcpy.c.obj                      29     0         0      
       boot28.asm.obj                    23     0         0      
       _lock.c.obj                       9      0         4      
       copy_zero_init.c.obj              13     0         0      
       args_main.c.obj                   12     0         0      
       copy_decompress_none.c.obj        8      0         0      
       pre_init.c.obj                    2      0         0      
       startup.c.obj                     1      0         0      
    +--+---------------------------------+------+---------+---------+
       Total:                            365    0         10     
                                                                 
       Stack:                            0      0         1016   
       Linker Generated:                 0      31        0      
    +--+---------------------------------+------+---------+---------+
       Grand Total:                      4585   1142      1484   


LINKER GENERATED COPY TABLES

__TI_cinit_table @ 00084018 records: 2, size/record: 4, table size: 8
	.data: load addr=00084000, load size=0000000d bytes, run addr=0000a800, run size=0000001a bytes, compression=lzss
	.bss: load addr=00084014, load size=00000004 bytes, run addr=0000a81a, run size=0000000a bytes, compression=zero_init


LINKER GENERATED HANDLER TABLE

__TI_handler_table @ 0008400e records: 3, size/record: 2, table size: 6
	index: 0, handler: __TI_zero_init
	index: 1, handler: __TI_decompress_lzss
	index: 2, handler: __TI_decompress_none


GLOBAL DATA SYMBOLS: SORTED BY DATA PAGE

address     data page           name
--------    ----------------    ----
00000400      10 (00000400)     __stack

00007c00     1f0 (00007c00)     GpioCtrlRegs

00007f00     1fc (00007f00)     GpioDataRegs

0000a800     2a0 (0000a800)     txMsgCount
0000a802     2a0 (0000a800)     txMsgSuccessful
0000a804     2a0 (0000a800)     errorFlag
0000a806     2a0 (0000a800)     errorCounter
0000a808     2a0 (0000a800)     LedIndicator
0000a80a     2a0 (0000a800)     Example_Result
0000a80c     2a0 (0000a800)     Example_PassCount
0000a80e     2a0 (0000a800)     Example_Fail
0000a810     2a0 (0000a800)     __TI_enable_exit_profile_output
0000a812     2a0 (0000a800)     __TI_cleanup_ptr
0000a814     2a0 (0000a800)     __TI_dtors_ptr
0000a816     2a0 (0000a800)     _lock
0000a818     2a0 (0000a800)     _unlock
0000a81a     2a0 (0000a800)     txMsgData
0000a822     2a0 (0000a800)     i

00090000    2400 (00090000)     PieVectTableInit


GLOBAL SYMBOLS: SORTED ALPHABETICALLY BY Name 

page  address   name                                     
----  -------   ----                                     
0     00082a4d  C$$EXIT                                  
0     000828d0  CAN_clearInterruptStatus                 
0     00082bda  CAN_initModule                           
0     000825ed  CAN_sendMessage                          
0     0008272b  CAN_setBitRate                           
0     000826c7  CAN_setBitTiming                         
0     000823fa  CAN_setupMessageObject                   
0     00008000  CanaISR                                  
0     000829c1  Device_configureTMXAnalogTrim            
0     0008230f  Device_enableAllPeripherals              
0     00082ca1  Device_enableUnbondedGPIOPullups         
0     00082ba0  Device_enableUnbondedGPIOPullupsFor100Pin
0     00082d20  Device_enableUnbondedGPIOPullupsFor176Pin
0     000827e2  Device_init                              
0     00082b08  Device_initGPIO                          
1     0000a80e  Example_Fail                             
1     0000a80c  Example_PassCount                        
1     0000a80a  Example_Result                           
0     00008083  Flash_initModule                         
0     00082953  GPIO_setPinConfig                        
1     00007c00  GpioCtrlRegs                             
1     00007f00  GpioDataRegs                             
0     0008278c  InitLedGpioPorts                         
0     00082cb7  Interrupt_defaultHandler                 
0     0008298a  Interrupt_enable                         
0     00082e30  Interrupt_illegalOperationHandler        
0     00082916  Interrupt_initModule                     
0     00082b48  Interrupt_initVectorTable                
0     00082e3a  Interrupt_nmiHandler                     
1     0000a808  LedIndicator                             
0     00082e44  NOTUSED_ISR                              
0     00082e4e  PIE_RESERVED_ISR                         
0     00090000  PieVectTableInit                         
0     000861ab  RamfuncsLoadEnd                          
abs   000001ab  RamfuncsLoadSize                         
0     00086000  RamfuncsLoadStart                        
0     000081ab  RamfuncsRunEnd                           
abs   000001ab  RamfuncsRunSize                          
0     00008000  RamfuncsRunStart                         
0     000081a7  SysCtl_delay                             
0     00082837  SysCtl_getClock                          
0     0008265f  SysCtl_getDeviceParametric               
0     00082c2a  SysCtl_getLowSpeedClock                  
0     00082888  SysCtl_selectOscSource                   
0     000824d5  SysCtl_selectXTAL                        
0     00082000  SysCtl_setClock                          
0     00084018  __TI_CINIT_Base                          
0     00084020  __TI_CINIT_Limit                         
0     00084020  __TI_CINIT_Warm                          
0     0008400e  __TI_Handler_Table_Base                  
0     00084014  __TI_Handler_Table_Limit                 
1     000007f8  __TI_STACK_END                           
abs   000003f8  __TI_STACK_SIZE                          
0     00082a22  __TI_auto_init_nobinit_nopinit           
1     0000a812  __TI_cleanup_ptr                         
0     000829f2  __TI_decompress_lzss                     
0     00082e72  __TI_decompress_none                     
1     0000a814  __TI_dtors_ptr                           
1     0000a810  __TI_enable_exit_profile_output          
abs   ffffffff  __TI_pprof_out_hndl                      
abs   ffffffff  __TI_prof_data_size                      
abs   ffffffff  __TI_prof_data_start                     
0     00082e01  __TI_zero_init_nomemset                  
0     00082565  __c28xabi_divf                           
n/a   UNDEFED   __c_args__                               
0     00082e81  __error__                                
1     00000400  __stack                                  
0     00082e0e  _args_main                               
0     00082c8a  _c_int00                                 
1     0000a816  _lock                                    
0     00082e69  _nop                                     
0     00082e65  _register_lock                           
0     00082e61  _register_unlock                         
0     00082e90  _system_post_cinit                       
0     00082e8e  _system_pre_init                         
1     0000a818  _unlock                                  
0     00082a4d  abort                                    
0     00080000  code_start                               
1     0000a806  errorCounter                             
1     0000a804  errorFlag                                
0     00082a4f  exit                                     
1     0000a822  i                                        
0     00082209  main                                     
0     00082bbd  memcpy                                   
1     0000a800  txMsgCount                               
1     0000a81a  txMsgData                                
1     0000a802  txMsgSuccessful                          


GLOBAL SYMBOLS: SORTED BY Symbol Address 

page  address   name                                     
----  -------   ----                                     
0     00008000  CanaISR                                  
0     00008000  RamfuncsRunStart                         
0     00008083  Flash_initModule                         
0     000081a7  SysCtl_delay                             
0     000081ab  RamfuncsRunEnd                           
0     00080000  code_start                               
0     00082000  SysCtl_setClock                          
0     00082209  main                                     
0     0008230f  Device_enableAllPeripherals              
0     000823fa  CAN_setupMessageObject                   
0     000824d5  SysCtl_selectXTAL                        
0     00082565  __c28xabi_divf                           
0     000825ed  CAN_sendMessage                          
0     0008265f  SysCtl_getDeviceParametric               
0     000826c7  CAN_setBitTiming                         
0     0008272b  CAN_setBitRate                           
0     0008278c  InitLedGpioPorts                         
0     000827e2  Device_init                              
0     00082837  SysCtl_getClock                          
0     00082888  SysCtl_selectOscSource                   
0     000828d0  CAN_clearInterruptStatus                 
0     00082916  Interrupt_initModule                     
0     00082953  GPIO_setPinConfig                        
0     0008298a  Interrupt_enable                         
0     000829c1  Device_configureTMXAnalogTrim            
0     000829f2  __TI_decompress_lzss                     
0     00082a22  __TI_auto_init_nobinit_nopinit           
0     00082a4d  C$$EXIT                                  
0     00082a4d  abort                                    
0     00082a4f  exit                                     
0     00082b08  Device_initGPIO                          
0     00082b48  Interrupt_initVectorTable                
0     00082ba0  Device_enableUnbondedGPIOPullupsFor100Pin
0     00082bbd  memcpy                                   
0     00082bda  CAN_initModule                           
0     00082c2a  SysCtl_getLowSpeedClock                  
0     00082c8a  _c_int00                                 
0     00082ca1  Device_enableUnbondedGPIOPullups         
0     00082cb7  Interrupt_defaultHandler                 
0     00082d20  Device_enableUnbondedGPIOPullupsFor176Pin
0     00082e01  __TI_zero_init_nomemset                  
0     00082e0e  _args_main                               
0     00082e30  Interrupt_illegalOperationHandler        
0     00082e3a  Interrupt_nmiHandler                     
0     00082e44  NOTUSED_ISR                              
0     00082e4e  PIE_RESERVED_ISR                         
0     00082e61  _register_unlock                         
0     00082e65  _register_lock                           
0     00082e69  _nop                                     
0     00082e72  __TI_decompress_none                     
0     00082e81  __error__                                
0     00082e8e  _system_pre_init                         
0     00082e90  _system_post_cinit                       
0     0008400e  __TI_Handler_Table_Base                  
0     00084014  __TI_Handler_Table_Limit                 
0     00084018  __TI_CINIT_Base                          
0     00084020  __TI_CINIT_Limit                         
0     00084020  __TI_CINIT_Warm                          
0     00086000  RamfuncsLoadStart                        
0     000861ab  RamfuncsLoadEnd                          
0     00090000  PieVectTableInit                         
1     00000400  __stack                                  
1     000007f8  __TI_STACK_END                           
1     00007c00  GpioCtrlRegs                             
1     00007f00  GpioDataRegs                             
1     0000a800  txMsgCount                               
1     0000a802  txMsgSuccessful                          
1     0000a804  errorFlag                                
1     0000a806  errorCounter                             
1     0000a808  LedIndicator                             
1     0000a80a  Example_Result                           
1     0000a80c  Example_PassCount                        
1     0000a80e  Example_Fail                             
1     0000a810  __TI_enable_exit_profile_output          
1     0000a812  __TI_cleanup_ptr                         
1     0000a814  __TI_dtors_ptr                           
1     0000a816  _lock                                    
1     0000a818  _unlock                                  
1     0000a81a  txMsgData                                
1     0000a822  i                                        
abs   000001ab  RamfuncsLoadSize                         
abs   000001ab  RamfuncsRunSize                          
abs   000003f8  __TI_STACK_SIZE                          
abs   ffffffff  __TI_pprof_out_hndl                      
abs   ffffffff  __TI_prof_data_size                      
abs   ffffffff  __TI_prof_data_start                     
n/a   UNDEFED   __c_args__                               

[87 symbols]
